[0.044s] Invoking command in '/home/sunrise/xgo_demo/src/build/xgo_device': CMAKE_PREFIX_PATH=${CMAKE_PREFIX_PATH}:/home/sunrise/xgo_demo/install/xgo_display:/opt/tros/humble:/opt/ros/humble /usr/bin/cmake /home/sunrise/xgo_demo/src/xgo_device -DCMAKE_INSTALL_PREFIX=/home/sunrise/xgo_demo/src/install/xgo_device
[0.539s] -- The C compiler identification is GNU 11.2.0
[0.834s] -- The CXX compiler identification is GNU 11.2.0
[0.867s] -- Detecting C compiler ABI info
[1.175s] -- Detecting C compiler ABI info - done
[1.225s] -- Check for working C compiler: /usr/bin/cc - skipped
[1.228s] -- Detecting C compile features
[1.231s] -- Detecting C compile features - done
[1.247s] -- Detecting CXX compiler ABI info
[1.596s] -- Detecting CXX compiler ABI info - done
[1.649s] -- Check for working CXX compiler: /usr/bin/c++ - skipped
[1.650s] -- Detecting CXX compile features
[1.653s] -- Detecting CXX compile features - done
[1.667s] -- Found ament_cmake: 1.3.11 (/opt/ros/humble/share/ament_cmake/cmake)
[2.600s] -- Found Python3: /usr/bin/python3 (found version "3.10.12") found components: Interpreter 
[3.124s] -- Found rclcpp: 16.0.12 (/opt/ros/humble/share/rclcpp/cmake)
[3.323s] -- Found rosidl_generator_c: 3.1.6 (/opt/ros/humble/share/rosidl_generator_c/cmake)
[3.350s] -- Found rosidl_adapter: 3.1.6 (/opt/ros/humble/share/rosidl_adapter/cmake)
[3.394s] -- Found rosidl_generator_cpp: 3.1.6 (/opt/ros/humble/share/rosidl_generator_cpp/cmake)
[3.464s] -- Using all available rosidl_typesupport_c: rosidl_typesupport_fastrtps_c;rosidl_typesupport_introspection_c
[3.555s] -- Using all available rosidl_typesupport_cpp: rosidl_typesupport_fastrtps_cpp;rosidl_typesupport_introspection_cpp
[3.801s] -- Found rmw_implementation_cmake: 6.1.2 (/opt/ros/humble/share/rmw_implementation_cmake/cmake)
[3.815s] -- Found rmw_fastrtps_cpp: 6.2.8 (/opt/ros/humble/share/rmw_fastrtps_cpp/cmake)
[4.154s] -- Found OpenSSL: /usr/lib/aarch64-linux-gnu/libcrypto.so (found version "3.0.2")  
[4.272s] -- Found FastRTPS: /opt/ros/humble/include  
[4.443s] -- Using RMW implementation 'rmw_fastrtps_cpp' as default
[4.483s] -- Looking for pthread.h
[4.813s] -- Looking for pthread.h - found
[4.814s] -- Performing Test CMAKE_HAVE_LIBC_PTHREAD
[5.135s] -- Performing Test CMAKE_HAVE_LIBC_PTHREAD - Success
[5.140s] -- Found Threads: TRUE  
[5.453s] -- Found xgolib: 1.0.0 (/home/sunrise/xgo_demo/install/xgolib/share/xgolib/cmake)
[6.114s] -- Configuring done
[6.154s] -- Generating done
[6.172s] -- Build files have been written to: /home/sunrise/xgo_demo/src/build/xgo_device
[6.233s] Invoked command in '/home/sunrise/xgo_demo/src/build/xgo_device' returned '0': CMAKE_PREFIX_PATH=${CMAKE_PREFIX_PATH}:/home/sunrise/xgo_demo/install/xgo_display:/opt/tros/humble:/opt/ros/humble /usr/bin/cmake /home/sunrise/xgo_demo/src/xgo_device -DCMAKE_INSTALL_PREFIX=/home/sunrise/xgo_demo/src/install/xgo_device
[6.241s] Invoking command in '/home/sunrise/xgo_demo/src/build/xgo_device': CMAKE_PREFIX_PATH=${CMAKE_PREFIX_PATH}:/home/sunrise/xgo_demo/install/xgo_display:/opt/tros/humble:/opt/ros/humble /usr/bin/cmake --build /home/sunrise/xgo_demo/src/build/xgo_device -- -j4 -l4
[6.411s] [ 50%] [32mBuilding CXX object CMakeFiles/device_info_node.dir/src/device_info_node.cpp.o[0m
[31.647s] [100%] [32m[1mLinking CXX executable device_info_node[0m
[33.404s] [100%] Built target device_info_node
[33.444s] Invoked command in '/home/sunrise/xgo_demo/src/build/xgo_device' returned '0': CMAKE_PREFIX_PATH=${CMAKE_PREFIX_PATH}:/home/sunrise/xgo_demo/install/xgo_display:/opt/tros/humble:/opt/ros/humble /usr/bin/cmake --build /home/sunrise/xgo_demo/src/build/xgo_device -- -j4 -l4
[33.479s] Invoking command in '/home/sunrise/xgo_demo/src/build/xgo_device': CMAKE_PREFIX_PATH=${CMAKE_PREFIX_PATH}:/home/sunrise/xgo_demo/install/xgo_display:/opt/tros/humble:/opt/ros/humble /usr/bin/cmake --install /home/sunrise/xgo_demo/src/build/xgo_device
[33.506s] -- Install configuration: ""
[33.508s] -- Installing: /home/sunrise/xgo_demo/src/install/xgo_device/lib/xgo_device/device_info_node
[33.514s] -- Set runtime path of "/home/sunrise/xgo_demo/src/install/xgo_device/lib/xgo_device/device_info_node" to ""
[33.515s] -- Installing: /home/sunrise/xgo_demo/src/install/xgo_device/share/ament_index/resource_index/package_run_dependencies/xgo_device
[33.516s] -- Installing: /home/sunrise/xgo_demo/src/install/xgo_device/share/ament_index/resource_index/parent_prefix_path/xgo_device
[33.517s] -- Installing: /home/sunrise/xgo_demo/src/install/xgo_device/share/xgo_device/environment/ament_prefix_path.sh
[33.518s] -- Installing: /home/sunrise/xgo_demo/src/install/xgo_device/share/xgo_device/environment/ament_prefix_path.dsv
[33.518s] -- Installing: /home/sunrise/xgo_demo/src/install/xgo_device/share/xgo_device/environment/path.sh
[33.519s] -- Installing: /home/sunrise/xgo_demo/src/install/xgo_device/share/xgo_device/environment/path.dsv
[33.520s] -- Installing: /home/sunrise/xgo_demo/src/install/xgo_device/share/xgo_device/local_setup.bash
[33.521s] -- Installing: /home/sunrise/xgo_demo/src/install/xgo_device/share/xgo_device/local_setup.sh
[33.522s] -- Installing: /home/sunrise/xgo_demo/src/install/xgo_device/share/xgo_device/local_setup.zsh
[33.523s] -- Installing: /home/sunrise/xgo_demo/src/install/xgo_device/share/xgo_device/local_setup.dsv
[33.523s] -- Installing: /home/sunrise/xgo_demo/src/install/xgo_device/share/xgo_device/package.dsv
[33.524s] -- Installing: /home/sunrise/xgo_demo/src/install/xgo_device/share/ament_index/resource_index/packages/xgo_device
[33.525s] -- Installing: /home/sunrise/xgo_demo/src/install/xgo_device/share/xgo_device/cmake/xgo_deviceConfig.cmake
[33.526s] -- Installing: /home/sunrise/xgo_demo/src/install/xgo_device/share/xgo_device/cmake/xgo_deviceConfig-version.cmake
[33.526s] -- Installing: /home/sunrise/xgo_demo/src/install/xgo_device/share/xgo_device/package.xml
[33.533s] Invoked command in '/home/sunrise/xgo_demo/src/build/xgo_device' returned '0': CMAKE_PREFIX_PATH=${CMAKE_PREFIX_PATH}:/home/sunrise/xgo_demo/install/xgo_display:/opt/tros/humble:/opt/ros/humble /usr/bin/cmake --install /home/sunrise/xgo_demo/src/build/xgo_device
