-- Found ament_cmake: 1.3.11 (/opt/ros/humble/share/ament_cmake/cmake)
-- Override CMake install command with custom implementation using symlinks instead of copying resources
-- Found std_msgs: 4.8.0 (/opt/ros/humble/share/std_msgs/cmake)
-- Found rosidl_generator_c: 3.1.6 (/opt/ros/humble/share/rosidl_generator_c/cmake)
-- Found rosidl_adapter: 3.1.6 (/opt/ros/humble/share/rosidl_adapter/cmake)
-- Found rosidl_generator_cpp: 3.1.6 (/opt/ros/humble/share/rosidl_generator_cpp/cmake)
-- Using all available rosidl_typesupport_c: rosidl_typesupport_fastrtps_c;rosidl_typesupport_introspection_c
-- Using all available rosidl_typesupport_cpp: rosidl_typesupport_fastrtps_cpp;rosidl_typesupport_introspection_cpp
-- Found rclcpp: 16.0.12 (/opt/ros/humble/share/rclcpp/cmake)
-- Found rmw_implementation_cmake: 6.1.2 (/opt/ros/humble/share/rmw_implementation_cmake/cmake)
-- Found rmw_fastrtps_cpp: 6.2.7 (/opt/ros/humble/share/rmw_fastrtps_cpp/cmake)
-- Using RMW implementation 'rmw_fastrtps_cpp' as default
-- Found sensor_msgs: 4.8.0 (/opt/ros/humble/share/sensor_msgs/cmake)
-- Found ai_msgs: 2.0.1 (/opt/tros/humble/share/ai_msgs/cmake)
-- Found hbm_img_msgs: 2.0.0 (/opt/tros/humble/share/hbm_img_msgs/cmake)
-- Found audio_msg: 2.0.0 (/opt/tros/humble/share/audio_msg/cmake)
-- Found xgolib: 1.0.0 (/home/sunrise/xgo_demo/install/xgolib/share/xgolib/cmake)
-- Found xgoscreen: 0.0.1 (/home/sunrise/xgo_demo/install/xgoscreen/share/xgoscreen/cmake)
-- Configuring done
-- Generating done
-- Build files have been written to: /home/sunrise/xgo_demo/build/xgo_head
[  5%] [34m[1mGenerating ui_mainwindow.h[0m
[ 10%] [34m[1mGenerating include/moc_mainwindow.cpp[0m
