-- The C compiler identification is GNU 11.2.0
-- The CXX compiler identification is GNU 11.2.0
-- Detecting C compiler ABI info
-- Detecting C compiler ABI info - done
-- Check for working C compiler: /usr/bin/cc - skipped
-- Detecting C compile features
-- Detecting C compile features - done
-- Detecting CXX compiler ABI info
-- Detecting CXX compiler ABI info - done
-- Check for working CXX compiler: /usr/bin/c++ - skipped
-- Detecting CXX compile features
-- Detecting CXX compile features - done
-- Found ament_cmake: 1.3.11 (/opt/ros/humble/share/ament_cmake/cmake)
-- Found Python3: /usr/bin/python3 (found version "3.10.12") found components: Interpreter 
-- Found rclcpp: 16.0.12 (/opt/ros/humble/share/rclcpp/cmake)
-- Found rosidl_generator_c: 3.1.6 (/opt/ros/humble/share/rosidl_generator_c/cmake)
-- Found rosidl_adapter: 3.1.6 (/opt/ros/humble/share/rosidl_adapter/cmake)
-- Found rosidl_generator_cpp: 3.1.6 (/opt/ros/humble/share/rosidl_generator_cpp/cmake)
-- Using all available rosidl_typesupport_c: rosidl_typesupport_fastrtps_c;rosidl_typesupport_introspection_c
-- Using all available rosidl_typesupport_cpp: rosidl_typesupport_fastrtps_cpp;rosidl_typesupport_introspection_cpp
-- Found rmw_implementation_cmake: 6.1.2 (/opt/ros/humble/share/rmw_implementation_cmake/cmake)
-- Found rmw_fastrtps_cpp: 6.2.7 (/opt/ros/humble/share/rmw_fastrtps_cpp/cmake)
-- Found OpenSSL: /usr/lib/aarch64-linux-gnu/libcrypto.so (found version "3.0.2")  
-- Found FastRTPS: /opt/ros/humble/include  
-- Using RMW implementation 'rmw_fastrtps_cpp' as default
-- Looking for pthread.h
-- Looking for pthread.h - found
-- Performing Test CMAKE_HAVE_LIBC_PTHREAD
-- Performing Test CMAKE_HAVE_LIBC_PTHREAD - Success
-- Found Threads: TRUE  
-- Found geometry_msgs: 4.8.0 (/opt/ros/humble/share/geometry_msgs/cmake)
-- Found audio_msg: 2.0.0 (/opt/tros/humble/share/audio_msg/cmake)
-- Found xgolib: 1.0.0 (/home/sunrise/xgo_demo/src/install/xgolib/share/xgolib/cmake)
-- Configuring done
-- Generating done
-- Build files have been written to: /home/sunrise/xgo_demo/src/build/hobot_audio
[ 20%] [32mBuilding CXX object CMakeFiles/hobot_audio.dir/src/utils/alsa_device.cpp.o[0m
[ 80%] [32mBuilding CXX object CMakeFiles/hobot_audio.dir/src/audio_example.cpp.o[0m
[ 80%] [32mBuilding CXX object CMakeFiles/hobot_audio.dir/src/audio_capture/hb_audio_capture.cpp.o[0m
[ 80%] [32mBuilding CXX object CMakeFiles/hobot_audio.dir/src/audio_engine/audioengine.cpp.o[0m
[100%] [32m[1mLinking CXX executable hobot_audio[0m
[100%] Built target hobot_audio
-- Install configuration: ""
-- Installing: /home/sunrise/xgo_demo/src/install/hobot_audio/lib/
-- Installing: /home/sunrise/xgo_demo/src/install/hobot_audio/lib//libmodelvad.so
-- Installing: /home/sunrise/xgo_demo/src/install/hobot_audio/lib//libhrsc.so
-- Installing: /home/sunrise/xgo_demo/src/install/hobot_audio/lib//liblvcsr.so
-- Installing: /home/sunrise/xgo_demo/src/install/hobot_audio/lib/hobot_audio//hrsc
-- Installing: /home/sunrise/xgo_demo/src/install/hobot_audio/lib/hobot_audio//hrsc/cmd_word.json
-- Installing: /home/sunrise/xgo_demo/src/install/hobot_audio/lib/hobot_audio//hrsc/e2e_decoder_conf
-- Installing: /home/sunrise/xgo_demo/src/install/hobot_audio/lib/hobot_audio//hrsc/e2e_decoder_conf/lm
-- Installing: /home/sunrise/xgo_demo/src/install/hobot_audio/lib/hobot_audio//hrsc/e2e_decoder_conf/lm/words.txt
-- Installing: /home/sunrise/xgo_demo/src/install/hobot_audio/lib/hobot_audio//hrsc/e2e_decoder_conf/lm/TLG.fst
-- Installing: /home/sunrise/xgo_demo/src/install/hobot_audio/lib/hobot_audio//hrsc/e2e_decoder_conf/online_asr.flag
-- Installing: /home/sunrise/xgo_demo/src/install/hobot_audio/lib/hobot_audio//hrsc/e2e_decoder_conf/context_type
-- Installing: /home/sunrise/xgo_demo/src/install/hobot_audio/lib/hobot_audio//hrsc/e2e_decoder_conf/units.txt
-- Installing: /home/sunrise/xgo_demo/src/install/hobot_audio/lib/hobot_audio//hrsc/e2e_decoder_conf/replace.txt
-- Installing: /home/sunrise/xgo_demo/src/install/hobot_audio/lib/hobot_audio//hrsc/e2e_decoder_conf/rescore
-- Installing: /home/sunrise/xgo_demo/src/install/hobot_audio/lib/hobot_audio//hrsc/e2e_decoder_conf/rescore/model.flag
-- Installing: /home/sunrise/xgo_demo/src/install/hobot_audio/lib/hobot_audio//hrsc/e2e_decoder_conf/rescore/decoder.bin
-- Installing: /home/sunrise/xgo_demo/src/install/hobot_audio/lib/hobot_audio//hrsc/e2e_decoder_conf/rescore/encoder.bin
-- Installing: /home/sunrise/xgo_demo/src/install/hobot_audio/lib/hobot_audio//hrsc/e2e_decoder_conf/rescore/ctc.bin
-- Installing: /home/sunrise/xgo_demo/src/install/hobot_audio/lib/hobot_audio//hrsc/hrsc_config.cfg
-- Installing: /home/sunrise/xgo_demo/src/install/hobot_audio/lib/hobot_audio//hrsc/hisf_conf
-- Installing: /home/sunrise/xgo_demo/src/install/hobot_audio/lib/hobot_audio//hrsc/hisf_conf/hisf_config_4mic_linear_encrypt.ini
-- Installing: /home/sunrise/xgo_demo/src/install/hobot_audio/lib/hobot_audio//hrsc/hisf_conf/CRGRU_SUBBAND_HIOK_reset_hx_-1.meanvar
-- Installing: /home/sunrise/xgo_demo/src/install/hobot_audio/lib/hobot_audio//hrsc/hisf_conf/CRGRU_SUBBAND_VAD_ONLY_-1.meanvar
-- Installing: /home/sunrise/xgo_demo/src/install/hobot_audio/lib/hobot_audio//hrsc/hisf_conf/CRGRU_SUBBAND_VAD_ONLY_-1.params
-- Installing: /home/sunrise/xgo_demo/src/install/hobot_audio/lib/hobot_audio//hrsc/hisf_conf/Dt-99.params
-- Installing: /home/sunrise/xgo_demo/src/install/hobot_audio/lib/hobot_audio//hrsc/hisf_conf/hisf_config_4mic_circular_encrypt.ini
-- Installing: /home/sunrise/xgo_demo/src/install/hobot_audio/lib/hobot_audio//hrsc/hisf_conf/hisf_config_encrypt.ini
-- Installing: /home/sunrise/xgo_demo/src/install/hobot_audio/lib/hobot_audio//hrsc/hisf_conf/RGRU_PAD_64.meanvar
-- Installing: /home/sunrise/xgo_demo/src/install/hobot_audio/lib/hobot_audio//hrsc/hisf_conf/RGRU_PAD_64.params
-- Installing: /home/sunrise/xgo_demo/src/install/hobot_audio/lib/hobot_audio//hrsc/hisf_conf/CRGRU_SUBBAND_HIOK_reset_hx_-1.params
-- Installing: /home/sunrise/xgo_demo/src/install/hobot_audio/lib/hobot_audio//hrsc/hisf_conf/hisf_config_2mic_encrypt.ini
-- Installing: /home/sunrise/xgo_demo/src/install/hobot_audio/lib/hobot_audio/hobot_audio
-- Set runtime path of "/home/sunrise/xgo_demo/src/install/hobot_audio/lib/hobot_audio/hobot_audio" to ""
-- Installing: /home/sunrise/xgo_demo/src/install/hobot_audio/lib/hobot_audio//config
-- Installing: /home/sunrise/xgo_demo/src/install/hobot_audio/lib/hobot_audio//config/audio_config.json
-- Installing: /home/sunrise/xgo_demo/src/install/hobot_audio/share/hobot_audio/launch
-- Installing: /home/sunrise/xgo_demo/src/install/hobot_audio/share/hobot_audio/launch/hobot_audio.launch.py
-- Installing: /home/sunrise/xgo_demo/src/install/hobot_audio/bin/hobot_audio
-- Set runtime path of "/home/sunrise/xgo_demo/src/install/hobot_audio/bin/hobot_audio" to ""
-- Installing: /home/sunrise/xgo_demo/src/install/hobot_audio/share/hobot_audio/environment/library_path.sh
-- Installing: /home/sunrise/xgo_demo/src/install/hobot_audio/share/hobot_audio/environment/library_path.dsv
-- Installing: /home/sunrise/xgo_demo/src/install/hobot_audio/share/ament_index/resource_index/package_run_dependencies/hobot_audio
-- Installing: /home/sunrise/xgo_demo/src/install/hobot_audio/share/ament_index/resource_index/parent_prefix_path/hobot_audio
-- Installing: /home/sunrise/xgo_demo/src/install/hobot_audio/share/hobot_audio/environment/ament_prefix_path.sh
-- Installing: /home/sunrise/xgo_demo/src/install/hobot_audio/share/hobot_audio/environment/ament_prefix_path.dsv
-- Installing: /home/sunrise/xgo_demo/src/install/hobot_audio/share/hobot_audio/environment/path.sh
-- Installing: /home/sunrise/xgo_demo/src/install/hobot_audio/share/hobot_audio/environment/path.dsv
-- Installing: /home/sunrise/xgo_demo/src/install/hobot_audio/share/hobot_audio/local_setup.bash
-- Installing: /home/sunrise/xgo_demo/src/install/hobot_audio/share/hobot_audio/local_setup.sh
-- Installing: /home/sunrise/xgo_demo/src/install/hobot_audio/share/hobot_audio/local_setup.zsh
-- Installing: /home/sunrise/xgo_demo/src/install/hobot_audio/share/hobot_audio/local_setup.dsv
-- Installing: /home/sunrise/xgo_demo/src/install/hobot_audio/share/hobot_audio/package.dsv
-- Installing: /home/sunrise/xgo_demo/src/install/hobot_audio/share/ament_index/resource_index/packages/hobot_audio
-- Installing: /home/sunrise/xgo_demo/src/install/hobot_audio/share/hobot_audio/cmake/hobot_audioExport.cmake
-- Installing: /home/sunrise/xgo_demo/src/install/hobot_audio/share/hobot_audio/cmake/hobot_audioExport-noconfig.cmake
-- Installing: /home/sunrise/xgo_demo/src/install/hobot_audio/share/hobot_audio/cmake/ament_cmake_export_include_directories-extras.cmake
-- Installing: /home/sunrise/xgo_demo/src/install/hobot_audio/share/hobot_audio/cmake/ament_cmake_export_libraries-extras.cmake
-- Installing: /home/sunrise/xgo_demo/src/install/hobot_audio/share/hobot_audio/cmake/ament_cmake_export_targets-extras.cmake
-- Installing: /home/sunrise/xgo_demo/src/install/hobot_audio/share/hobot_audio/cmake/hobot_audioConfig.cmake
-- Installing: /home/sunrise/xgo_demo/src/install/hobot_audio/share/hobot_audio/cmake/hobot_audioConfig-version.cmake
-- Installing: /home/sunrise/xgo_demo/src/install/hobot_audio/share/hobot_audio/package.xml
