[0.251s] Invoking command in '/home/sunrise/xgo_demo/src/build/hobot_audio': AMENT_PREFIX_PATH=/home/sunrise/xgo_demo/src/install/xgolib:${AMENT_PREFIX_PATH} CMAKE_PREFIX_PATH=/home/sunrise/xgo_demo/src/install/xgolib:/home/sunrise/xgo_demo/install/xgo_gesture_control:/home/sunrise/xgo_demo/install/hobot_audio:/home/sunrise/xgo_demo/install/xgo_motion:/home/sunrise/xgo_demo/install/xgo_head:/home/sunrise/xgo_demo/install/xgo_device:/home/sunrise/xgo_demo/install/xgoscreen:/home/sunrise/xgo_demo/install/xgolib:/home/sunrise/xgo_demo/install/xgo_display:/opt/tros/humble:/opt/ros/humble LD_LIBRARY_PATH=/home/sunrise/xgo_demo/src/install/xgolib/lib:${LD_LIBRARY_PATH} /usr/bin/cmake /home/sunrise/xgo_demo/src/hobot_audio -DCMAKE_INSTALL_PREFIX=/home/sunrise/xgo_demo/src/install/hobot_audio
[1.125s] -- The C compiler identification is GNU 11.2.0
[1.866s] -- The CXX compiler identification is GNU 11.2.0
[1.941s] -- Detecting C compiler ABI info
[2.705s] -- Detecting C compiler ABI info - done
[2.835s] -- Check for working C compiler: /usr/bin/cc - skipped
[2.838s] -- Detecting C compile features
[2.846s] -- Detecting C compile features - done
[2.881s] -- Detecting CXX compiler ABI info
[3.788s] -- Detecting CXX compiler ABI info - done
[3.983s] -- Check for working CXX compiler: /usr/bin/c++ - skipped
[3.987s] -- Detecting CXX compile features
[4.003s] -- Detecting CXX compile features - done
[4.036s] -- Found ament_cmake: 1.3.11 (/opt/ros/humble/share/ament_cmake/cmake)
[6.554s] -- Found Python3: /usr/bin/python3 (found version "3.10.12") found components: Interpreter 
[8.093s] -- Found rclcpp: 16.0.12 (/opt/ros/humble/share/rclcpp/cmake)
[8.584s] -- Found rosidl_generator_c: 3.1.6 (/opt/ros/humble/share/rosidl_generator_c/cmake)
[8.658s] -- Found rosidl_adapter: 3.1.6 (/opt/ros/humble/share/rosidl_adapter/cmake)
[8.791s] -- Found rosidl_generator_cpp: 3.1.6 (/opt/ros/humble/share/rosidl_generator_cpp/cmake)
[8.965s] -- Using all available rosidl_typesupport_c: rosidl_typesupport_fastrtps_c;rosidl_typesupport_introspection_c
[9.179s] -- Using all available rosidl_typesupport_cpp: rosidl_typesupport_fastrtps_cpp;rosidl_typesupport_introspection_cpp
[9.844s] -- Found rmw_implementation_cmake: 6.1.2 (/opt/ros/humble/share/rmw_implementation_cmake/cmake)
[9.875s] -- Found rmw_fastrtps_cpp: 6.2.7 (/opt/ros/humble/share/rmw_fastrtps_cpp/cmake)
[10.851s] -- Found OpenSSL: /usr/lib/aarch64-linux-gnu/libcrypto.so (found version "3.0.2")  
[11.147s] -- Found FastRTPS: /opt/ros/humble/include  
[11.591s] -- Using RMW implementation 'rmw_fastrtps_cpp' as default
[11.719s] -- Looking for pthread.h
[12.584s] -- Looking for pthread.h - found
[12.588s] -- Performing Test CMAKE_HAVE_LIBC_PTHREAD
[13.697s] -- Performing Test CMAKE_HAVE_LIBC_PTHREAD - Success
[13.707s] -- Found Threads: TRUE  
[14.554s] -- Found geometry_msgs: 4.8.0 (/opt/ros/humble/share/geometry_msgs/cmake)
[14.681s] -- Found audio_msg: 2.0.0 (/opt/tros/humble/share/audio_msg/cmake)
[14.956s] -- Found xgolib: 1.0.0 (/home/sunrise/xgo_demo/src/install/xgolib/share/xgolib/cmake)
[14.984s] [0minvalid platform, build platform X3 default[0m
[14.985s] [0mPREFIX_PATH: x3[0m
[14.986s] [0mSYS_ROOT is [0m
[16.064s] -- Configuring done
[16.232s] -- Generating done
[16.294s] -- Build files have been written to: /home/sunrise/xgo_demo/src/build/hobot_audio
[16.437s] Invoked command in '/home/sunrise/xgo_demo/src/build/hobot_audio' returned '0': AMENT_PREFIX_PATH=/home/sunrise/xgo_demo/src/install/xgolib:${AMENT_PREFIX_PATH} CMAKE_PREFIX_PATH=/home/sunrise/xgo_demo/src/install/xgolib:/home/sunrise/xgo_demo/install/xgo_gesture_control:/home/sunrise/xgo_demo/install/hobot_audio:/home/sunrise/xgo_demo/install/xgo_motion:/home/sunrise/xgo_demo/install/xgo_head:/home/sunrise/xgo_demo/install/xgo_device:/home/sunrise/xgo_demo/install/xgoscreen:/home/sunrise/xgo_demo/install/xgolib:/home/sunrise/xgo_demo/install/xgo_display:/opt/tros/humble:/opt/ros/humble LD_LIBRARY_PATH=/home/sunrise/xgo_demo/src/install/xgolib/lib:${LD_LIBRARY_PATH} /usr/bin/cmake /home/sunrise/xgo_demo/src/hobot_audio -DCMAKE_INSTALL_PREFIX=/home/sunrise/xgo_demo/src/install/hobot_audio
[16.440s] Invoking command in '/home/sunrise/xgo_demo/src/build/hobot_audio': AMENT_PREFIX_PATH=/home/sunrise/xgo_demo/src/install/xgolib:${AMENT_PREFIX_PATH} CMAKE_PREFIX_PATH=/home/sunrise/xgo_demo/src/install/xgolib:/home/sunrise/xgo_demo/install/xgo_gesture_control:/home/sunrise/xgo_demo/install/hobot_audio:/home/sunrise/xgo_demo/install/xgo_motion:/home/sunrise/xgo_demo/install/xgo_head:/home/sunrise/xgo_demo/install/xgo_device:/home/sunrise/xgo_demo/install/xgoscreen:/home/sunrise/xgo_demo/install/xgolib:/home/sunrise/xgo_demo/install/xgo_display:/opt/tros/humble:/opt/ros/humble LD_LIBRARY_PATH=/home/sunrise/xgo_demo/src/install/xgolib/lib:${LD_LIBRARY_PATH} /usr/bin/cmake --build /home/sunrise/xgo_demo/src/build/hobot_audio -- -j4 -l4
[17.089s] [ 20%] [32mBuilding CXX object CMakeFiles/hobot_audio.dir/src/utils/alsa_device.cpp.o[0m
[17.130s] [ 80%] [32mBuilding CXX object CMakeFiles/hobot_audio.dir/src/audio_example.cpp.o[0m
[17.136s] [ 80%] [32mBuilding CXX object CMakeFiles/hobot_audio.dir/src/audio_capture/hb_audio_capture.cpp.o[0m
[17.137s] [ 80%] [32mBuilding CXX object CMakeFiles/hobot_audio.dir/src/audio_engine/audioengine.cpp.o[0m
[1146.222s] [100%] [32m[1mLinking CXX executable hobot_audio[0m
[1150.743s] [100%] Built target hobot_audio
[1151.478s] Invoked command in '/home/sunrise/xgo_demo/src/build/hobot_audio' returned '0': AMENT_PREFIX_PATH=/home/sunrise/xgo_demo/src/install/xgolib:${AMENT_PREFIX_PATH} CMAKE_PREFIX_PATH=/home/sunrise/xgo_demo/src/install/xgolib:/home/sunrise/xgo_demo/install/xgo_gesture_control:/home/sunrise/xgo_demo/install/hobot_audio:/home/sunrise/xgo_demo/install/xgo_motion:/home/sunrise/xgo_demo/install/xgo_head:/home/sunrise/xgo_demo/install/xgo_device:/home/sunrise/xgo_demo/install/xgoscreen:/home/sunrise/xgo_demo/install/xgolib:/home/sunrise/xgo_demo/install/xgo_display:/opt/tros/humble:/opt/ros/humble LD_LIBRARY_PATH=/home/sunrise/xgo_demo/src/install/xgolib/lib:${LD_LIBRARY_PATH} /usr/bin/cmake --build /home/sunrise/xgo_demo/src/build/hobot_audio -- -j4 -l4
[1151.864s] Invoking command in '/home/sunrise/xgo_demo/src/build/hobot_audio': AMENT_PREFIX_PATH=/home/sunrise/xgo_demo/src/install/xgolib:${AMENT_PREFIX_PATH} CMAKE_PREFIX_PATH=/home/sunrise/xgo_demo/src/install/xgolib:/home/sunrise/xgo_demo/install/xgo_gesture_control:/home/sunrise/xgo_demo/install/hobot_audio:/home/sunrise/xgo_demo/install/xgo_motion:/home/sunrise/xgo_demo/install/xgo_head:/home/sunrise/xgo_demo/install/xgo_device:/home/sunrise/xgo_demo/install/xgoscreen:/home/sunrise/xgo_demo/install/xgolib:/home/sunrise/xgo_demo/install/xgo_display:/opt/tros/humble:/opt/ros/humble LD_LIBRARY_PATH=/home/sunrise/xgo_demo/src/install/xgolib/lib:${LD_LIBRARY_PATH} /usr/bin/cmake --install /home/sunrise/xgo_demo/src/build/hobot_audio
[1152.049s] -- Install configuration: ""
[1152.050s] -- Installing: /home/sunrise/xgo_demo/src/install/hobot_audio/lib/
[1152.051s] -- Installing: /home/sunrise/xgo_demo/src/install/hobot_audio/lib//libmodelvad.so
[1152.087s] -- Installing: /home/sunrise/xgo_demo/src/install/hobot_audio/lib//libhrsc.so
[1152.122s] -- Installing: /home/sunrise/xgo_demo/src/install/hobot_audio/lib//liblvcsr.so
[1152.648s] -- Installing: /home/sunrise/xgo_demo/src/install/hobot_audio/lib/hobot_audio//hrsc
[1152.649s] -- Installing: /home/sunrise/xgo_demo/src/install/hobot_audio/lib/hobot_audio//hrsc/cmd_word.json
[1152.652s] -- Installing: /home/sunrise/xgo_demo/src/install/hobot_audio/lib/hobot_audio//hrsc/e2e_decoder_conf
[1152.655s] -- Installing: /home/sunrise/xgo_demo/src/install/hobot_audio/lib/hobot_audio//hrsc/e2e_decoder_conf/lm
[1152.658s] -- Installing: /home/sunrise/xgo_demo/src/install/hobot_audio/lib/hobot_audio//hrsc/e2e_decoder_conf/lm/words.txt
[1152.677s] -- Installing: /home/sunrise/xgo_demo/src/install/hobot_audio/lib/hobot_audio//hrsc/e2e_decoder_conf/lm/TLG.fst
[1157.064s] -- Installing: /home/sunrise/xgo_demo/src/install/hobot_audio/lib/hobot_audio//hrsc/e2e_decoder_conf/online_asr.flag
[1157.066s] -- Installing: /home/sunrise/xgo_demo/src/install/hobot_audio/lib/hobot_audio//hrsc/e2e_decoder_conf/context_type
[1157.068s] -- Installing: /home/sunrise/xgo_demo/src/install/hobot_audio/lib/hobot_audio//hrsc/e2e_decoder_conf/units.txt
[1157.072s] -- Installing: /home/sunrise/xgo_demo/src/install/hobot_audio/lib/hobot_audio//hrsc/e2e_decoder_conf/replace.txt
[1157.077s] -- Installing: /home/sunrise/xgo_demo/src/install/hobot_audio/lib/hobot_audio//hrsc/e2e_decoder_conf/rescore
[1157.079s] -- Installing: /home/sunrise/xgo_demo/src/install/hobot_audio/lib/hobot_audio//hrsc/e2e_decoder_conf/rescore/model.flag
[1157.081s] -- Installing: /home/sunrise/xgo_demo/src/install/hobot_audio/lib/hobot_audio//hrsc/e2e_decoder_conf/rescore/decoder.bin
[1158.097s] -- Installing: /home/sunrise/xgo_demo/src/install/hobot_audio/lib/hobot_audio//hrsc/e2e_decoder_conf/rescore/encoder.bin
[1162.800s] -- Installing: /home/sunrise/xgo_demo/src/install/hobot_audio/lib/hobot_audio//hrsc/e2e_decoder_conf/rescore/ctc.bin
[1162.851s] -- Installing: /home/sunrise/xgo_demo/src/install/hobot_audio/lib/hobot_audio//hrsc/hrsc_config.cfg
[1162.853s] -- Installing: /home/sunrise/xgo_demo/src/install/hobot_audio/lib/hobot_audio//hrsc/hisf_conf
[1162.855s] -- Installing: /home/sunrise/xgo_demo/src/install/hobot_audio/lib/hobot_audio//hrsc/hisf_conf/hisf_config_4mic_linear_encrypt.ini
[1162.857s] -- Installing: /home/sunrise/xgo_demo/src/install/hobot_audio/lib/hobot_audio//hrsc/hisf_conf/CRGRU_SUBBAND_HIOK_reset_hx_-1.meanvar
[1162.858s] -- Installing: /home/sunrise/xgo_demo/src/install/hobot_audio/lib/hobot_audio//hrsc/hisf_conf/CRGRU_SUBBAND_VAD_ONLY_-1.meanvar
[1162.860s] -- Installing: /home/sunrise/xgo_demo/src/install/hobot_audio/lib/hobot_audio//hrsc/hisf_conf/CRGRU_SUBBAND_VAD_ONLY_-1.params
[1162.864s] -- Installing: /home/sunrise/xgo_demo/src/install/hobot_audio/lib/hobot_audio//hrsc/hisf_conf/Dt-99.params
[1162.867s] -- Installing: /home/sunrise/xgo_demo/src/install/hobot_audio/lib/hobot_audio//hrsc/hisf_conf/hisf_config_4mic_circular_encrypt.ini
[1162.869s] -- Installing: /home/sunrise/xgo_demo/src/install/hobot_audio/lib/hobot_audio//hrsc/hisf_conf/hisf_config_encrypt.ini
[1162.872s] -- Installing: /home/sunrise/xgo_demo/src/install/hobot_audio/lib/hobot_audio//hrsc/hisf_conf/RGRU_PAD_64.meanvar
[1162.873s] -- Installing: /home/sunrise/xgo_demo/src/install/hobot_audio/lib/hobot_audio//hrsc/hisf_conf/RGRU_PAD_64.params
[1162.879s] -- Installing: /home/sunrise/xgo_demo/src/install/hobot_audio/lib/hobot_audio//hrsc/hisf_conf/CRGRU_SUBBAND_HIOK_reset_hx_-1.params
[1162.888s] -- Installing: /home/sunrise/xgo_demo/src/install/hobot_audio/lib/hobot_audio//hrsc/hisf_conf/hisf_config_2mic_encrypt.ini
[1162.892s] -- Installing: /home/sunrise/xgo_demo/src/install/hobot_audio/lib/hobot_audio/hobot_audio
[1162.901s] -- Set runtime path of "/home/sunrise/xgo_demo/src/install/hobot_audio/lib/hobot_audio/hobot_audio" to ""
[1162.902s] -- Installing: /home/sunrise/xgo_demo/src/install/hobot_audio/lib/hobot_audio//config
[1162.904s] -- Installing: /home/sunrise/xgo_demo/src/install/hobot_audio/lib/hobot_audio//config/audio_config.json
[1162.906s] -- Installing: /home/sunrise/xgo_demo/src/install/hobot_audio/share/hobot_audio/launch
[1162.908s] -- Installing: /home/sunrise/xgo_demo/src/install/hobot_audio/share/hobot_audio/launch/hobot_audio.launch.py
[1162.913s] -- Installing: /home/sunrise/xgo_demo/src/install/hobot_audio/bin/hobot_audio
[1162.922s] -- Set runtime path of "/home/sunrise/xgo_demo/src/install/hobot_audio/bin/hobot_audio" to ""
[1162.930s] -- Installing: /home/sunrise/xgo_demo/src/install/hobot_audio/share/hobot_audio/environment/library_path.sh
[1162.935s] -- Installing: /home/sunrise/xgo_demo/src/install/hobot_audio/share/hobot_audio/environment/library_path.dsv
[1162.946s] -- Installing: /home/sunrise/xgo_demo/src/install/hobot_audio/share/ament_index/resource_index/package_run_dependencies/hobot_audio
[1162.949s] -- Installing: /home/sunrise/xgo_demo/src/install/hobot_audio/share/ament_index/resource_index/parent_prefix_path/hobot_audio
[1162.972s] -- Installing: /home/sunrise/xgo_demo/src/install/hobot_audio/share/hobot_audio/environment/ament_prefix_path.sh
[1162.975s] -- Installing: /home/sunrise/xgo_demo/src/install/hobot_audio/share/hobot_audio/environment/ament_prefix_path.dsv
[1162.976s] -- Installing: /home/sunrise/xgo_demo/src/install/hobot_audio/share/hobot_audio/environment/path.sh
[1162.978s] -- Installing: /home/sunrise/xgo_demo/src/install/hobot_audio/share/hobot_audio/environment/path.dsv
[1162.980s] -- Installing: /home/sunrise/xgo_demo/src/install/hobot_audio/share/hobot_audio/local_setup.bash
[1162.983s] -- Installing: /home/sunrise/xgo_demo/src/install/hobot_audio/share/hobot_audio/local_setup.sh
[1162.985s] -- Installing: /home/sunrise/xgo_demo/src/install/hobot_audio/share/hobot_audio/local_setup.zsh
[1162.988s] -- Installing: /home/sunrise/xgo_demo/src/install/hobot_audio/share/hobot_audio/local_setup.dsv
[1162.990s] -- Installing: /home/sunrise/xgo_demo/src/install/hobot_audio/share/hobot_audio/package.dsv
[1162.993s] -- Installing: /home/sunrise/xgo_demo/src/install/hobot_audio/share/ament_index/resource_index/packages/hobot_audio
[1163.010s] -- Installing: /home/sunrise/xgo_demo/src/install/hobot_audio/share/hobot_audio/cmake/hobot_audioExport.cmake
[1163.019s] -- Installing: /home/sunrise/xgo_demo/src/install/hobot_audio/share/hobot_audio/cmake/hobot_audioExport-noconfig.cmake
[1163.033s] -- Installing: /home/sunrise/xgo_demo/src/install/hobot_audio/share/hobot_audio/cmake/ament_cmake_export_include_directories-extras.cmake
[1163.037s] -- Installing: /home/sunrise/xgo_demo/src/install/hobot_audio/share/hobot_audio/cmake/ament_cmake_export_libraries-extras.cmake
[1163.039s] -- Installing: /home/sunrise/xgo_demo/src/install/hobot_audio/share/hobot_audio/cmake/ament_cmake_export_targets-extras.cmake
[1163.040s] -- Installing: /home/sunrise/xgo_demo/src/install/hobot_audio/share/hobot_audio/cmake/hobot_audioConfig.cmake
[1163.053s] -- Installing: /home/sunrise/xgo_demo/src/install/hobot_audio/share/hobot_audio/cmake/hobot_audioConfig-version.cmake
[1163.067s] -- Installing: /home/sunrise/xgo_demo/src/install/hobot_audio/share/hobot_audio/package.xml
[1163.133s] Invoked command in '/home/sunrise/xgo_demo/src/build/hobot_audio' returned '0': AMENT_PREFIX_PATH=/home/sunrise/xgo_demo/src/install/xgolib:${AMENT_PREFIX_PATH} CMAKE_PREFIX_PATH=/home/sunrise/xgo_demo/src/install/xgolib:/home/sunrise/xgo_demo/install/xgo_gesture_control:/home/sunrise/xgo_demo/install/hobot_audio:/home/sunrise/xgo_demo/install/xgo_motion:/home/sunrise/xgo_demo/install/xgo_head:/home/sunrise/xgo_demo/install/xgo_device:/home/sunrise/xgo_demo/install/xgoscreen:/home/sunrise/xgo_demo/install/xgolib:/home/sunrise/xgo_demo/install/xgo_display:/opt/tros/humble:/opt/ros/humble LD_LIBRARY_PATH=/home/sunrise/xgo_demo/src/install/xgolib/lib:${LD_LIBRARY_PATH} /usr/bin/cmake --install /home/sunrise/xgo_demo/src/build/hobot_audio
