[0.103s] Invoking command in '/home/sunrise/xgo_demo/build/xgo_lidar_display': CMAKE_PREFIX_PATH=/home/sunrise/xgo_demo/install/xgoscreen:/home/sunrise/xgo_demo/install/xgolib:/home/sunrise/xgo_demo/install/xgo_voice_control:/home/sunrise/xgo_demo/install/xgo_motion:/home/sunrise/xgo_demo/install/xgo_lidar_display:/home/sunrise/xgo_demo/install/xgo_head:/home/sunrise/xgo_demo/install/xgo_device:/home/sunrise/xgo_demo/install/xgo_gesture_control:/home/sunrise/xgo_demo/install/xgo_face_control:/home/sunrise/xgo_demo/install/xgo_body_tracker:/home/sunrise/ydlidar_ros2_ws/install/ydlidar_ros2_driver:/opt/tros/humble:/opt/ros/humble /usr/bin/cmake --build /home/sunrise/xgo_demo/build/xgo_lidar_display -- -j4 -l4
[0.459s] [ 25%] [34m[1mAutomatic MOC and UIC for target lidar_display_node[0m
[0.537s] [ 25%] Built target lidar_display_node_autogen
[0.614s] [35m[1mConsolidate compiler generated dependencies of target lidar_display_node[0m
[0.933s] [100%] Built target lidar_display_node
[0.970s] Invoked command in '/home/sunrise/xgo_demo/build/xgo_lidar_display' returned '0': CMAKE_PREFIX_PATH=/home/sunrise/xgo_demo/install/xgoscreen:/home/sunrise/xgo_demo/install/xgolib:/home/sunrise/xgo_demo/install/xgo_voice_control:/home/sunrise/xgo_demo/install/xgo_motion:/home/sunrise/xgo_demo/install/xgo_lidar_display:/home/sunrise/xgo_demo/install/xgo_head:/home/sunrise/xgo_demo/install/xgo_device:/home/sunrise/xgo_demo/install/xgo_gesture_control:/home/sunrise/xgo_demo/install/xgo_face_control:/home/sunrise/xgo_demo/install/xgo_body_tracker:/home/sunrise/ydlidar_ros2_ws/install/ydlidar_ros2_driver:/opt/tros/humble:/opt/ros/humble /usr/bin/cmake --build /home/sunrise/xgo_demo/build/xgo_lidar_display -- -j4 -l4
[1.175s] Invoking command in '/home/sunrise/xgo_demo/build/xgo_lidar_display': CMAKE_PREFIX_PATH=/home/sunrise/xgo_demo/install/xgoscreen:/home/sunrise/xgo_demo/install/xgolib:/home/sunrise/xgo_demo/install/xgo_voice_control:/home/sunrise/xgo_demo/install/xgo_motion:/home/sunrise/xgo_demo/install/xgo_lidar_display:/home/sunrise/xgo_demo/install/xgo_head:/home/sunrise/xgo_demo/install/xgo_device:/home/sunrise/xgo_demo/install/xgo_gesture_control:/home/sunrise/xgo_demo/install/xgo_face_control:/home/sunrise/xgo_demo/install/xgo_body_tracker:/home/sunrise/ydlidar_ros2_ws/install/ydlidar_ros2_driver:/opt/tros/humble:/opt/ros/humble /usr/bin/cmake --install /home/sunrise/xgo_demo/build/xgo_lidar_display
[1.222s] -- Install configuration: ""
[1.360s] -- Up-to-date: /home/sunrise/xgo_demo/install/xgo_lidar_display/lib/xgo_lidar_display/lidar_display_node
[1.361s] -- Up-to-date: /home/sunrise/xgo_demo/install/xgo_lidar_display/share/xgo_lidar_display//launch
[1.362s] -- Up-to-date: /home/sunrise/xgo_demo/install/xgo_lidar_display/share/xgo_lidar_display//launch/lidar_display_launch.py
[1.363s] -- Up-to-date: /home/sunrise/xgo_demo/install/xgo_lidar_display/share/ament_index/resource_index/package_run_dependencies/xgo_lidar_display
[1.364s] -- Up-to-date: /home/sunrise/xgo_demo/install/xgo_lidar_display/share/ament_index/resource_index/parent_prefix_path/xgo_lidar_display
[1.365s] -- Up-to-date: /home/sunrise/xgo_demo/install/xgo_lidar_display/share/xgo_lidar_display/environment/ament_prefix_path.sh
[1.365s] -- Up-to-date: /home/sunrise/xgo_demo/install/xgo_lidar_display/share/xgo_lidar_display/environment/ament_prefix_path.dsv
[1.365s] -- Up-to-date: /home/sunrise/xgo_demo/install/xgo_lidar_display/share/xgo_lidar_display/environment/path.sh
[1.366s] -- Up-to-date: /home/sunrise/xgo_demo/install/xgo_lidar_display/share/xgo_lidar_display/environment/path.dsv
[1.366s] -- Up-to-date: /home/sunrise/xgo_demo/install/xgo_lidar_display/share/xgo_lidar_display/local_setup.bash
[1.367s] -- Up-to-date: /home/sunrise/xgo_demo/install/xgo_lidar_display/share/xgo_lidar_display/local_setup.sh
[1.367s] -- Up-to-date: /home/sunrise/xgo_demo/install/xgo_lidar_display/share/xgo_lidar_display/local_setup.zsh
[1.368s] -- Up-to-date: /home/sunrise/xgo_demo/install/xgo_lidar_display/share/xgo_lidar_display/local_setup.dsv
[1.368s] -- Installing: /home/sunrise/xgo_demo/install/xgo_lidar_display/share/xgo_lidar_display/package.dsv
[1.395s] -- Up-to-date: /home/sunrise/xgo_demo/install/xgo_lidar_display/share/ament_index/resource_index/packages/xgo_lidar_display
[1.396s] -- Up-to-date: /home/sunrise/xgo_demo/install/xgo_lidar_display/share/xgo_lidar_display/cmake/xgo_lidar_displayConfig.cmake
[1.396s] -- Up-to-date: /home/sunrise/xgo_demo/install/xgo_lidar_display/share/xgo_lidar_display/cmake/xgo_lidar_displayConfig-version.cmake
[1.397s] -- Up-to-date: /home/sunrise/xgo_demo/install/xgo_lidar_display/share/xgo_lidar_display/package.xml
[1.436s] Invoked command in '/home/sunrise/xgo_demo/build/xgo_lidar_display' returned '0': CMAKE_PREFIX_PATH=/home/sunrise/xgo_demo/install/xgoscreen:/home/sunrise/xgo_demo/install/xgolib:/home/sunrise/xgo_demo/install/xgo_voice_control:/home/sunrise/xgo_demo/install/xgo_motion:/home/sunrise/xgo_demo/install/xgo_lidar_display:/home/sunrise/xgo_demo/install/xgo_head:/home/sunrise/xgo_demo/install/xgo_device:/home/sunrise/xgo_demo/install/xgo_gesture_control:/home/sunrise/xgo_demo/install/xgo_face_control:/home/sunrise/xgo_demo/install/xgo_body_tracker:/home/sunrise/ydlidar_ros2_ws/install/ydlidar_ros2_driver:/opt/tros/humble:/opt/ros/humble /usr/bin/cmake --install /home/sunrise/xgo_demo/build/xgo_lidar_display
