[100%] Built target xgoscreen
-- Install configuration: "Release"
-- Execute custom install script
-- Up-to-date symlink: /home/sunrise/xgo_demo/install/xgoscreen/include/xgoscreen/SpiScreen2Inch.h
-- Up-to-date symlink: /home/sunrise/xgo_demo/install/xgoscreen/include/xgoscreen/TGpioUtil.h
-- Up-to-date symlink: /home/sunrise/xgo_demo/install/xgoscreen/include/xgoscreen/TLog.h
-- Up-to-date symlink: /home/sunrise/xgo_demo/install/xgoscreen/include/xgoscreen/TSpiUtil.h
-- Up-to-date symlink: /home/sunrise/xgo_demo/install/xgoscreen/include/xgoscreen/TUtil.h
-- Up-to-date symlink: /home/sunrise/xgo_demo/install/xgoscreen/include/xgoscreen/XgoScreenManager.h
-- Up-to-date symlink: /home/sunrise/xgo_demo/install/xgoscreen/share/xgoscreen/environment/library_path.sh
-- Up-to-date symlink: /home/sunrise/xgo_demo/install/xgoscreen/share/xgoscreen/environment/library_path.dsv
-- Up-to-date symlink: /home/sunrise/xgo_demo/install/xgoscreen/share/ament_index/resource_index/package_run_dependencies/xgoscreen
-- Up-to-date symlink: /home/sunrise/xgo_demo/install/xgoscreen/share/ament_index/resource_index/parent_prefix_path/xgoscreen
-- Up-to-date symlink: /home/sunrise/xgo_demo/install/xgoscreen/share/xgoscreen/environment/ament_prefix_path.sh
-- Up-to-date symlink: /home/sunrise/xgo_demo/install/xgoscreen/share/xgoscreen/environment/ament_prefix_path.dsv
-- Up-to-date symlink: /home/sunrise/xgo_demo/install/xgoscreen/share/xgoscreen/environment/path.sh
-- Up-to-date symlink: /home/sunrise/xgo_demo/install/xgoscreen/share/xgoscreen/environment/path.dsv
-- Up-to-date symlink: /home/sunrise/xgo_demo/install/xgoscreen/share/xgoscreen/local_setup.bash
-- Up-to-date symlink: /home/sunrise/xgo_demo/install/xgoscreen/share/xgoscreen/local_setup.sh
-- Up-to-date symlink: /home/sunrise/xgo_demo/install/xgoscreen/share/xgoscreen/local_setup.zsh
-- Up-to-date symlink: /home/sunrise/xgo_demo/install/xgoscreen/share/xgoscreen/local_setup.dsv
-- Symlinking: /home/sunrise/xgo_demo/install/xgoscreen/share/xgoscreen/package.dsv
-- Up-to-date symlink: /home/sunrise/xgo_demo/install/xgoscreen/share/ament_index/resource_index/packages/xgoscreen
-- Up-to-date symlink: /home/sunrise/xgo_demo/install/xgoscreen/share/xgoscreen/cmake/ament_cmake_export_include_directories-extras.cmake
-- Up-to-date symlink: /home/sunrise/xgo_demo/install/xgoscreen/share/xgoscreen/cmake/ament_cmake_export_targets-extras.cmake
-- Up-to-date symlink: /home/sunrise/xgo_demo/install/xgoscreen/share/xgoscreen/cmake/ament_cmake_export_dependencies-extras.cmake
-- Up-to-date symlink: /home/sunrise/xgo_demo/install/xgoscreen/share/xgoscreen/cmake/xgoscreenConfig.cmake
-- Up-to-date symlink: /home/sunrise/xgo_demo/install/xgoscreen/share/xgoscreen/cmake/xgoscreenConfig-version.cmake
-- Up-to-date symlink: /home/sunrise/xgo_demo/install/xgoscreen/share/xgoscreen/package.xml
-- Up-to-date: /home/sunrise/xgo_demo/install/xgoscreen/lib/libxgoscreen.so
-- Up-to-date: /home/sunrise/xgo_demo/install/xgoscreen/share/xgoscreen/cmake/export_xgoscreenExport.cmake
-- Up-to-date: /home/sunrise/xgo_demo/install/xgoscreen/share/xgoscreen/cmake/export_xgoscreenExport-release.cmake
