[0.039s] Invoking command in '/home/sunrise/xgo_demo/build/xgoscreen': CMAKE_PREFIX_PATH=${CMAKE_PREFIX_PATH}:/opt/tros/humble:/opt/ros/humble /usr/bin/cmake --build /home/sunrise/xgo_demo/build/xgoscreen -- -j4 -l4
[0.283s] [100%] Built target xgoscreen
[0.322s] Invoked command in '/home/sunrise/xgo_demo/build/xgoscreen' returned '0': CMAKE_PREFIX_PATH=${CMAKE_PREFIX_PATH}:/opt/tros/humble:/opt/ros/humble /usr/bin/cmake --build /home/sunrise/xgo_demo/build/xgoscreen -- -j4 -l4
[0.330s] Invoking command in '/home/sunrise/xgo_demo/build/xgoscreen': CMAKE_PREFIX_PATH=${CMAKE_PREFIX_PATH}:/opt/tros/humble:/opt/ros/humble /usr/bin/cmake --install /home/sunrise/xgo_demo/build/xgoscreen
[0.356s] -- Install configuration: "Release"
[0.359s] -- Execute custom install script
[0.362s] -- Up-to-date symlink: /home/sunrise/xgo_demo/install/xgoscreen/include/xgoscreen/SpiScreen2Inch.h
[0.363s] -- Up-to-date symlink: /home/sunrise/xgo_demo/install/xgoscreen/include/xgoscreen/TGpioUtil.h
[0.364s] -- Up-to-date symlink: /home/sunrise/xgo_demo/install/xgoscreen/include/xgoscreen/TLog.h
[0.365s] -- Up-to-date symlink: /home/sunrise/xgo_demo/install/xgoscreen/include/xgoscreen/TSpiUtil.h
[0.366s] -- Up-to-date symlink: /home/sunrise/xgo_demo/install/xgoscreen/include/xgoscreen/TUtil.h
[0.368s] -- Up-to-date symlink: /home/sunrise/xgo_demo/install/xgoscreen/include/xgoscreen/XgoScreenManager.h
[0.369s] -- Up-to-date symlink: /home/sunrise/xgo_demo/install/xgoscreen/share/xgoscreen/environment/library_path.sh
[0.371s] -- Up-to-date symlink: /home/sunrise/xgo_demo/install/xgoscreen/share/xgoscreen/environment/library_path.dsv
[0.373s] -- Up-to-date symlink: /home/sunrise/xgo_demo/install/xgoscreen/share/ament_index/resource_index/package_run_dependencies/xgoscreen
[0.374s] -- Up-to-date symlink: /home/sunrise/xgo_demo/install/xgoscreen/share/ament_index/resource_index/parent_prefix_path/xgoscreen
[0.375s] -- Up-to-date symlink: /home/sunrise/xgo_demo/install/xgoscreen/share/xgoscreen/environment/ament_prefix_path.sh
[0.377s] -- Up-to-date symlink: /home/sunrise/xgo_demo/install/xgoscreen/share/xgoscreen/environment/ament_prefix_path.dsv
[0.378s] -- Up-to-date symlink: /home/sunrise/xgo_demo/install/xgoscreen/share/xgoscreen/environment/path.sh
[0.380s] -- Up-to-date symlink: /home/sunrise/xgo_demo/install/xgoscreen/share/xgoscreen/environment/path.dsv
[0.381s] -- Up-to-date symlink: /home/sunrise/xgo_demo/install/xgoscreen/share/xgoscreen/local_setup.bash
[0.383s] -- Up-to-date symlink: /home/sunrise/xgo_demo/install/xgoscreen/share/xgoscreen/local_setup.sh
[0.384s] -- Up-to-date symlink: /home/sunrise/xgo_demo/install/xgoscreen/share/xgoscreen/local_setup.zsh
[0.386s] -- Up-to-date symlink: /home/sunrise/xgo_demo/install/xgoscreen/share/xgoscreen/local_setup.dsv
[0.386s] -- Symlinking: /home/sunrise/xgo_demo/install/xgoscreen/share/xgoscreen/package.dsv
[0.417s] -- Up-to-date symlink: /home/sunrise/xgo_demo/install/xgoscreen/share/ament_index/resource_index/packages/xgoscreen
[0.418s] -- Up-to-date symlink: /home/sunrise/xgo_demo/install/xgoscreen/share/xgoscreen/cmake/ament_cmake_export_include_directories-extras.cmake
[0.420s] -- Up-to-date symlink: /home/sunrise/xgo_demo/install/xgoscreen/share/xgoscreen/cmake/ament_cmake_export_targets-extras.cmake
[0.421s] -- Up-to-date symlink: /home/sunrise/xgo_demo/install/xgoscreen/share/xgoscreen/cmake/ament_cmake_export_dependencies-extras.cmake
[0.423s] -- Up-to-date symlink: /home/sunrise/xgo_demo/install/xgoscreen/share/xgoscreen/cmake/xgoscreenConfig.cmake
[0.424s] -- Up-to-date symlink: /home/sunrise/xgo_demo/install/xgoscreen/share/xgoscreen/cmake/xgoscreenConfig-version.cmake
[0.425s] -- Up-to-date symlink: /home/sunrise/xgo_demo/install/xgoscreen/share/xgoscreen/package.xml
[0.426s] -- Up-to-date: /home/sunrise/xgo_demo/install/xgoscreen/lib/libxgoscreen.so
[0.429s] -- Up-to-date: /home/sunrise/xgo_demo/install/xgoscreen/share/xgoscreen/cmake/export_xgoscreenExport.cmake
[0.430s] -- Up-to-date: /home/sunrise/xgo_demo/install/xgoscreen/share/xgoscreen/cmake/export_xgoscreenExport-release.cmake
[0.439s] Invoked command in '/home/sunrise/xgo_demo/build/xgoscreen' returned '0': CMAKE_PREFIX_PATH=${CMAKE_PREFIX_PATH}:/opt/tros/humble:/opt/ros/humble /usr/bin/cmake --install /home/sunrise/xgo_demo/build/xgoscreen
