[0.071s] Invoking command in '/home/sunrise/xgo_demo/build/xgo_head': CMAKE_PREFIX_PATH=/home/sunrise/xgo_demo/install/xgoscreen:/home/sunrise/xgo_demo/install/xgolib:/home/sunrise/xgo_demo/install/xgo_voice_control:/home/sunrise/xgo_demo/install/xgo_motion:/home/sunrise/xgo_demo/install/xgo_lidar_display:/home/sunrise/xgo_demo/install/xgo_head:/home/sunrise/xgo_demo/install/xgo_device:/home/sunrise/xgo_demo/install/xgo_gesture_control:/home/sunrise/xgo_demo/install/xgo_face_control:/home/sunrise/xgo_demo/install/xgo_body_tracker:/home/sunrise/ydlidar_ros2_ws/install/ydlidar_ros2_driver:/opt/tros/humble:/opt/ros/humble /usr/bin/cmake --build /home/sunrise/xgo_demo/build/xgo_head -- -j4 -l4
[0.194s] -- Found ament_cmake: 1.3.11 (/opt/ros/humble/share/ament_cmake/cmake)
[0.974s] -- Override CMake install command with custom implementation using symlinks instead of copying resources
[1.038s] -- Found std_msgs: 4.8.0 (/opt/ros/humble/share/std_msgs/cmake)
[1.170s] -- Found rosidl_generator_c: 3.1.6 (/opt/ros/humble/share/rosidl_generator_c/cmake)
[1.188s] -- Found rosidl_adapter: 3.1.6 (/opt/ros/humble/share/rosidl_adapter/cmake)
[1.229s] -- Found rosidl_generator_cpp: 3.1.6 (/opt/ros/humble/share/rosidl_generator_cpp/cmake)
[1.304s] -- Using all available rosidl_typesupport_c: rosidl_typesupport_fastrtps_c;rosidl_typesupport_introspection_c
[1.402s] -- Using all available rosidl_typesupport_cpp: rosidl_typesupport_fastrtps_cpp;rosidl_typesupport_introspection_cpp
[1.567s] -- Found rclcpp: 16.0.12 (/opt/ros/humble/share/rclcpp/cmake)
[1.756s] -- Found rmw_implementation_cmake: 6.1.2 (/opt/ros/humble/share/rmw_implementation_cmake/cmake)
[1.770s] -- Found rmw_fastrtps_cpp: 6.2.7 (/opt/ros/humble/share/rmw_fastrtps_cpp/cmake)
[2.416s] -- Using RMW implementation 'rmw_fastrtps_cpp' as default
[2.696s] -- Found sensor_msgs: 4.8.0 (/opt/ros/humble/share/sensor_msgs/cmake)
[2.915s] -- Found ai_msgs: 2.0.1 (/opt/tros/humble/share/ai_msgs/cmake)
[3.044s] -- Found hbm_img_msgs: 2.0.0 (/opt/tros/humble/share/hbm_img_msgs/cmake)
[3.129s] -- Found audio_msg: 2.0.0 (/opt/tros/humble/share/audio_msg/cmake)
[3.353s] -- Found xgolib: 1.0.0 (/home/sunrise/xgo_demo/install/xgolib/share/xgolib/cmake)
[3.369s] -- Found xgoscreen: 0.0.1 (/home/sunrise/xgo_demo/install/xgoscreen/share/xgoscreen/cmake)
[3.937s] -- Configuring done
[4.061s] -- Generating done
[4.091s] -- Build files have been written to: /home/sunrise/xgo_demo/build/xgo_head
[4.187s] gmake[2]: *** No rule to make target '/home/sunrise/xgo_demo/src/xgo_head/resource/images/ros-icon.png', needed by 'qrc_images.cpp'.  Stop.
[4.188s] gmake[2]: *** Waiting for unfinished jobs....
[4.212s] [  5%] [34m[1mGenerating ui_mainwindow.h[0m
[4.235s] /home/sunrise/xgo_demo/src/xgo_head/ui/mainwindow.ui: Warning: The name 'layoutWidget' (QWidget) is already in use, defaulting to 'layoutWidget1'.
[4.236s] /home/sunrise/xgo_demo/src/xgo_head/ui/mainwindow.ui: Warning: The name 'layoutWidget' (QWidget) is already in use, defaulting to 'layoutWidget2'.
[4.236s] /home/sunrise/xgo_demo/src/xgo_head/ui/mainwindow.ui: Warning: The name 'label' (QLabel) is already in use, defaulting to 'label1'.
[4.243s] gmake[1]: *** [CMakeFiles/Makefile2:136: CMakeFiles/xgo_head.dir/all] Error 2
[4.244s] gmake: *** [Makefile:146: all] Error 2
[4.252s] Invoked command in '/home/sunrise/xgo_demo/build/xgo_head' returned '2': CMAKE_PREFIX_PATH=/home/sunrise/xgo_demo/install/xgoscreen:/home/sunrise/xgo_demo/install/xgolib:/home/sunrise/xgo_demo/install/xgo_voice_control:/home/sunrise/xgo_demo/install/xgo_motion:/home/sunrise/xgo_demo/install/xgo_lidar_display:/home/sunrise/xgo_demo/install/xgo_head:/home/sunrise/xgo_demo/install/xgo_device:/home/sunrise/xgo_demo/install/xgo_gesture_control:/home/sunrise/xgo_demo/install/xgo_face_control:/home/sunrise/xgo_demo/install/xgo_body_tracker:/home/sunrise/ydlidar_ros2_ws/install/ydlidar_ros2_driver:/opt/tros/humble:/opt/ros/humble /usr/bin/cmake --build /home/sunrise/xgo_demo/build/xgo_head -- -j4 -l4
