-- The C compiler identification is GNU 11.2.0
-- The CXX compiler identification is GNU 11.2.0
-- Detecting C compiler ABI info
-- Detecting C compiler ABI info - done
-- Check for working C compiler: /usr/bin/cc - skipped
-- Detecting C compile features
-- Detecting C compile features - done
-- Detecting CXX compiler ABI info
-- Detecting CXX compiler ABI info - done
-- Check for working CXX compiler: /usr/bin/c++ - skipped
-- Detecting CXX compile features
-- Detecting CXX compile features - done
-- Found ament_cmake: 1.3.11 (/opt/ros/humble/share/ament_cmake/cmake)
-- Found Python3: /usr/bin/python3 (found version "3.10.12") found components: Interpreter 
-- Found std_msgs: 4.8.0 (/opt/ros/humble/share/std_msgs/cmake)
-- Found rosidl_generator_c: 3.1.6 (/opt/ros/humble/share/rosidl_generator_c/cmake)
-- Found rosidl_adapter: 3.1.6 (/opt/ros/humble/share/rosidl_adapter/cmake)
-- Found rosidl_generator_cpp: 3.1.6 (/opt/ros/humble/share/rosidl_generator_cpp/cmake)
-- Using all available rosidl_typesupport_c: rosidl_typesupport_fastrtps_c;rosidl_typesupport_introspection_c
-- Using all available rosidl_typesupport_cpp: rosidl_typesupport_fastrtps_cpp;rosidl_typesupport_introspection_cpp
-- Found rclcpp: 16.0.12 (/opt/ros/humble/share/rclcpp/cmake)
-- Found rmw_implementation_cmake: 6.1.2 (/opt/ros/humble/share/rmw_implementation_cmake/cmake)
-- Found rmw_fastrtps_cpp: 6.2.7 (/opt/ros/humble/share/rmw_fastrtps_cpp/cmake)
-- Found OpenSSL: /usr/lib/aarch64-linux-gnu/libcrypto.so (found version "3.0.2")  
-- Found FastRTPS: /opt/ros/humble/include  
-- Using RMW implementation 'rmw_fastrtps_cpp' as default
-- Looking for pthread.h
-- Looking for pthread.h - found
-- Performing Test CMAKE_HAVE_LIBC_PTHREAD
-- Performing Test CMAKE_HAVE_LIBC_PTHREAD - Success
-- Found Threads: TRUE  
-- Found sensor_msgs: 4.8.0 (/opt/ros/humble/share/sensor_msgs/cmake)
-- Found ai_msgs: 2.0.1 (/opt/tros/humble/share/ai_msgs/cmake)
-- Found hbm_img_msgs: 2.0.0 (/opt/tros/humble/share/hbm_img_msgs/cmake)
-- Found audio_msg: 2.0.0 (/opt/tros/humble/share/audio_msg/cmake)
-- Found OpenCV: /usr (found version "4.5.4") 
-- Found xgolib: 1.0.0 (/home/sunrise/xgo_demo/src/install/xgolib/share/xgolib/cmake)
-- Found xgoscreen: 0.0.1 (/home/sunrise/xgo_demo/src/install/xgoscreen/share/xgoscreen/cmake)
-- Found Boost: /usr/lib/aarch64-linux-gnu/cmake/Boost-1.74.0/BoostConfig.cmake (found suitable version "1.74.0", minimum required is "1.71.0") found components: thread 
-- Configuring done
-- Generating done
-- Build files have been written to: /home/sunrise/xgo_demo/src/build/xgo_head
[  5%] [34m[1mGenerating ui_mainwindow.h[0m
/home/sunrise/xgo_demo/src/xgo_head/ui/mainwindow.ui: Warning: The name 'layoutWidget' (QWidget) is already in use, defaulting to 'layoutWidget1'.
/home/sunrise/xgo_demo/src/xgo_head/ui/mainwindow.ui: Warning: The name 'layoutWidget' (QWidget) is already in use, defaulting to 'layoutWidget2'.
[ 10%] [34m[1mGenerating include/moc_XgoSpeaker.cpp[0m
[ 15%] [34m[1mGenerating include/moc_mainwindow.cpp[0m
[ 20%] [34m[1mGenerating include/moc_rclcomm.cpp[0m
[ 25%] [34m[1mGenerating qrc_images.cpp[0m
[ 30%] [34m[1mGenerating include/moc_MatrixLabel.cpp[0m
[ 35%] [34m[1mGenerating include/moc_GpioReader.cpp[0m
[ 40%] [32mBuilding CXX object CMakeFiles/xgo_head.dir/src/GpioReader.cpp.o[0m
[ 45%] [32mBuilding CXX object CMakeFiles/xgo_head.dir/src/main.cpp.o[0m
[ 50%] [32mBuilding CXX object CMakeFiles/xgo_head.dir/src/mainwindow.cpp.o[0m
[ 55%] [32mBuilding CXX object CMakeFiles/xgo_head.dir/src/rclcomm.cpp.o[0m
[ 60%] [32mBuilding CXX object CMakeFiles/xgo_head.dir/qrc_images.cpp.o[0m
[ 65%] [32mBuilding CXX object CMakeFiles/xgo_head.dir/src/XgoSpeaker.cpp.o[0m
[ 70%] [32mBuilding CXX object CMakeFiles/xgo_head.dir/src/MatrixLabel.cpp.o[0m
[ 75%] [32mBuilding CXX object CMakeFiles/xgo_head.dir/include/moc_XgoSpeaker.cpp.o[0m
[ 80%] [32mBuilding CXX object CMakeFiles/xgo_head.dir/include/moc_MatrixLabel.cpp.o[0m
[ 85%] [32mBuilding CXX object CMakeFiles/xgo_head.dir/include/moc_GpioReader.cpp.o[0m
[ 90%] [32mBuilding CXX object CMakeFiles/xgo_head.dir/include/moc_rclcomm.cpp.o[0m
[ 95%] [32mBuilding CXX object CMakeFiles/xgo_head.dir/include/moc_mainwindow.cpp.o[0m
[100%] [32m[1mLinking CXX executable xgo_head[0m
[100%] Built target xgo_head
-- Install configuration: ""
-- Installing: /home/sunrise/xgo_demo/src/install/xgo_head/lib/xgo_head/xgo_head
-- Set runtime path of "/home/sunrise/xgo_demo/src/install/xgo_head/lib/xgo_head/xgo_head" to ""
-- Installing: /home/sunrise/xgo_demo/src/install/xgo_head/share/xgo_head/launch/
-- Installing: /home/sunrise/xgo_demo/src/install/xgo_head/share/xgo_head/launch//xgo_complete.launch.py
-- Installing: /home/sunrise/xgo_demo/src/install/xgo_head/share/ament_index/resource_index/package_run_dependencies/xgo_head
-- Installing: /home/sunrise/xgo_demo/src/install/xgo_head/share/ament_index/resource_index/parent_prefix_path/xgo_head
-- Installing: /home/sunrise/xgo_demo/src/install/xgo_head/share/xgo_head/environment/ament_prefix_path.sh
-- Installing: /home/sunrise/xgo_demo/src/install/xgo_head/share/xgo_head/environment/ament_prefix_path.dsv
-- Installing: /home/sunrise/xgo_demo/src/install/xgo_head/share/xgo_head/environment/path.sh
-- Installing: /home/sunrise/xgo_demo/src/install/xgo_head/share/xgo_head/environment/path.dsv
-- Installing: /home/sunrise/xgo_demo/src/install/xgo_head/share/xgo_head/local_setup.bash
-- Installing: /home/sunrise/xgo_demo/src/install/xgo_head/share/xgo_head/local_setup.sh
-- Installing: /home/sunrise/xgo_demo/src/install/xgo_head/share/xgo_head/local_setup.zsh
-- Installing: /home/sunrise/xgo_demo/src/install/xgo_head/share/xgo_head/local_setup.dsv
-- Installing: /home/sunrise/xgo_demo/src/install/xgo_head/share/xgo_head/package.dsv
-- Installing: /home/sunrise/xgo_demo/src/install/xgo_head/share/ament_index/resource_index/packages/xgo_head
-- Installing: /home/sunrise/xgo_demo/src/install/xgo_head/share/xgo_head/cmake/ament_cmake_export_dependencies-extras.cmake
-- Installing: /home/sunrise/xgo_demo/src/install/xgo_head/share/xgo_head/cmake/xgo_headConfig.cmake
-- Installing: /home/sunrise/xgo_demo/src/install/xgo_head/share/xgo_head/cmake/xgo_headConfig-version.cmake
-- Installing: /home/sunrise/xgo_demo/src/install/xgo_head/share/xgo_head/package.xml
