[0.311s] Invoking command in '/home/sunrise/xgo_demo/src/build/xgo_head': AMENT_PREFIX_PATH=/home/sunrise/xgo_demo/src/install/xgoscreen:/home/sunrise/xgo_demo/src/install/xgolib:${AMENT_PREFIX_PATH} CMAKE_PREFIX_PATH=/home/sunrise/xgo_demo/src/install/xgoscreen:/home/sunrise/xgo_demo/src/install/xgolib:/home/sunrise/xgo_demo/install/xgo_gesture_control:/home/sunrise/xgo_demo/install/hobot_audio:/home/sunrise/xgo_demo/install/xgo_motion:/home/sunrise/xgo_demo/install/xgo_head:/home/sunrise/xgo_demo/install/xgo_device:/home/sunrise/xgo_demo/install/xgoscreen:/home/sunrise/xgo_demo/install/xgolib:/home/sunrise/xgo_demo/install/xgo_display:/opt/tros/humble:/opt/ros/humble LD_LIBRARY_PATH=/home/sunrise/xgo_demo/src/install/xgoscreen/lib:/home/sunrise/xgo_demo/src/install/xgolib/lib:${LD_LIBRARY_PATH} /usr/bin/cmake /home/sunrise/xgo_demo/src/xgo_head -DCMAKE_INSTALL_PREFIX=/home/sunrise/xgo_demo/src/install/xgo_head
[1.255s] -- The C compiler identification is GNU 11.2.0
[1.839s] -- The CXX compiler identification is GNU 11.2.0
[1.913s] -- Detecting C compiler ABI info
[2.406s] -- Detecting C compiler ABI info - done
[2.462s] -- Check for working C compiler: /usr/bin/cc - skipped
[2.465s] -- Detecting C compile features
[2.473s] -- Detecting C compile features - done
[2.499s] -- Detecting CXX compiler ABI info
[2.920s] -- Detecting CXX compiler ABI info - done
[2.973s] -- Check for working CXX compiler: /usr/bin/c++ - skipped
[2.975s] -- Detecting CXX compile features
[2.978s] -- Detecting CXX compile features - done
[3.172s] -- Found ament_cmake: 1.3.11 (/opt/ros/humble/share/ament_cmake/cmake)
[4.732s] -- Found Python3: /usr/bin/python3 (found version "3.10.12") found components: Interpreter 
[6.492s] -- Found std_msgs: 4.8.0 (/opt/ros/humble/share/std_msgs/cmake)
[7.327s] -- Found rosidl_generator_c: 3.1.6 (/opt/ros/humble/share/rosidl_generator_c/cmake)
[7.462s] -- Found rosidl_adapter: 3.1.6 (/opt/ros/humble/share/rosidl_adapter/cmake)
[7.641s] -- Found rosidl_generator_cpp: 3.1.6 (/opt/ros/humble/share/rosidl_generator_cpp/cmake)
[7.912s] -- Using all available rosidl_typesupport_c: rosidl_typesupport_fastrtps_c;rosidl_typesupport_introspection_c
[8.200s] -- Using all available rosidl_typesupport_cpp: rosidl_typesupport_fastrtps_cpp;rosidl_typesupport_introspection_cpp
[8.628s] -- Found rclcpp: 16.0.12 (/opt/ros/humble/share/rclcpp/cmake)
[9.605s] -- Found rmw_implementation_cmake: 6.1.2 (/opt/ros/humble/share/rmw_implementation_cmake/cmake)
[9.717s] -- Found rmw_fastrtps_cpp: 6.2.7 (/opt/ros/humble/share/rmw_fastrtps_cpp/cmake)
[10.967s] -- Found OpenSSL: /usr/lib/aarch64-linux-gnu/libcrypto.so (found version "3.0.2")  
[11.192s] -- Found FastRTPS: /opt/ros/humble/include  
[11.455s] -- Using RMW implementation 'rmw_fastrtps_cpp' as default
[13.550s] -- Looking for pthread.h
[14.435s] -- Looking for pthread.h - found
[14.436s] -- Performing Test CMAKE_HAVE_LIBC_PTHREAD
[14.915s] -- Performing Test CMAKE_HAVE_LIBC_PTHREAD - Success
[14.920s] -- Found Threads: TRUE  
[16.229s] -- Found sensor_msgs: 4.8.0 (/opt/ros/humble/share/sensor_msgs/cmake)
[17.356s] -- Found ai_msgs: 2.0.1 (/opt/tros/humble/share/ai_msgs/cmake)
[17.816s] -- Found hbm_img_msgs: 2.0.0 (/opt/tros/humble/share/hbm_img_msgs/cmake)
[18.419s] -- Found audio_msg: 2.0.0 (/opt/tros/humble/share/audio_msg/cmake)
[19.398s] -- Found OpenCV: /usr (found version "4.5.4") 
[19.499s] -- Found xgolib: 1.0.0 (/home/sunrise/xgo_demo/src/install/xgolib/share/xgolib/cmake)
[19.650s] -- Found xgoscreen: 0.0.1 (/home/sunrise/xgo_demo/src/install/xgoscreen/share/xgoscreen/cmake)
[20.083s] -- Found Boost: /usr/lib/aarch64-linux-gnu/cmake/Boost-1.74.0/BoostConfig.cmake (found suitable version "1.74.0", minimum required is "1.71.0") found components: thread 
[21.152s] -- Configuring done
[21.348s] -- Generating done
[21.381s] -- Build files have been written to: /home/sunrise/xgo_demo/src/build/xgo_head
[21.461s] Invoked command in '/home/sunrise/xgo_demo/src/build/xgo_head' returned '0': AMENT_PREFIX_PATH=/home/sunrise/xgo_demo/src/install/xgoscreen:/home/sunrise/xgo_demo/src/install/xgolib:${AMENT_PREFIX_PATH} CMAKE_PREFIX_PATH=/home/sunrise/xgo_demo/src/install/xgoscreen:/home/sunrise/xgo_demo/src/install/xgolib:/home/sunrise/xgo_demo/install/xgo_gesture_control:/home/sunrise/xgo_demo/install/hobot_audio:/home/sunrise/xgo_demo/install/xgo_motion:/home/sunrise/xgo_demo/install/xgo_head:/home/sunrise/xgo_demo/install/xgo_device:/home/sunrise/xgo_demo/install/xgoscreen:/home/sunrise/xgo_demo/install/xgolib:/home/sunrise/xgo_demo/install/xgo_display:/opt/tros/humble:/opt/ros/humble LD_LIBRARY_PATH=/home/sunrise/xgo_demo/src/install/xgoscreen/lib:/home/sunrise/xgo_demo/src/install/xgolib/lib:${LD_LIBRARY_PATH} /usr/bin/cmake /home/sunrise/xgo_demo/src/xgo_head -DCMAKE_INSTALL_PREFIX=/home/sunrise/xgo_demo/src/install/xgo_head
[21.499s] Invoking command in '/home/sunrise/xgo_demo/src/build/xgo_head': AMENT_PREFIX_PATH=/home/sunrise/xgo_demo/src/install/xgoscreen:/home/sunrise/xgo_demo/src/install/xgolib:${AMENT_PREFIX_PATH} CMAKE_PREFIX_PATH=/home/sunrise/xgo_demo/src/install/xgoscreen:/home/sunrise/xgo_demo/src/install/xgolib:/home/sunrise/xgo_demo/install/xgo_gesture_control:/home/sunrise/xgo_demo/install/hobot_audio:/home/sunrise/xgo_demo/install/xgo_motion:/home/sunrise/xgo_demo/install/xgo_head:/home/sunrise/xgo_demo/install/xgo_device:/home/sunrise/xgo_demo/install/xgoscreen:/home/sunrise/xgo_demo/install/xgolib:/home/sunrise/xgo_demo/install/xgo_display:/opt/tros/humble:/opt/ros/humble LD_LIBRARY_PATH=/home/sunrise/xgo_demo/src/install/xgoscreen/lib:/home/sunrise/xgo_demo/src/install/xgolib/lib:${LD_LIBRARY_PATH} /usr/bin/cmake --build /home/sunrise/xgo_demo/src/build/xgo_head -- -j4 -l4
[21.650s] [  5%] [34m[1mGenerating ui_mainwindow.h[0m
[22.398s] /home/sunrise/xgo_demo/src/xgo_head/ui/mainwindow.ui: Warning: The name 'layoutWidget' (QWidget) is already in use, defaulting to 'layoutWidget1'.
[22.399s] /home/sunrise/xgo_demo/src/xgo_head/ui/mainwindow.ui: Warning: The name 'layoutWidget' (QWidget) is already in use, defaulting to 'layoutWidget2'.
[22.446s] [ 10%] [34m[1mGenerating include/moc_XgoSpeaker.cpp[0m
[22.565s] [ 15%] [34m[1mGenerating include/moc_mainwindow.cpp[0m
[23.961s] [ 20%] [34m[1mGenerating include/moc_rclcomm.cpp[0m
[24.267s] [ 25%] [34m[1mGenerating qrc_images.cpp[0m
[25.293s] [ 30%] [34m[1mGenerating include/moc_MatrixLabel.cpp[0m
[25.334s] [ 35%] [34m[1mGenerating include/moc_GpioReader.cpp[0m
[26.513s] [ 40%] [32mBuilding CXX object CMakeFiles/xgo_head.dir/src/GpioReader.cpp.o[0m
[92.618s] [ 45%] [32mBuilding CXX object CMakeFiles/xgo_head.dir/src/main.cpp.o[0m
[421.291s] [ 50%] [32mBuilding CXX object CMakeFiles/xgo_head.dir/src/mainwindow.cpp.o[0m
[667.958s] [ 55%] [32mBuilding CXX object CMakeFiles/xgo_head.dir/src/rclcomm.cpp.o[0m
[984.396s] [ 60%] [32mBuilding CXX object CMakeFiles/xgo_head.dir/qrc_images.cpp.o[0m
[985.436s] [ 65%] [32mBuilding CXX object CMakeFiles/xgo_head.dir/src/XgoSpeaker.cpp.o[0m
[1003.060s] [ 70%] [32mBuilding CXX object CMakeFiles/xgo_head.dir/src/MatrixLabel.cpp.o[0m
[1069.638s] [ 75%] [32mBuilding CXX object CMakeFiles/xgo_head.dir/include/moc_XgoSpeaker.cpp.o[0m
[1070.718s] [ 80%] [32mBuilding CXX object CMakeFiles/xgo_head.dir/include/moc_MatrixLabel.cpp.o[0m
[1071.759s] [ 85%] [32mBuilding CXX object CMakeFiles/xgo_head.dir/include/moc_GpioReader.cpp.o[0m
[1079.693s] [ 90%] [32mBuilding CXX object CMakeFiles/xgo_head.dir/include/moc_rclcomm.cpp.o[0m
[1111.712s] [ 95%] [32mBuilding CXX object CMakeFiles/xgo_head.dir/include/moc_mainwindow.cpp.o[0m
[1144.772s] [100%] [32m[1mLinking CXX executable xgo_head[0m
[1160.257s] [100%] Built target xgo_head
[1160.604s] Invoked command in '/home/sunrise/xgo_demo/src/build/xgo_head' returned '0': AMENT_PREFIX_PATH=/home/sunrise/xgo_demo/src/install/xgoscreen:/home/sunrise/xgo_demo/src/install/xgolib:${AMENT_PREFIX_PATH} CMAKE_PREFIX_PATH=/home/sunrise/xgo_demo/src/install/xgoscreen:/home/sunrise/xgo_demo/src/install/xgolib:/home/sunrise/xgo_demo/install/xgo_gesture_control:/home/sunrise/xgo_demo/install/hobot_audio:/home/sunrise/xgo_demo/install/xgo_motion:/home/sunrise/xgo_demo/install/xgo_head:/home/sunrise/xgo_demo/install/xgo_device:/home/sunrise/xgo_demo/install/xgoscreen:/home/sunrise/xgo_demo/install/xgolib:/home/sunrise/xgo_demo/install/xgo_display:/opt/tros/humble:/opt/ros/humble LD_LIBRARY_PATH=/home/sunrise/xgo_demo/src/install/xgoscreen/lib:/home/sunrise/xgo_demo/src/install/xgolib/lib:${LD_LIBRARY_PATH} /usr/bin/cmake --build /home/sunrise/xgo_demo/src/build/xgo_head -- -j4 -l4
[1160.731s] Invoking command in '/home/sunrise/xgo_demo/src/build/xgo_head': AMENT_PREFIX_PATH=/home/sunrise/xgo_demo/src/install/xgoscreen:/home/sunrise/xgo_demo/src/install/xgolib:${AMENT_PREFIX_PATH} CMAKE_PREFIX_PATH=/home/sunrise/xgo_demo/src/install/xgoscreen:/home/sunrise/xgo_demo/src/install/xgolib:/home/sunrise/xgo_demo/install/xgo_gesture_control:/home/sunrise/xgo_demo/install/hobot_audio:/home/sunrise/xgo_demo/install/xgo_motion:/home/sunrise/xgo_demo/install/xgo_head:/home/sunrise/xgo_demo/install/xgo_device:/home/sunrise/xgo_demo/install/xgoscreen:/home/sunrise/xgo_demo/install/xgolib:/home/sunrise/xgo_demo/install/xgo_display:/opt/tros/humble:/opt/ros/humble LD_LIBRARY_PATH=/home/sunrise/xgo_demo/src/install/xgoscreen/lib:/home/sunrise/xgo_demo/src/install/xgolib/lib:${LD_LIBRARY_PATH} /usr/bin/cmake --install /home/sunrise/xgo_demo/src/build/xgo_head
[1160.784s] -- Install configuration: ""
[1160.790s] -- Installing: /home/sunrise/xgo_demo/src/install/xgo_head/lib/xgo_head/xgo_head
[1160.843s] -- Set runtime path of "/home/sunrise/xgo_demo/src/install/xgo_head/lib/xgo_head/xgo_head" to ""
[1160.844s] -- Installing: /home/sunrise/xgo_demo/src/install/xgo_head/share/xgo_head/launch/
[1160.845s] -- Installing: /home/sunrise/xgo_demo/src/install/xgo_head/share/xgo_head/launch//xgo_complete.launch.py
[1160.848s] -- Installing: /home/sunrise/xgo_demo/src/install/xgo_head/share/ament_index/resource_index/package_run_dependencies/xgo_head
[1160.851s] -- Installing: /home/sunrise/xgo_demo/src/install/xgo_head/share/ament_index/resource_index/parent_prefix_path/xgo_head
[1160.863s] -- Installing: /home/sunrise/xgo_demo/src/install/xgo_head/share/xgo_head/environment/ament_prefix_path.sh
[1160.865s] -- Installing: /home/sunrise/xgo_demo/src/install/xgo_head/share/xgo_head/environment/ament_prefix_path.dsv
[1160.866s] -- Installing: /home/sunrise/xgo_demo/src/install/xgo_head/share/xgo_head/environment/path.sh
[1160.868s] -- Installing: /home/sunrise/xgo_demo/src/install/xgo_head/share/xgo_head/environment/path.dsv
[1160.869s] -- Installing: /home/sunrise/xgo_demo/src/install/xgo_head/share/xgo_head/local_setup.bash
[1160.870s] -- Installing: /home/sunrise/xgo_demo/src/install/xgo_head/share/xgo_head/local_setup.sh
[1160.872s] -- Installing: /home/sunrise/xgo_demo/src/install/xgo_head/share/xgo_head/local_setup.zsh
[1160.873s] -- Installing: /home/sunrise/xgo_demo/src/install/xgo_head/share/xgo_head/local_setup.dsv
[1160.874s] -- Installing: /home/sunrise/xgo_demo/src/install/xgo_head/share/xgo_head/package.dsv
[1160.876s] -- Installing: /home/sunrise/xgo_demo/src/install/xgo_head/share/ament_index/resource_index/packages/xgo_head
[1160.877s] -- Installing: /home/sunrise/xgo_demo/src/install/xgo_head/share/xgo_head/cmake/ament_cmake_export_dependencies-extras.cmake
[1160.879s] -- Installing: /home/sunrise/xgo_demo/src/install/xgo_head/share/xgo_head/cmake/xgo_headConfig.cmake
[1160.880s] -- Installing: /home/sunrise/xgo_demo/src/install/xgo_head/share/xgo_head/cmake/xgo_headConfig-version.cmake
[1160.881s] -- Installing: /home/sunrise/xgo_demo/src/install/xgo_head/share/xgo_head/package.xml
[1160.902s] Invoked command in '/home/sunrise/xgo_demo/src/build/xgo_head' returned '0': AMENT_PREFIX_PATH=/home/sunrise/xgo_demo/src/install/xgoscreen:/home/sunrise/xgo_demo/src/install/xgolib:${AMENT_PREFIX_PATH} CMAKE_PREFIX_PATH=/home/sunrise/xgo_demo/src/install/xgoscreen:/home/sunrise/xgo_demo/src/install/xgolib:/home/sunrise/xgo_demo/install/xgo_gesture_control:/home/sunrise/xgo_demo/install/hobot_audio:/home/sunrise/xgo_demo/install/xgo_motion:/home/sunrise/xgo_demo/install/xgo_head:/home/sunrise/xgo_demo/install/xgo_device:/home/sunrise/xgo_demo/install/xgoscreen:/home/sunrise/xgo_demo/install/xgolib:/home/sunrise/xgo_demo/install/xgo_display:/opt/tros/humble:/opt/ros/humble LD_LIBRARY_PATH=/home/sunrise/xgo_demo/src/install/xgoscreen/lib:/home/sunrise/xgo_demo/src/install/xgolib/lib:${LD_LIBRARY_PATH} /usr/bin/cmake --install /home/sunrise/xgo_demo/src/build/xgo_head
