[0.072s] Invoking command in '/home/sunrise/xgo_demo/build/xgo_head': CMAKE_PREFIX_PATH=/home/sunrise/xgo_demo/install/xgoscreen:/home/sunrise/xgo_demo/install/xgolib:/home/sunrise/xgo_demo/install/xgo_voice_control:/home/sunrise/xgo_demo/install/xgo_motion:/home/sunrise/xgo_demo/install/xgo_lidar_display:/home/sunrise/xgo_demo/install/xgo_head:/home/sunrise/xgo_demo/install/xgo_device:/home/sunrise/xgo_demo/install/xgo_gesture_control:/home/sunrise/xgo_demo/install/xgo_face_control:/home/sunrise/xgo_demo/install/xgo_body_tracker:/home/sunrise/ydlidar_ros2_ws/install/ydlidar_ros2_driver:/opt/tros/humble:/opt/ros/humble /usr/bin/cmake --build /home/sunrise/xgo_demo/build/xgo_head -- -j4 -l4
[0.267s] [ 10%] [34m[1mGenerating ui_mainwindow.h[0m
[0.268s] [ 10%] [34m[1mGenerating qrc_images.cpp[0m
[0.292s] /home/sunrise/xgo_demo/src/xgo_head/ui/mainwindow.ui: Warning: The name 'layoutWidget' (QWidget) is already in use, defaulting to 'layoutWidget1'.
[0.292s] /home/sunrise/xgo_demo/src/xgo_head/ui/mainwindow.ui: Warning: The name 'layoutWidget' (QWidget) is already in use, defaulting to 'layoutWidget2'.
[1.022s] [35m[1mConsolidate compiler generated dependencies of target xgo_head[0m
[1.225s] [ 15%] [32mBuilding CXX object CMakeFiles/xgo_head.dir/qrc_images.cpp.o[0m
[1.226s] [ 20%] [32mBuilding CXX object CMakeFiles/xgo_head.dir/src/mainwindow.cpp.o[0m
[36.723s] [ 25%] [32m[1mLinking CXX executable xgo_head[0m
[51.607s] [100%] Built target xgo_head
[51.686s] Invoked command in '/home/sunrise/xgo_demo/build/xgo_head' returned '0': CMAKE_PREFIX_PATH=/home/sunrise/xgo_demo/install/xgoscreen:/home/sunrise/xgo_demo/install/xgolib:/home/sunrise/xgo_demo/install/xgo_voice_control:/home/sunrise/xgo_demo/install/xgo_motion:/home/sunrise/xgo_demo/install/xgo_lidar_display:/home/sunrise/xgo_demo/install/xgo_head:/home/sunrise/xgo_demo/install/xgo_device:/home/sunrise/xgo_demo/install/xgo_gesture_control:/home/sunrise/xgo_demo/install/xgo_face_control:/home/sunrise/xgo_demo/install/xgo_body_tracker:/home/sunrise/ydlidar_ros2_ws/install/ydlidar_ros2_driver:/opt/tros/humble:/opt/ros/humble /usr/bin/cmake --build /home/sunrise/xgo_demo/build/xgo_head -- -j4 -l4
[51.722s] Invoking command in '/home/sunrise/xgo_demo/build/xgo_head': CMAKE_PREFIX_PATH=/home/sunrise/xgo_demo/install/xgoscreen:/home/sunrise/xgo_demo/install/xgolib:/home/sunrise/xgo_demo/install/xgo_voice_control:/home/sunrise/xgo_demo/install/xgo_motion:/home/sunrise/xgo_demo/install/xgo_lidar_display:/home/sunrise/xgo_demo/install/xgo_head:/home/sunrise/xgo_demo/install/xgo_device:/home/sunrise/xgo_demo/install/xgo_gesture_control:/home/sunrise/xgo_demo/install/xgo_face_control:/home/sunrise/xgo_demo/install/xgo_body_tracker:/home/sunrise/ydlidar_ros2_ws/install/ydlidar_ros2_driver:/opt/tros/humble:/opt/ros/humble /usr/bin/cmake --install /home/sunrise/xgo_demo/build/xgo_head
[51.749s] -- Install configuration: ""
[51.751s] -- Execute custom install script
[51.752s] -- Up-to-date symlink: /home/sunrise/xgo_demo/install/xgo_head/lib/xgo_head/xgo_head
[51.753s] -- Up-to-date symlink: /home/sunrise/xgo_demo/install/xgo_head/share/ament_index/resource_index/package_run_dependencies/xgo_head
[51.754s] -- Up-to-date symlink: /home/sunrise/xgo_demo/install/xgo_head/share/ament_index/resource_index/parent_prefix_path/xgo_head
[51.755s] -- Up-to-date symlink: /home/sunrise/xgo_demo/install/xgo_head/share/xgo_head/environment/ament_prefix_path.sh
[51.756s] -- Up-to-date symlink: /home/sunrise/xgo_demo/install/xgo_head/share/xgo_head/environment/ament_prefix_path.dsv
[51.757s] -- Up-to-date symlink: /home/sunrise/xgo_demo/install/xgo_head/share/xgo_head/environment/path.sh
[51.758s] -- Up-to-date symlink: /home/sunrise/xgo_demo/install/xgo_head/share/xgo_head/environment/path.dsv
[51.759s] -- Up-to-date symlink: /home/sunrise/xgo_demo/install/xgo_head/share/xgo_head/local_setup.bash
[51.760s] -- Up-to-date symlink: /home/sunrise/xgo_demo/install/xgo_head/share/xgo_head/local_setup.sh
[51.761s] -- Up-to-date symlink: /home/sunrise/xgo_demo/install/xgo_head/share/xgo_head/local_setup.zsh
[51.762s] -- Up-to-date symlink: /home/sunrise/xgo_demo/install/xgo_head/share/xgo_head/local_setup.dsv
[51.763s] -- Symlinking: /home/sunrise/xgo_demo/install/xgo_head/share/xgo_head/package.dsv
[51.793s] -- Up-to-date symlink: /home/sunrise/xgo_demo/install/xgo_head/share/ament_index/resource_index/packages/xgo_head
[51.794s] -- Up-to-date symlink: /home/sunrise/xgo_demo/install/xgo_head/share/xgo_head/cmake/ament_cmake_export_dependencies-extras.cmake
[51.795s] -- Up-to-date symlink: /home/sunrise/xgo_demo/install/xgo_head/share/xgo_head/cmake/xgo_headConfig.cmake
[51.796s] -- Up-to-date symlink: /home/sunrise/xgo_demo/install/xgo_head/share/xgo_head/cmake/xgo_headConfig-version.cmake
[51.797s] -- Up-to-date symlink: /home/sunrise/xgo_demo/install/xgo_head/share/xgo_head/package.xml
[51.798s] -- Up-to-date: /home/sunrise/xgo_demo/install/xgo_head/share/xgo_head/launch/
[51.798s] -- Up-to-date: /home/sunrise/xgo_demo/install/xgo_head/share/xgo_head/launch//xgo_complete.launch.py
[51.806s] Invoked command in '/home/sunrise/xgo_demo/build/xgo_head' returned '0': CMAKE_PREFIX_PATH=/home/sunrise/xgo_demo/install/xgoscreen:/home/sunrise/xgo_demo/install/xgolib:/home/sunrise/xgo_demo/install/xgo_voice_control:/home/sunrise/xgo_demo/install/xgo_motion:/home/sunrise/xgo_demo/install/xgo_lidar_display:/home/sunrise/xgo_demo/install/xgo_head:/home/sunrise/xgo_demo/install/xgo_device:/home/sunrise/xgo_demo/install/xgo_gesture_control:/home/sunrise/xgo_demo/install/xgo_face_control:/home/sunrise/xgo_demo/install/xgo_body_tracker:/home/sunrise/ydlidar_ros2_ws/install/ydlidar_ros2_driver:/opt/tros/humble:/opt/ros/humble /usr/bin/cmake --install /home/sunrise/xgo_demo/build/xgo_head
