[100%] Built target XGO
-- Install configuration: ""
-- Execute custom install script
-- Up-to-date symlink: /home/sunrise/xgo_demo/install/xgolib/share/xgolib/environment/library_path.sh
-- Up-to-date symlink: /home/sunrise/xgo_demo/install/xgolib/share/xgolib/environment/library_path.dsv
-- Up-to-date symlink: /home/sunrise/xgo_demo/install/xgolib/include/XGO.h
-- Up-to-date symlink: /home/sunrise/xgo_demo/install/xgolib/share/ament_index/resource_index/package_run_dependencies/xgolib
-- Up-to-date symlink: /home/sunrise/xgo_demo/install/xgolib/share/ament_index/resource_index/parent_prefix_path/xgolib
-- Up-to-date symlink: /home/sunrise/xgo_demo/install/xgolib/share/xgolib/environment/ament_prefix_path.sh
-- Up-to-date symlink: /home/sunrise/xgo_demo/install/xgolib/share/xgolib/environment/ament_prefix_path.dsv
-- Up-to-date symlink: /home/sunrise/xgo_demo/install/xgolib/share/xgolib/environment/path.sh
-- Up-to-date symlink: /home/sunrise/xgo_demo/install/xgolib/share/xgolib/environment/path.dsv
-- Up-to-date symlink: /home/sunrise/xgo_demo/install/xgolib/share/xgolib/local_setup.bash
-- Up-to-date symlink: /home/sunrise/xgo_demo/install/xgolib/share/xgolib/local_setup.sh
-- Up-to-date symlink: /home/sunrise/xgo_demo/install/xgolib/share/xgolib/local_setup.zsh
-- Up-to-date symlink: /home/sunrise/xgo_demo/install/xgolib/share/xgolib/local_setup.dsv
-- Symlinking: /home/sunrise/xgo_demo/install/xgolib/share/xgolib/package.dsv
-- Up-to-date symlink: /home/sunrise/xgo_demo/install/xgolib/share/ament_index/resource_index/packages/xgolib
-- Up-to-date symlink: /home/sunrise/xgo_demo/install/xgolib/share/xgolib/cmake/ament_cmake_export_targets-extras.cmake
-- Up-to-date symlink: /home/sunrise/xgo_demo/install/xgolib/share/xgolib/cmake/ament_cmake_export_include_directories-extras.cmake
-- Up-to-date symlink: /home/sunrise/xgo_demo/install/xgolib/share/xgolib/cmake/ament_cmake_export_libraries-extras.cmake
-- Up-to-date symlink: /home/sunrise/xgo_demo/install/xgolib/share/xgolib/cmake/ament_cmake_export_dependencies-extras.cmake
-- Up-to-date symlink: /home/sunrise/xgo_demo/install/xgolib/share/xgolib/cmake/xgolibConfig.cmake
-- Up-to-date symlink: /home/sunrise/xgo_demo/install/xgolib/share/xgolib/cmake/xgolibConfig-version.cmake
-- Up-to-date symlink: /home/sunrise/xgo_demo/install/xgolib/share/xgolib/package.xml
-- Up-to-date: /home/sunrise/xgo_demo/install/xgolib/lib/libXGO.a
-- Up-to-date: /home/sunrise/xgo_demo/install/xgolib/share/xgolib/cmake/export_XGOExport.cmake
-- Up-to-date: /home/sunrise/xgo_demo/install/xgolib/share/xgolib/cmake/export_XGOExport-noconfig.cmake
