[0.069s] Invoking command in '/home/sunrise/xgo_demo/build/xgolib': CMAKE_PREFIX_PATH=${CMAKE_PREFIX_PATH}:/opt/tros/humble:/opt/ros/humble /usr/bin/cmake --build /home/sunrise/xgo_demo/build/xgolib -- -j4 -l4
[0.352s] [100%] Built target XGO
[0.390s] Invoked command in '/home/sunrise/xgo_demo/build/xgolib' returned '0': CMAKE_PREFIX_PATH=${CMAKE_PREFIX_PATH}:/opt/tros/humble:/opt/ros/humble /usr/bin/cmake --build /home/sunrise/xgo_demo/build/xgolib -- -j4 -l4
[0.427s] Invoking command in '/home/sunrise/xgo_demo/build/xgolib': CMAKE_PREFIX_PATH=${CMAKE_PREFIX_PATH}:/opt/tros/humble:/opt/ros/humble /usr/bin/cmake --install /home/sunrise/xgo_demo/build/xgolib
[0.454s] -- Install configuration: ""
[0.459s] -- Execute custom install script
[0.461s] -- Up-to-date symlink: /home/sunrise/xgo_demo/install/xgolib/share/xgolib/environment/library_path.sh
[0.462s] -- Up-to-date symlink: /home/sunrise/xgo_demo/install/xgolib/share/xgolib/environment/library_path.dsv
[0.463s] -- Up-to-date symlink: /home/sunrise/xgo_demo/install/xgolib/include/XGO.h
[0.465s] -- Up-to-date symlink: /home/sunrise/xgo_demo/install/xgolib/share/ament_index/resource_index/package_run_dependencies/xgolib
[0.466s] -- Up-to-date symlink: /home/sunrise/xgo_demo/install/xgolib/share/ament_index/resource_index/parent_prefix_path/xgolib
[0.468s] -- Up-to-date symlink: /home/sunrise/xgo_demo/install/xgolib/share/xgolib/environment/ament_prefix_path.sh
[0.469s] -- Up-to-date symlink: /home/sunrise/xgo_demo/install/xgolib/share/xgolib/environment/ament_prefix_path.dsv
[0.471s] -- Up-to-date symlink: /home/sunrise/xgo_demo/install/xgolib/share/xgolib/environment/path.sh
[0.472s] -- Up-to-date symlink: /home/sunrise/xgo_demo/install/xgolib/share/xgolib/environment/path.dsv
[0.474s] -- Up-to-date symlink: /home/sunrise/xgo_demo/install/xgolib/share/xgolib/local_setup.bash
[0.475s] -- Up-to-date symlink: /home/sunrise/xgo_demo/install/xgolib/share/xgolib/local_setup.sh
[0.477s] -- Up-to-date symlink: /home/sunrise/xgo_demo/install/xgolib/share/xgolib/local_setup.zsh
[0.478s] -- Up-to-date symlink: /home/sunrise/xgo_demo/install/xgolib/share/xgolib/local_setup.dsv
[0.479s] -- Symlinking: /home/sunrise/xgo_demo/install/xgolib/share/xgolib/package.dsv
[0.512s] -- Up-to-date symlink: /home/sunrise/xgo_demo/install/xgolib/share/ament_index/resource_index/packages/xgolib
[0.513s] -- Up-to-date symlink: /home/sunrise/xgo_demo/install/xgolib/share/xgolib/cmake/ament_cmake_export_targets-extras.cmake
[0.514s] -- Up-to-date symlink: /home/sunrise/xgo_demo/install/xgolib/share/xgolib/cmake/ament_cmake_export_include_directories-extras.cmake
[0.516s] -- Up-to-date symlink: /home/sunrise/xgo_demo/install/xgolib/share/xgolib/cmake/ament_cmake_export_libraries-extras.cmake
[0.518s] -- Up-to-date symlink: /home/sunrise/xgo_demo/install/xgolib/share/xgolib/cmake/ament_cmake_export_dependencies-extras.cmake
[0.519s] -- Up-to-date symlink: /home/sunrise/xgo_demo/install/xgolib/share/xgolib/cmake/xgolibConfig.cmake
[0.520s] -- Up-to-date symlink: /home/sunrise/xgo_demo/install/xgolib/share/xgolib/cmake/xgolibConfig-version.cmake
[0.521s] -- Up-to-date symlink: /home/sunrise/xgo_demo/install/xgolib/share/xgolib/package.xml
[0.522s] -- Up-to-date: /home/sunrise/xgo_demo/install/xgolib/lib/libXGO.a
[0.524s] -- Up-to-date: /home/sunrise/xgo_demo/install/xgolib/share/xgolib/cmake/export_XGOExport.cmake
[0.524s] -- Up-to-date: /home/sunrise/xgo_demo/install/xgolib/share/xgolib/cmake/export_XGOExport-noconfig.cmake
[0.532s] Invoked command in '/home/sunrise/xgo_demo/build/xgolib' returned '0': CMAKE_PREFIX_PATH=${CMAKE_PREFIX_PATH}:/opt/tros/humble:/opt/ros/humble /usr/bin/cmake --install /home/sunrise/xgo_demo/build/xgolib
