[100%] Built target gesture_node
-- Install configuration: ""
-- Up-to-date: /home/sunrise/xgo_demo/install/xgo_gesture_control/lib/xgo_gesture_control/gesture_node
-- Up-to-date: /home/sunrise/xgo_demo/install/xgo_gesture_control/share/xgo_gesture_control/launch/
-- Up-to-date: /home/sunrise/xgo_demo/install/xgo_gesture_control/share/xgo_gesture_control/launch//gesture.launch.py
-- Up-to-date: /home/sunrise/xgo_demo/install/xgo_gesture_control/share/ament_index/resource_index/package_run_dependencies/xgo_gesture_control
-- Up-to-date: /home/sunrise/xgo_demo/install/xgo_gesture_control/share/ament_index/resource_index/parent_prefix_path/xgo_gesture_control
-- Up-to-date: /home/sunrise/xgo_demo/install/xgo_gesture_control/share/xgo_gesture_control/environment/ament_prefix_path.sh
-- Up-to-date: /home/sunrise/xgo_demo/install/xgo_gesture_control/share/xgo_gesture_control/environment/ament_prefix_path.dsv
-- Up-to-date: /home/sunrise/xgo_demo/install/xgo_gesture_control/share/xgo_gesture_control/environment/path.sh
-- Up-to-date: /home/sunrise/xgo_demo/install/xgo_gesture_control/share/xgo_gesture_control/environment/path.dsv
-- Up-to-date: /home/sunrise/xgo_demo/install/xgo_gesture_control/share/xgo_gesture_control/local_setup.bash
-- Up-to-date: /home/sunrise/xgo_demo/install/xgo_gesture_control/share/xgo_gesture_control/local_setup.sh
-- Up-to-date: /home/sunrise/xgo_demo/install/xgo_gesture_control/share/xgo_gesture_control/local_setup.zsh
-- Up-to-date: /home/sunrise/xgo_demo/install/xgo_gesture_control/share/xgo_gesture_control/local_setup.dsv
-- Installing: /home/sunrise/xgo_demo/install/xgo_gesture_control/share/xgo_gesture_control/package.dsv
-- Up-to-date: /home/sunrise/xgo_demo/install/xgo_gesture_control/share/ament_index/resource_index/packages/xgo_gesture_control
-- Up-to-date: /home/sunrise/xgo_demo/install/xgo_gesture_control/share/xgo_gesture_control/cmake/ament_cmake_export_dependencies-extras.cmake
-- Up-to-date: /home/sunrise/xgo_demo/install/xgo_gesture_control/share/xgo_gesture_control/cmake/xgo_gesture_controlConfig.cmake
-- Up-to-date: /home/sunrise/xgo_demo/install/xgo_gesture_control/share/xgo_gesture_control/cmake/xgo_gesture_controlConfig-version.cmake
-- Up-to-date: /home/sunrise/xgo_demo/install/xgo_gesture_control/share/xgo_gesture_control/package.xml
