[0.064s] Invoking command in '/home/sunrise/xgo_demo/build/xgo_gesture_control': CMAKE_PREFIX_PATH=/home/sunrise/xgo_demo/install/xgolib:/home/sunrise/xgo_demo/install/xgo_voice_control:/home/sunrise/xgo_demo/install/xgo_motion:/home/sunrise/xgo_demo/install/xgo_head:/home/sunrise/xgo_demo/install/xgo_device:/home/sunrise/xgo_demo/install/xgoscreen:/home/sunrise/xgo_demo/install/xgo_gesture_control:/home/sunrise/xgo_demo/install/xgo_face_control:/home/sunrise/xgo_demo/install/xgo_body_tracker:/opt/tros/humble:/opt/ros/humble /usr/bin/cmake --build /home/sunrise/xgo_demo/build/xgo_gesture_control -- -j4 -l4
[0.269s] [100%] Built target gesture_node
[0.308s] Invoked command in '/home/sunrise/xgo_demo/build/xgo_gesture_control' returned '0': CMAKE_PREFIX_PATH=/home/sunrise/xgo_demo/install/xgolib:/home/sunrise/xgo_demo/install/xgo_voice_control:/home/sunrise/xgo_demo/install/xgo_motion:/home/sunrise/xgo_demo/install/xgo_head:/home/sunrise/xgo_demo/install/xgo_device:/home/sunrise/xgo_demo/install/xgoscreen:/home/sunrise/xgo_demo/install/xgo_gesture_control:/home/sunrise/xgo_demo/install/xgo_face_control:/home/sunrise/xgo_demo/install/xgo_body_tracker:/opt/tros/humble:/opt/ros/humble /usr/bin/cmake --build /home/sunrise/xgo_demo/build/xgo_gesture_control -- -j4 -l4
[0.315s] Invoking command in '/home/sunrise/xgo_demo/build/xgo_gesture_control': CMAKE_PREFIX_PATH=/home/sunrise/xgo_demo/install/xgolib:/home/sunrise/xgo_demo/install/xgo_voice_control:/home/sunrise/xgo_demo/install/xgo_motion:/home/sunrise/xgo_demo/install/xgo_head:/home/sunrise/xgo_demo/install/xgo_device:/home/sunrise/xgo_demo/install/xgoscreen:/home/sunrise/xgo_demo/install/xgo_gesture_control:/home/sunrise/xgo_demo/install/xgo_face_control:/home/sunrise/xgo_demo/install/xgo_body_tracker:/opt/tros/humble:/opt/ros/humble /usr/bin/cmake --install /home/sunrise/xgo_demo/build/xgo_gesture_control
[0.341s] -- Install configuration: ""
[0.344s] -- Up-to-date: /home/sunrise/xgo_demo/install/xgo_gesture_control/lib/xgo_gesture_control/gesture_node
[0.346s] -- Up-to-date: /home/sunrise/xgo_demo/install/xgo_gesture_control/share/xgo_gesture_control/launch/
[0.347s] -- Up-to-date: /home/sunrise/xgo_demo/install/xgo_gesture_control/share/xgo_gesture_control/launch//gesture.launch.py
[0.348s] -- Up-to-date: /home/sunrise/xgo_demo/install/xgo_gesture_control/share/ament_index/resource_index/package_run_dependencies/xgo_gesture_control
[0.349s] -- Up-to-date: /home/sunrise/xgo_demo/install/xgo_gesture_control/share/ament_index/resource_index/parent_prefix_path/xgo_gesture_control
[0.350s] -- Up-to-date: /home/sunrise/xgo_demo/install/xgo_gesture_control/share/xgo_gesture_control/environment/ament_prefix_path.sh
[0.351s] -- Up-to-date: /home/sunrise/xgo_demo/install/xgo_gesture_control/share/xgo_gesture_control/environment/ament_prefix_path.dsv
[0.352s] -- Up-to-date: /home/sunrise/xgo_demo/install/xgo_gesture_control/share/xgo_gesture_control/environment/path.sh
[0.353s] -- Up-to-date: /home/sunrise/xgo_demo/install/xgo_gesture_control/share/xgo_gesture_control/environment/path.dsv
[0.353s] -- Up-to-date: /home/sunrise/xgo_demo/install/xgo_gesture_control/share/xgo_gesture_control/local_setup.bash
[0.354s] -- Up-to-date: /home/sunrise/xgo_demo/install/xgo_gesture_control/share/xgo_gesture_control/local_setup.sh
[0.354s] -- Up-to-date: /home/sunrise/xgo_demo/install/xgo_gesture_control/share/xgo_gesture_control/local_setup.zsh
[0.355s] -- Up-to-date: /home/sunrise/xgo_demo/install/xgo_gesture_control/share/xgo_gesture_control/local_setup.dsv
[0.356s] -- Installing: /home/sunrise/xgo_demo/install/xgo_gesture_control/share/xgo_gesture_control/package.dsv
[0.357s] -- Up-to-date: /home/sunrise/xgo_demo/install/xgo_gesture_control/share/ament_index/resource_index/packages/xgo_gesture_control
[0.361s] -- Up-to-date: /home/sunrise/xgo_demo/install/xgo_gesture_control/share/xgo_gesture_control/cmake/ament_cmake_export_dependencies-extras.cmake
[0.363s] -- Up-to-date: /home/sunrise/xgo_demo/install/xgo_gesture_control/share/xgo_gesture_control/cmake/xgo_gesture_controlConfig.cmake
[0.364s] -- Up-to-date: /home/sunrise/xgo_demo/install/xgo_gesture_control/share/xgo_gesture_control/cmake/xgo_gesture_controlConfig-version.cmake
[0.364s] -- Up-to-date: /home/sunrise/xgo_demo/install/xgo_gesture_control/share/xgo_gesture_control/package.xml
[0.365s] Invoked command in '/home/sunrise/xgo_demo/build/xgo_gesture_control' returned '0': CMAKE_PREFIX_PATH=/home/sunrise/xgo_demo/install/xgolib:/home/sunrise/xgo_demo/install/xgo_voice_control:/home/sunrise/xgo_demo/install/xgo_motion:/home/sunrise/xgo_demo/install/xgo_head:/home/sunrise/xgo_demo/install/xgo_device:/home/sunrise/xgo_demo/install/xgoscreen:/home/sunrise/xgo_demo/install/xgo_gesture_control:/home/sunrise/xgo_demo/install/xgo_face_control:/home/sunrise/xgo_demo/install/xgo_body_tracker:/opt/tros/humble:/opt/ros/humble /usr/bin/cmake --install /home/sunrise/xgo_demo/build/xgo_gesture_control
