[  5%] [34m[1mGenerating ui_mainwindow.h[0m
/home/sunrise/xgo_demo/src/xgo_head/ui/mainwindow.ui: Warning: The name 'layoutWidget' (QWidget) is already in use, defaulting to 'layoutWidget1'.
/home/sunrise/xgo_demo/src/xgo_head/ui/mainwindow.ui: Warning: The name 'layoutWidget' (QWidget) is already in use, defaulting to 'layoutWidget2'.
/home/sunrise/xgo_demo/src/xgo_head/ui/mainwindow.ui: Warning: The name 'label' (QLabel) is already in use, defaulting to 'label1'.
[35m[1mConsolidate compiler generated dependencies of target xgo_head[0m
[ 10%] [32mBuilding CXX object CMakeFiles/xgo_head.dir/src/mainwindow.cpp.o[0m
[ 15%] [32m[1mLinking CXX executable xgo_head[0m
[100%] Built target xgo_head
-- Install configuration: ""
-- Execute custom install script
-- Up-to-date symlink: /home/sunrise/xgo_demo/install/xgo_head/lib/xgo_head/xgo_head
-- Up-to-date symlink: /home/sunrise/xgo_demo/install/xgo_head/share/ament_index/resource_index/package_run_dependencies/xgo_head
-- Up-to-date symlink: /home/sunrise/xgo_demo/install/xgo_head/share/ament_index/resource_index/parent_prefix_path/xgo_head
-- Up-to-date symlink: /home/sunrise/xgo_demo/install/xgo_head/share/xgo_head/environment/ament_prefix_path.sh
-- Up-to-date symlink: /home/sunrise/xgo_demo/install/xgo_head/share/xgo_head/environment/ament_prefix_path.dsv
-- Up-to-date symlink: /home/sunrise/xgo_demo/install/xgo_head/share/xgo_head/environment/path.sh
-- Up-to-date symlink: /home/sunrise/xgo_demo/install/xgo_head/share/xgo_head/environment/path.dsv
-- Up-to-date symlink: /home/sunrise/xgo_demo/install/xgo_head/share/xgo_head/local_setup.bash
-- Up-to-date symlink: /home/sunrise/xgo_demo/install/xgo_head/share/xgo_head/local_setup.sh
-- Up-to-date symlink: /home/sunrise/xgo_demo/install/xgo_head/share/xgo_head/local_setup.zsh
-- Up-to-date symlink: /home/sunrise/xgo_demo/install/xgo_head/share/xgo_head/local_setup.dsv
-- Symlinking: /home/sunrise/xgo_demo/install/xgo_head/share/xgo_head/package.dsv
-- Up-to-date symlink: /home/sunrise/xgo_demo/install/xgo_head/share/ament_index/resource_index/packages/xgo_head
-- Up-to-date symlink: /home/sunrise/xgo_demo/install/xgo_head/share/xgo_head/cmake/ament_cmake_export_dependencies-extras.cmake
-- Up-to-date symlink: /home/sunrise/xgo_demo/install/xgo_head/share/xgo_head/cmake/xgo_headConfig.cmake
-- Up-to-date symlink: /home/sunrise/xgo_demo/install/xgo_head/share/xgo_head/cmake/xgo_headConfig-version.cmake
-- Up-to-date symlink: /home/sunrise/xgo_demo/install/xgo_head/share/xgo_head/package.xml
-- Up-to-date: /home/sunrise/xgo_demo/install/xgo_head/share/xgo_head/launch/
-- Up-to-date: /home/sunrise/xgo_demo/install/xgo_head/share/xgo_head/launch//xgo_complete.launch.py
