[100%] Built target face_node
-- Install configuration: ""
-- Up-to-date: /home/sunrise/xgo_demo/install/xgo_face_control/lib/xgo_face_control/face_node
-- Up-to-date: /home/sunrise/xgo_demo/install/xgo_face_control/share/xgo_face_control/launch
-- Up-to-date: /home/sunrise/xgo_demo/install/xgo_face_control/share/xgo_face_control/launch/face.launch.py
-- Up-to-date: /home/sunrise/xgo_demo/install/xgo_face_control/share/xgo_face_control/launch/face_with_detection.launch.py
-- Up-to-date: /home/sunrise/xgo_demo/install/xgo_face_control/share/ament_index/resource_index/package_run_dependencies/xgo_face_control
-- Up-to-date: /home/sunrise/xgo_demo/install/xgo_face_control/share/ament_index/resource_index/parent_prefix_path/xgo_face_control
-- Up-to-date: /home/sunrise/xgo_demo/install/xgo_face_control/share/xgo_face_control/environment/ament_prefix_path.sh
-- Up-to-date: /home/sunrise/xgo_demo/install/xgo_face_control/share/xgo_face_control/environment/ament_prefix_path.dsv
-- Up-to-date: /home/sunrise/xgo_demo/install/xgo_face_control/share/xgo_face_control/environment/path.sh
-- Up-to-date: /home/sunrise/xgo_demo/install/xgo_face_control/share/xgo_face_control/environment/path.dsv
-- Up-to-date: /home/sunrise/xgo_demo/install/xgo_face_control/share/xgo_face_control/local_setup.bash
-- Up-to-date: /home/sunrise/xgo_demo/install/xgo_face_control/share/xgo_face_control/local_setup.sh
-- Up-to-date: /home/sunrise/xgo_demo/install/xgo_face_control/share/xgo_face_control/local_setup.zsh
-- Up-to-date: /home/sunrise/xgo_demo/install/xgo_face_control/share/xgo_face_control/local_setup.dsv
-- Installing: /home/sunrise/xgo_demo/install/xgo_face_control/share/xgo_face_control/package.dsv
-- Up-to-date: /home/sunrise/xgo_demo/install/xgo_face_control/share/ament_index/resource_index/packages/xgo_face_control
-- Up-to-date: /home/sunrise/xgo_demo/install/xgo_face_control/share/xgo_face_control/cmake/xgo_face_controlConfig.cmake
-- Up-to-date: /home/sunrise/xgo_demo/install/xgo_face_control/share/xgo_face_control/cmake/xgo_face_controlConfig-version.cmake
-- Up-to-date: /home/sunrise/xgo_demo/install/xgo_face_control/share/xgo_face_control/package.xml
