[0.041s] Invoking command in '/home/sunrise/xgo_demo/build/xgo_face_control': CMAKE_PREFIX_PATH=/home/sunrise/xgo_demo/install/xgolib:/home/sunrise/xgo_demo/install/xgo_voice_control:/home/sunrise/xgo_demo/install/xgo_motion:/home/sunrise/xgo_demo/install/xgo_head:/home/sunrise/xgo_demo/install/xgo_device:/home/sunrise/xgo_demo/install/xgoscreen:/home/sunrise/xgo_demo/install/xgo_gesture_control:/home/sunrise/xgo_demo/install/xgo_face_control:/home/sunrise/xgo_demo/install/xgo_body_tracker:/opt/tros/humble:/opt/ros/humble /usr/bin/cmake --build /home/sunrise/xgo_demo/build/xgo_face_control -- -j4 -l4
[0.247s] [100%] Built target face_node
[0.286s] Invoked command in '/home/sunrise/xgo_demo/build/xgo_face_control' returned '0': CMAKE_PREFIX_PATH=/home/sunrise/xgo_demo/install/xgolib:/home/sunrise/xgo_demo/install/xgo_voice_control:/home/sunrise/xgo_demo/install/xgo_motion:/home/sunrise/xgo_demo/install/xgo_head:/home/sunrise/xgo_demo/install/xgo_device:/home/sunrise/xgo_demo/install/xgoscreen:/home/sunrise/xgo_demo/install/xgo_gesture_control:/home/sunrise/xgo_demo/install/xgo_face_control:/home/sunrise/xgo_demo/install/xgo_body_tracker:/opt/tros/humble:/opt/ros/humble /usr/bin/cmake --build /home/sunrise/xgo_demo/build/xgo_face_control -- -j4 -l4
[0.294s] Invoking command in '/home/sunrise/xgo_demo/build/xgo_face_control': CMAKE_PREFIX_PATH=/home/sunrise/xgo_demo/install/xgolib:/home/sunrise/xgo_demo/install/xgo_voice_control:/home/sunrise/xgo_demo/install/xgo_motion:/home/sunrise/xgo_demo/install/xgo_head:/home/sunrise/xgo_demo/install/xgo_device:/home/sunrise/xgo_demo/install/xgoscreen:/home/sunrise/xgo_demo/install/xgo_gesture_control:/home/sunrise/xgo_demo/install/xgo_face_control:/home/sunrise/xgo_demo/install/xgo_body_tracker:/opt/tros/humble:/opt/ros/humble /usr/bin/cmake --install /home/sunrise/xgo_demo/build/xgo_face_control
[0.321s] -- Install configuration: ""
[0.323s] -- Up-to-date: /home/sunrise/xgo_demo/install/xgo_face_control/lib/xgo_face_control/face_node
[0.324s] -- Up-to-date: /home/sunrise/xgo_demo/install/xgo_face_control/share/xgo_face_control/launch
[0.325s] -- Up-to-date: /home/sunrise/xgo_demo/install/xgo_face_control/share/xgo_face_control/launch/face.launch.py
[0.326s] -- Up-to-date: /home/sunrise/xgo_demo/install/xgo_face_control/share/xgo_face_control/launch/face_with_detection.launch.py
[0.327s] -- Up-to-date: /home/sunrise/xgo_demo/install/xgo_face_control/share/ament_index/resource_index/package_run_dependencies/xgo_face_control
[0.328s] -- Up-to-date: /home/sunrise/xgo_demo/install/xgo_face_control/share/ament_index/resource_index/parent_prefix_path/xgo_face_control
[0.329s] -- Up-to-date: /home/sunrise/xgo_demo/install/xgo_face_control/share/xgo_face_control/environment/ament_prefix_path.sh
[0.330s] -- Up-to-date: /home/sunrise/xgo_demo/install/xgo_face_control/share/xgo_face_control/environment/ament_prefix_path.dsv
[0.331s] -- Up-to-date: /home/sunrise/xgo_demo/install/xgo_face_control/share/xgo_face_control/environment/path.sh
[0.331s] -- Up-to-date: /home/sunrise/xgo_demo/install/xgo_face_control/share/xgo_face_control/environment/path.dsv
[0.332s] -- Up-to-date: /home/sunrise/xgo_demo/install/xgo_face_control/share/xgo_face_control/local_setup.bash
[0.332s] -- Up-to-date: /home/sunrise/xgo_demo/install/xgo_face_control/share/xgo_face_control/local_setup.sh
[0.333s] -- Up-to-date: /home/sunrise/xgo_demo/install/xgo_face_control/share/xgo_face_control/local_setup.zsh
[0.334s] -- Up-to-date: /home/sunrise/xgo_demo/install/xgo_face_control/share/xgo_face_control/local_setup.dsv
[0.335s] -- Installing: /home/sunrise/xgo_demo/install/xgo_face_control/share/xgo_face_control/package.dsv
[0.336s] -- Up-to-date: /home/sunrise/xgo_demo/install/xgo_face_control/share/ament_index/resource_index/packages/xgo_face_control
[0.341s] -- Up-to-date: /home/sunrise/xgo_demo/install/xgo_face_control/share/xgo_face_control/cmake/xgo_face_controlConfig.cmake
[0.341s] -- Up-to-date: /home/sunrise/xgo_demo/install/xgo_face_control/share/xgo_face_control/cmake/xgo_face_controlConfig-version.cmake
[0.342s] -- Up-to-date: /home/sunrise/xgo_demo/install/xgo_face_control/share/xgo_face_control/package.xml
[0.343s] Invoked command in '/home/sunrise/xgo_demo/build/xgo_face_control' returned '0': CMAKE_PREFIX_PATH=/home/sunrise/xgo_demo/install/xgolib:/home/sunrise/xgo_demo/install/xgo_voice_control:/home/sunrise/xgo_demo/install/xgo_motion:/home/sunrise/xgo_demo/install/xgo_head:/home/sunrise/xgo_demo/install/xgo_device:/home/sunrise/xgo_demo/install/xgoscreen:/home/sunrise/xgo_demo/install/xgo_gesture_control:/home/sunrise/xgo_demo/install/xgo_face_control:/home/sunrise/xgo_demo/install/xgo_body_tracker:/opt/tros/humble:/opt/ros/humble /usr/bin/cmake --install /home/sunrise/xgo_demo/build/xgo_face_control
