[1.269s] DEBUG:colcon:Command line arguments: ['/home/sunrise/.local/bin/colcon', 'build', '--packages-select', 'xgo_lidar_display']
[1.270s] DEBUG:colcon:Parsed command line arguments: Namespace(log_base=None, log_level=None, verb_name='build', build_base='build', install_base='install', merge_install=False, symlink_install=False, test_result_base=None, continue_on_error=False, executor='parallel', parallel_workers=4, event_handlers=None, ignore_user_meta=False, metas=['./colcon.meta'], base_paths=['.'], packages_ignore=None, packages_ignore_regex=None, paths=None, packages_up_to=None, packages_up_to_regex=None, packages_above=None, packages_above_and_dependencies=None, packages_above_depth=None, packages_select_by_dep=None, packages_skip_by_dep=None, packages_skip_up_to=None, packages_select_build_failed=False, packages_skip_build_finished=False, packages_select_test_failures=False, packages_skip_test_passed=False, packages_select=['xgo_lidar_display'], packages_skip=None, packages_select_regex=None, packages_skip_regex=None, packages_start=None, packages_end=None, cmake_args=None, cmake_target=None, cmake_target_skip_unavailable=False, cmake_clean_cache=False, cmake_clean_first=False, cmake_force_configure=False, ament_cmake_args=None, catkin_cmake_args=None, catkin_skip_building_tests=False, verb_parser=<colcon_defaults.argument_parser.defaults.DefaultArgumentsDecorator object at 0x7f8a5fa440>, verb_extension=<colcon_core.verb.build.BuildVerb object at 0x7f8a5f9ea0>, main=<bound method BuildVerb.main of <colcon_core.verb.build.BuildVerb object at 0x7f8a5f9ea0>>)
[2.398s] Level 1:colcon.colcon_core.package_discovery:discover_packages(colcon_meta) check parameters
[2.399s] Level 1:colcon.colcon_core.package_discovery:discover_packages(recursive) check parameters
[2.399s] Level 1:colcon.colcon_core.package_discovery:discover_packages(ignore) check parameters
[2.400s] Level 1:colcon.colcon_core.package_discovery:discover_packages(path) check parameters
[2.400s] Level 1:colcon.colcon_core.package_discovery:discover_packages(colcon_meta) discover
[2.400s] Level 1:colcon.colcon_core.package_discovery:discover_packages(recursive) discover
[2.400s] INFO:colcon.colcon_core.package_discovery:Crawling recursively for packages in '/home/sunrise/xgo_demo'
[2.401s] Level 1:colcon.colcon_core.package_identification:_identify(.) by extensions ['ignore', 'ignore_ament_install']
[2.401s] Level 1:colcon.colcon_core.package_identification:_identify(.) by extension 'ignore'
[2.402s] Level 1:colcon.colcon_core.package_identification:_identify(.) by extension 'ignore_ament_install'
[2.402s] Level 1:colcon.colcon_core.package_identification:_identify(.) by extensions ['colcon_pkg']
[2.402s] Level 1:colcon.colcon_core.package_identification:_identify(.) by extension 'colcon_pkg'
[2.403s] Level 1:colcon.colcon_core.package_identification:_identify(.) by extensions ['colcon_meta']
[2.403s] Level 1:colcon.colcon_core.package_identification:_identify(.) by extension 'colcon_meta'
[2.403s] Level 1:colcon.colcon_core.package_identification:_identify(.) by extensions ['ros']
[2.403s] Level 1:colcon.colcon_core.package_identification:_identify(.) by extension 'ros'
[2.496s] Level 1:colcon.colcon_core.package_identification:_identify(.) by extensions ['cmake', 'python']
[2.496s] Level 1:colcon.colcon_core.package_identification:_identify(.) by extension 'cmake'
[2.497s] Level 1:colcon.colcon_core.package_identification:_identify(.) by extension 'python'
[2.497s] Level 1:colcon.colcon_core.package_identification:_identify(.) by extensions ['python_setup_py']
[2.497s] Level 1:colcon.colcon_core.package_identification:_identify(.) by extension 'python_setup_py'
[2.498s] Level 1:colcon.colcon_core.package_identification:_identify(build) by extensions ['ignore', 'ignore_ament_install']
[2.498s] Level 1:colcon.colcon_core.package_identification:_identify(build) by extension 'ignore'
[2.498s] Level 1:colcon.colcon_core.package_identification:_identify(build) ignored
[2.499s] Level 1:colcon.colcon_core.package_identification:_identify(config) by extensions ['ignore', 'ignore_ament_install']
[2.500s] Level 1:colcon.colcon_core.package_identification:_identify(config) by extension 'ignore'
[2.500s] Level 1:colcon.colcon_core.package_identification:_identify(config) by extension 'ignore_ament_install'
[2.501s] Level 1:colcon.colcon_core.package_identification:_identify(config) by extensions ['colcon_pkg']
[2.501s] Level 1:colcon.colcon_core.package_identification:_identify(config) by extension 'colcon_pkg'
[2.501s] Level 1:colcon.colcon_core.package_identification:_identify(config) by extensions ['colcon_meta']
[2.502s] Level 1:colcon.colcon_core.package_identification:_identify(config) by extension 'colcon_meta'
[2.502s] Level 1:colcon.colcon_core.package_identification:_identify(config) by extensions ['ros']
[2.502s] Level 1:colcon.colcon_core.package_identification:_identify(config) by extension 'ros'
[2.503s] Level 1:colcon.colcon_core.package_identification:_identify(config) by extensions ['cmake', 'python']
[2.503s] Level 1:colcon.colcon_core.package_identification:_identify(config) by extension 'cmake'
[2.503s] Level 1:colcon.colcon_core.package_identification:_identify(config) by extension 'python'
[2.503s] Level 1:colcon.colcon_core.package_identification:_identify(config) by extensions ['python_setup_py']
[2.504s] Level 1:colcon.colcon_core.package_identification:_identify(config) by extension 'python_setup_py'
[2.504s] Level 1:colcon.colcon_core.package_identification:_identify(config/efficient_det) by extensions ['ignore', 'ignore_ament_install']
[2.505s] Level 1:colcon.colcon_core.package_identification:_identify(config/efficient_det) by extension 'ignore'
[2.505s] Level 1:colcon.colcon_core.package_identification:_identify(config/efficient_det) by extension 'ignore_ament_install'
[2.506s] Level 1:colcon.colcon_core.package_identification:_identify(config/efficient_det) by extensions ['colcon_pkg']
[2.506s] Level 1:colcon.colcon_core.package_identification:_identify(config/efficient_det) by extension 'colcon_pkg'
[2.506s] Level 1:colcon.colcon_core.package_identification:_identify(config/efficient_det) by extensions ['colcon_meta']
[2.506s] Level 1:colcon.colcon_core.package_identification:_identify(config/efficient_det) by extension 'colcon_meta'
[2.507s] Level 1:colcon.colcon_core.package_identification:_identify(config/efficient_det) by extensions ['ros']
[2.507s] Level 1:colcon.colcon_core.package_identification:_identify(config/efficient_det) by extension 'ros'
[2.507s] Level 1:colcon.colcon_core.package_identification:_identify(config/efficient_det) by extensions ['cmake', 'python']
[2.508s] Level 1:colcon.colcon_core.package_identification:_identify(config/efficient_det) by extension 'cmake'
[2.508s] Level 1:colcon.colcon_core.package_identification:_identify(config/efficient_det) by extension 'python'
[2.508s] Level 1:colcon.colcon_core.package_identification:_identify(config/efficient_det) by extensions ['python_setup_py']
[2.508s] Level 1:colcon.colcon_core.package_identification:_identify(config/efficient_det) by extension 'python_setup_py'
[2.509s] Level 1:colcon.colcon_core.package_identification:_identify(install) by extensions ['ignore', 'ignore_ament_install']
[2.510s] Level 1:colcon.colcon_core.package_identification:_identify(install) by extension 'ignore'
[2.510s] Level 1:colcon.colcon_core.package_identification:_identify(install) ignored
[2.511s] Level 1:colcon.colcon_core.package_identification:_identify(log) by extensions ['ignore', 'ignore_ament_install']
[2.511s] Level 1:colcon.colcon_core.package_identification:_identify(log) by extension 'ignore'
[2.511s] Level 1:colcon.colcon_core.package_identification:_identify(log) ignored
[2.512s] Level 1:colcon.colcon_core.package_identification:_identify(src) by extensions ['ignore', 'ignore_ament_install']
[2.512s] Level 1:colcon.colcon_core.package_identification:_identify(src) by extension 'ignore'
[2.513s] Level 1:colcon.colcon_core.package_identification:_identify(src) by extension 'ignore_ament_install'
[2.513s] Level 1:colcon.colcon_core.package_identification:_identify(src) by extensions ['colcon_pkg']
[2.513s] Level 1:colcon.colcon_core.package_identification:_identify(src) by extension 'colcon_pkg'
[2.514s] Level 1:colcon.colcon_core.package_identification:_identify(src) by extensions ['colcon_meta']
[2.514s] Level 1:colcon.colcon_core.package_identification:_identify(src) by extension 'colcon_meta'
[2.514s] Level 1:colcon.colcon_core.package_identification:_identify(src) by extensions ['ros']
[2.514s] Level 1:colcon.colcon_core.package_identification:_identify(src) by extension 'ros'
[2.515s] Level 1:colcon.colcon_core.package_identification:_identify(src) by extensions ['cmake', 'python']
[2.515s] Level 1:colcon.colcon_core.package_identification:_identify(src) by extension 'cmake'
[2.516s] Level 1:colcon.colcon_core.package_identification:_identify(src) by extension 'python'
[2.516s] Level 1:colcon.colcon_core.package_identification:_identify(src) by extensions ['python_setup_py']
[2.516s] Level 1:colcon.colcon_core.package_identification:_identify(src) by extension 'python_setup_py'
[2.517s] Level 1:colcon.colcon_core.package_identification:_identify(src/build) by extensions ['ignore', 'ignore_ament_install']
[2.517s] Level 1:colcon.colcon_core.package_identification:_identify(src/build) by extension 'ignore'
[2.518s] Level 1:colcon.colcon_core.package_identification:_identify(src/build) ignored
[2.518s] Level 1:colcon.colcon_core.package_identification:_identify(src/install) by extensions ['ignore', 'ignore_ament_install']
[2.519s] Level 1:colcon.colcon_core.package_identification:_identify(src/install) by extension 'ignore'
[2.519s] Level 1:colcon.colcon_core.package_identification:_identify(src/install) ignored
[2.520s] Level 1:colcon.colcon_core.package_identification:_identify(src/log) by extensions ['ignore', 'ignore_ament_install']
[2.520s] Level 1:colcon.colcon_core.package_identification:_identify(src/log) by extension 'ignore'
[2.521s] Level 1:colcon.colcon_core.package_identification:_identify(src/log) ignored
[2.521s] Level 1:colcon.colcon_core.package_identification:_identify(src/xgo_body_tracker) by extensions ['ignore', 'ignore_ament_install']
[2.522s] Level 1:colcon.colcon_core.package_identification:_identify(src/xgo_body_tracker) by extension 'ignore'
[2.522s] Level 1:colcon.colcon_core.package_identification:_identify(src/xgo_body_tracker) by extension 'ignore_ament_install'
[2.522s] Level 1:colcon.colcon_core.package_identification:_identify(src/xgo_body_tracker) by extensions ['colcon_pkg']
[2.523s] Level 1:colcon.colcon_core.package_identification:_identify(src/xgo_body_tracker) by extension 'colcon_pkg'
[2.523s] Level 1:colcon.colcon_core.package_identification:_identify(src/xgo_body_tracker) by extensions ['colcon_meta']
[2.523s] Level 1:colcon.colcon_core.package_identification:_identify(src/xgo_body_tracker) by extension 'colcon_meta'
[2.524s] Level 1:colcon.colcon_core.package_identification:_identify(src/xgo_body_tracker) by extensions ['ros']
[2.524s] Level 1:colcon.colcon_core.package_identification:_identify(src/xgo_body_tracker) by extension 'ros'
[2.543s] DEBUG:colcon.colcon_core.package_identification:Package 'src/xgo_body_tracker' with type 'ros.ament_cmake' and name 'xgo_body_tracker'
[2.544s] Level 1:colcon.colcon_core.package_identification:_identify(src/xgo_device) by extensions ['ignore', 'ignore_ament_install']
[2.544s] Level 1:colcon.colcon_core.package_identification:_identify(src/xgo_device) by extension 'ignore'
[2.545s] Level 1:colcon.colcon_core.package_identification:_identify(src/xgo_device) by extension 'ignore_ament_install'
[2.545s] Level 1:colcon.colcon_core.package_identification:_identify(src/xgo_device) by extensions ['colcon_pkg']
[2.545s] Level 1:colcon.colcon_core.package_identification:_identify(src/xgo_device) by extension 'colcon_pkg'
[2.545s] Level 1:colcon.colcon_core.package_identification:_identify(src/xgo_device) by extensions ['colcon_meta']
[2.546s] Level 1:colcon.colcon_core.package_identification:_identify(src/xgo_device) by extension 'colcon_meta'
[2.546s] Level 1:colcon.colcon_core.package_identification:_identify(src/xgo_device) by extensions ['ros']
[2.546s] Level 1:colcon.colcon_core.package_identification:_identify(src/xgo_device) by extension 'ros'
[2.554s] DEBUG:colcon.colcon_core.package_identification:Package 'src/xgo_device' with type 'ros.ament_cmake' and name 'xgo_device'
[2.555s] Level 1:colcon.colcon_core.package_identification:_identify(src/xgo_face_control) by extensions ['ignore', 'ignore_ament_install']
[2.555s] Level 1:colcon.colcon_core.package_identification:_identify(src/xgo_face_control) by extension 'ignore'
[2.556s] Level 1:colcon.colcon_core.package_identification:_identify(src/xgo_face_control) by extension 'ignore_ament_install'
[2.556s] Level 1:colcon.colcon_core.package_identification:_identify(src/xgo_face_control) by extensions ['colcon_pkg']
[2.556s] Level 1:colcon.colcon_core.package_identification:_identify(src/xgo_face_control) by extension 'colcon_pkg'
[2.557s] Level 1:colcon.colcon_core.package_identification:_identify(src/xgo_face_control) by extensions ['colcon_meta']
[2.557s] Level 1:colcon.colcon_core.package_identification:_identify(src/xgo_face_control) by extension 'colcon_meta'
[2.557s] Level 1:colcon.colcon_core.package_identification:_identify(src/xgo_face_control) by extensions ['ros']
[2.557s] Level 1:colcon.colcon_core.package_identification:_identify(src/xgo_face_control) by extension 'ros'
[2.562s] DEBUG:colcon.colcon_core.package_identification:Package 'src/xgo_face_control' with type 'ros.ament_cmake' and name 'xgo_face_control'
[2.563s] Level 1:colcon.colcon_core.package_identification:_identify(src/xgo_gesture_control) by extensions ['ignore', 'ignore_ament_install']
[2.564s] Level 1:colcon.colcon_core.package_identification:_identify(src/xgo_gesture_control) by extension 'ignore'
[2.564s] Level 1:colcon.colcon_core.package_identification:_identify(src/xgo_gesture_control) by extension 'ignore_ament_install'
[2.564s] Level 1:colcon.colcon_core.package_identification:_identify(src/xgo_gesture_control) by extensions ['colcon_pkg']
[2.565s] Level 1:colcon.colcon_core.package_identification:_identify(src/xgo_gesture_control) by extension 'colcon_pkg'
[2.565s] Level 1:colcon.colcon_core.package_identification:_identify(src/xgo_gesture_control) by extensions ['colcon_meta']
[2.565s] Level 1:colcon.colcon_core.package_identification:_identify(src/xgo_gesture_control) by extension 'colcon_meta'
[2.566s] Level 1:colcon.colcon_core.package_identification:_identify(src/xgo_gesture_control) by extensions ['ros']
[2.566s] Level 1:colcon.colcon_core.package_identification:_identify(src/xgo_gesture_control) by extension 'ros'
[2.572s] DEBUG:colcon.colcon_core.package_identification:Package 'src/xgo_gesture_control' with type 'ros.ament_cmake' and name 'xgo_gesture_control'
[2.573s] Level 1:colcon.colcon_core.package_identification:_identify(src/xgo_head) by extensions ['ignore', 'ignore_ament_install']
[2.573s] Level 1:colcon.colcon_core.package_identification:_identify(src/xgo_head) by extension 'ignore'
[2.574s] Level 1:colcon.colcon_core.package_identification:_identify(src/xgo_head) by extension 'ignore_ament_install'
[2.574s] Level 1:colcon.colcon_core.package_identification:_identify(src/xgo_head) by extensions ['colcon_pkg']
[2.574s] Level 1:colcon.colcon_core.package_identification:_identify(src/xgo_head) by extension 'colcon_pkg'
[2.574s] Level 1:colcon.colcon_core.package_identification:_identify(src/xgo_head) by extensions ['colcon_meta']
[2.575s] Level 1:colcon.colcon_core.package_identification:_identify(src/xgo_head) by extension 'colcon_meta'
[2.575s] Level 1:colcon.colcon_core.package_identification:_identify(src/xgo_head) by extensions ['ros']
[2.575s] Level 1:colcon.colcon_core.package_identification:_identify(src/xgo_head) by extension 'ros'
[2.581s] DEBUG:colcon.colcon_core.package_identification:Package 'src/xgo_head' with type 'ros.ament_cmake' and name 'xgo_head'
[2.582s] Level 1:colcon.colcon_core.package_identification:_identify(src/xgo_lidar_display) by extensions ['ignore', 'ignore_ament_install']
[2.583s] Level 1:colcon.colcon_core.package_identification:_identify(src/xgo_lidar_display) by extension 'ignore'
[2.583s] Level 1:colcon.colcon_core.package_identification:_identify(src/xgo_lidar_display) by extension 'ignore_ament_install'
[2.583s] Level 1:colcon.colcon_core.package_identification:_identify(src/xgo_lidar_display) by extensions ['colcon_pkg']
[2.584s] Level 1:colcon.colcon_core.package_identification:_identify(src/xgo_lidar_display) by extension 'colcon_pkg'
[2.584s] Level 1:colcon.colcon_core.package_identification:_identify(src/xgo_lidar_display) by extensions ['colcon_meta']
[2.584s] Level 1:colcon.colcon_core.package_identification:_identify(src/xgo_lidar_display) by extension 'colcon_meta'
[2.585s] Level 1:colcon.colcon_core.package_identification:_identify(src/xgo_lidar_display) by extensions ['ros']
[2.585s] Level 1:colcon.colcon_core.package_identification:_identify(src/xgo_lidar_display) by extension 'ros'
[2.590s] DEBUG:colcon.colcon_core.package_identification:Package 'src/xgo_lidar_display' with type 'ros.ament_cmake' and name 'xgo_lidar_display'
[2.591s] Level 1:colcon.colcon_core.package_identification:_identify(src/xgo_motion) by extensions ['ignore', 'ignore_ament_install']
[2.591s] Level 1:colcon.colcon_core.package_identification:_identify(src/xgo_motion) by extension 'ignore'
[2.592s] Level 1:colcon.colcon_core.package_identification:_identify(src/xgo_motion) by extension 'ignore_ament_install'
[2.592s] Level 1:colcon.colcon_core.package_identification:_identify(src/xgo_motion) by extensions ['colcon_pkg']
[2.592s] Level 1:colcon.colcon_core.package_identification:_identify(src/xgo_motion) by extension 'colcon_pkg'
[2.593s] Level 1:colcon.colcon_core.package_identification:_identify(src/xgo_motion) by extensions ['colcon_meta']
[2.593s] Level 1:colcon.colcon_core.package_identification:_identify(src/xgo_motion) by extension 'colcon_meta'
[2.593s] Level 1:colcon.colcon_core.package_identification:_identify(src/xgo_motion) by extensions ['ros']
[2.593s] Level 1:colcon.colcon_core.package_identification:_identify(src/xgo_motion) by extension 'ros'
[2.600s] DEBUG:colcon.colcon_core.package_identification:Package 'src/xgo_motion' with type 'ros.ament_cmake' and name 'xgo_motion'
[2.601s] Level 1:colcon.colcon_core.package_identification:_identify(src/xgo_voice_control) by extensions ['ignore', 'ignore_ament_install']
[2.602s] Level 1:colcon.colcon_core.package_identification:_identify(src/xgo_voice_control) by extension 'ignore'
[2.602s] Level 1:colcon.colcon_core.package_identification:_identify(src/xgo_voice_control) by extension 'ignore_ament_install'
[2.602s] Level 1:colcon.colcon_core.package_identification:_identify(src/xgo_voice_control) by extensions ['colcon_pkg']
[2.603s] Level 1:colcon.colcon_core.package_identification:_identify(src/xgo_voice_control) by extension 'colcon_pkg'
[2.603s] Level 1:colcon.colcon_core.package_identification:_identify(src/xgo_voice_control) by extensions ['colcon_meta']
[2.603s] Level 1:colcon.colcon_core.package_identification:_identify(src/xgo_voice_control) by extension 'colcon_meta'
[2.604s] Level 1:colcon.colcon_core.package_identification:_identify(src/xgo_voice_control) by extensions ['ros']
[2.604s] Level 1:colcon.colcon_core.package_identification:_identify(src/xgo_voice_control) by extension 'ros'
[2.611s] DEBUG:colcon.colcon_core.package_identification:Package 'src/xgo_voice_control' with type 'ros.ament_cmake' and name 'xgo_voice_control'
[2.611s] Level 1:colcon.colcon_core.package_identification:_identify(src/xgolib) by extensions ['ignore', 'ignore_ament_install']
[2.612s] Level 1:colcon.colcon_core.package_identification:_identify(src/xgolib) by extension 'ignore'
[2.612s] Level 1:colcon.colcon_core.package_identification:_identify(src/xgolib) by extension 'ignore_ament_install'
[2.613s] Level 1:colcon.colcon_core.package_identification:_identify(src/xgolib) by extensions ['colcon_pkg']
[2.613s] Level 1:colcon.colcon_core.package_identification:_identify(src/xgolib) by extension 'colcon_pkg'
[2.613s] Level 1:colcon.colcon_core.package_identification:_identify(src/xgolib) by extensions ['colcon_meta']
[2.614s] Level 1:colcon.colcon_core.package_identification:_identify(src/xgolib) by extension 'colcon_meta'
[2.614s] Level 1:colcon.colcon_core.package_identification:_identify(src/xgolib) by extensions ['ros']
[2.614s] Level 1:colcon.colcon_core.package_identification:_identify(src/xgolib) by extension 'ros'
[2.618s] DEBUG:colcon.colcon_core.package_identification:Package 'src/xgolib' with type 'ros.ament_cmake' and name 'xgolib'
[2.619s] Level 1:colcon.colcon_core.package_identification:_identify(src/xgoscreen) by extensions ['ignore', 'ignore_ament_install']
[2.620s] Level 1:colcon.colcon_core.package_identification:_identify(src/xgoscreen) by extension 'ignore'
[2.620s] Level 1:colcon.colcon_core.package_identification:_identify(src/xgoscreen) by extension 'ignore_ament_install'
[2.620s] Level 1:colcon.colcon_core.package_identification:_identify(src/xgoscreen) by extensions ['colcon_pkg']
[2.621s] Level 1:colcon.colcon_core.package_identification:_identify(src/xgoscreen) by extension 'colcon_pkg'
[2.621s] Level 1:colcon.colcon_core.package_identification:_identify(src/xgoscreen) by extensions ['colcon_meta']
[2.621s] Level 1:colcon.colcon_core.package_identification:_identify(src/xgoscreen) by extension 'colcon_meta'
[2.621s] Level 1:colcon.colcon_core.package_identification:_identify(src/xgoscreen) by extensions ['ros']
[2.622s] Level 1:colcon.colcon_core.package_identification:_identify(src/xgoscreen) by extension 'ros'
[2.628s] DEBUG:colcon.colcon_core.package_identification:Package 'src/xgoscreen' with type 'ros.ament_cmake' and name 'xgoscreen'
[2.628s] Level 1:colcon.colcon_core.package_discovery:discover_packages(recursive) using defaults
[2.628s] Level 1:colcon.colcon_core.package_discovery:discover_packages(ignore) discover
[2.629s] Level 1:colcon.colcon_core.package_discovery:discover_packages(ignore) using defaults
[2.629s] Level 1:colcon.colcon_core.package_discovery:discover_packages(path) discover
[2.629s] Level 1:colcon.colcon_core.package_discovery:discover_packages(path) using defaults
[2.803s] INFO:colcon.colcon_core.package_selection:Skipping not selected package 'xgolib' in 'src/xgolib'
[2.803s] INFO:colcon.colcon_core.package_selection:Skipping not selected package 'xgoscreen' in 'src/xgoscreen'
[2.803s] INFO:colcon.colcon_core.package_selection:Skipping not selected package 'xgo_body_tracker' in 'src/xgo_body_tracker'
[2.804s] INFO:colcon.colcon_core.package_selection:Skipping not selected package 'xgo_device' in 'src/xgo_device'
[2.804s] INFO:colcon.colcon_core.package_selection:Skipping not selected package 'xgo_face_control' in 'src/xgo_face_control'
[2.804s] INFO:colcon.colcon_core.package_selection:Skipping not selected package 'xgo_gesture_control' in 'src/xgo_gesture_control'
[2.804s] INFO:colcon.colcon_core.package_selection:Skipping not selected package 'xgo_head' in 'src/xgo_head'
[2.804s] INFO:colcon.colcon_core.package_selection:Skipping not selected package 'xgo_motion' in 'src/xgo_motion'
[2.804s] INFO:colcon.colcon_core.package_selection:Skipping not selected package 'xgo_voice_control' in 'src/xgo_voice_control'
[2.807s] Level 5:colcon.colcon_core.verb:set package 'xgo_lidar_display' build argument 'cmake_args' from command line to 'None'
[2.808s] Level 5:colcon.colcon_core.verb:set package 'xgo_lidar_display' build argument 'cmake_target' from command line to 'None'
[2.808s] Level 5:colcon.colcon_core.verb:set package 'xgo_lidar_display' build argument 'cmake_target_skip_unavailable' from command line to 'False'
[2.808s] Level 5:colcon.colcon_core.verb:set package 'xgo_lidar_display' build argument 'cmake_clean_cache' from command line to 'False'
[2.808s] Level 5:colcon.colcon_core.verb:set package 'xgo_lidar_display' build argument 'cmake_clean_first' from command line to 'False'
[2.808s] Level 5:colcon.colcon_core.verb:set package 'xgo_lidar_display' build argument 'cmake_force_configure' from command line to 'False'
[2.808s] Level 5:colcon.colcon_core.verb:set package 'xgo_lidar_display' build argument 'ament_cmake_args' from command line to 'None'
[2.809s] Level 5:colcon.colcon_core.verb:set package 'xgo_lidar_display' build argument 'catkin_cmake_args' from command line to 'None'
[2.809s] Level 5:colcon.colcon_core.verb:set package 'xgo_lidar_display' build argument 'catkin_skip_building_tests' from command line to 'False'
[2.809s] DEBUG:colcon.colcon_core.verb:Building package 'xgo_lidar_display' with the following arguments: {'ament_cmake_args': None, 'build_base': '/home/sunrise/xgo_demo/build/xgo_lidar_display', 'catkin_cmake_args': None, 'catkin_skip_building_tests': False, 'cmake_args': None, 'cmake_clean_cache': False, 'cmake_clean_first': False, 'cmake_force_configure': False, 'cmake_target': None, 'cmake_target_skip_unavailable': False, 'install_base': '/home/sunrise/xgo_demo/install/xgo_lidar_display', 'merge_install': False, 'path': '/home/sunrise/xgo_demo/src/xgo_lidar_display', 'symlink_install': False, 'test_result_base': None}
[2.810s] INFO:colcon.colcon_core.executor:Executing jobs using 'parallel' executor
[2.816s] DEBUG:colcon.colcon_parallel_executor.executor.parallel:run_until_complete
[2.817s] INFO:colcon.colcon_ros.task.ament_cmake.build:Building ROS package in '/home/sunrise/xgo_demo/src/xgo_lidar_display' with build type 'ament_cmake'
[2.818s] INFO:colcon.colcon_cmake.task.cmake.build:Building CMake package in '/home/sunrise/xgo_demo/src/xgo_lidar_display'
[2.837s] INFO:colcon.colcon_core.plugin_system:Skipping extension 'colcon_core.shell.bat': Not used on non-Windows systems
[2.838s] INFO:colcon.colcon_core.shell:Skip shell extension 'powershell' for command environment: Not usable outside of PowerShell
[2.838s] DEBUG:colcon.colcon_core.shell:Skip shell extension 'dsv' for command environment
[2.923s] DEBUG:colcon.colcon_core.event_handler.log_command:Invoking command in '/home/sunrise/xgo_demo/build/xgo_lidar_display': CMAKE_PREFIX_PATH=/home/sunrise/xgo_demo/install/xgoscreen:/home/sunrise/xgo_demo/install/xgolib:/home/sunrise/xgo_demo/install/xgo_voice_control:/home/sunrise/xgo_demo/install/xgo_motion:/home/sunrise/xgo_demo/install/xgo_lidar_display:/home/sunrise/xgo_demo/install/xgo_head:/home/sunrise/xgo_demo/install/xgo_device:/home/sunrise/xgo_demo/install/xgo_gesture_control:/home/sunrise/xgo_demo/install/xgo_face_control:/home/sunrise/xgo_demo/install/xgo_body_tracker:/home/sunrise/ydlidar_ros2_ws/install/ydlidar_ros2_driver:/opt/tros/humble:/opt/ros/humble /usr/bin/cmake --build /home/sunrise/xgo_demo/build/xgo_lidar_display -- -j4 -l4
[108.211s] DEBUG:colcon.colcon_core.event_handler.log_command:Invoked command in '/home/sunrise/xgo_demo/build/xgo_lidar_display' returned '0': CMAKE_PREFIX_PATH=/home/sunrise/xgo_demo/install/xgoscreen:/home/sunrise/xgo_demo/install/xgolib:/home/sunrise/xgo_demo/install/xgo_voice_control:/home/sunrise/xgo_demo/install/xgo_motion:/home/sunrise/xgo_demo/install/xgo_lidar_display:/home/sunrise/xgo_demo/install/xgo_head:/home/sunrise/xgo_demo/install/xgo_device:/home/sunrise/xgo_demo/install/xgo_gesture_control:/home/sunrise/xgo_demo/install/xgo_face_control:/home/sunrise/xgo_demo/install/xgo_body_tracker:/home/sunrise/ydlidar_ros2_ws/install/ydlidar_ros2_driver:/opt/tros/humble:/opt/ros/humble /usr/bin/cmake --build /home/sunrise/xgo_demo/build/xgo_lidar_display -- -j4 -l4
[108.252s] DEBUG:colcon.colcon_core.event_handler.log_command:Invoking command in '/home/sunrise/xgo_demo/build/xgo_lidar_display': CMAKE_PREFIX_PATH=/home/sunrise/xgo_demo/install/xgoscreen:/home/sunrise/xgo_demo/install/xgolib:/home/sunrise/xgo_demo/install/xgo_voice_control:/home/sunrise/xgo_demo/install/xgo_motion:/home/sunrise/xgo_demo/install/xgo_lidar_display:/home/sunrise/xgo_demo/install/xgo_head:/home/sunrise/xgo_demo/install/xgo_device:/home/sunrise/xgo_demo/install/xgo_gesture_control:/home/sunrise/xgo_demo/install/xgo_face_control:/home/sunrise/xgo_demo/install/xgo_body_tracker:/home/sunrise/ydlidar_ros2_ws/install/ydlidar_ros2_driver:/opt/tros/humble:/opt/ros/humble /usr/bin/cmake --install /home/sunrise/xgo_demo/build/xgo_lidar_display
[108.329s] Level 1:colcon.colcon_core.environment:create_environment_scripts_only(xgo_lidar_display)
[108.331s] DEBUG:colcon.colcon_core.event_handler.log_command:Invoked command in '/home/sunrise/xgo_demo/build/xgo_lidar_display' returned '0': CMAKE_PREFIX_PATH=/home/sunrise/xgo_demo/install/xgoscreen:/home/sunrise/xgo_demo/install/xgolib:/home/sunrise/xgo_demo/install/xgo_voice_control:/home/sunrise/xgo_demo/install/xgo_motion:/home/sunrise/xgo_demo/install/xgo_lidar_display:/home/sunrise/xgo_demo/install/xgo_head:/home/sunrise/xgo_demo/install/xgo_device:/home/sunrise/xgo_demo/install/xgo_gesture_control:/home/sunrise/xgo_demo/install/xgo_face_control:/home/sunrise/xgo_demo/install/xgo_body_tracker:/home/sunrise/ydlidar_ros2_ws/install/ydlidar_ros2_driver:/opt/tros/humble:/opt/ros/humble /usr/bin/cmake --install /home/sunrise/xgo_demo/build/xgo_lidar_display
[108.358s] Level 1:colcon.colcon_core.environment:checking '/home/sunrise/xgo_demo/install/xgo_lidar_display' for CMake module files
[108.361s] Level 1:colcon.colcon_core.environment:checking '/home/sunrise/xgo_demo/install/xgo_lidar_display' for CMake config files
[108.363s] Level 1:colcon.colcon_core.shell:create_environment_hook('xgo_lidar_display', 'cmake_prefix_path')
[108.365s] INFO:colcon.colcon_core.shell:Creating environment hook '/home/sunrise/xgo_demo/install/xgo_lidar_display/share/xgo_lidar_display/hook/cmake_prefix_path.ps1'
[108.372s] INFO:colcon.colcon_core.shell:Creating environment descriptor '/home/sunrise/xgo_demo/install/xgo_lidar_display/share/xgo_lidar_display/hook/cmake_prefix_path.dsv'
[108.379s] INFO:colcon.colcon_core.shell:Creating environment hook '/home/sunrise/xgo_demo/install/xgo_lidar_display/share/xgo_lidar_display/hook/cmake_prefix_path.sh'
[108.386s] Level 1:colcon.colcon_core.environment:checking '/home/sunrise/xgo_demo/install/xgo_lidar_display/lib'
[108.387s] Level 1:colcon.colcon_core.environment:checking '/home/sunrise/xgo_demo/install/xgo_lidar_display/bin'
[108.387s] Level 1:colcon.colcon_core.environment:checking '/home/sunrise/xgo_demo/install/xgo_lidar_display/lib/pkgconfig/xgo_lidar_display.pc'
[108.406s] Level 1:colcon.colcon_core.environment:checking '/home/sunrise/xgo_demo/install/xgo_lidar_display/lib/python3.10/site-packages'
[108.407s] Level 1:colcon.colcon_core.environment:checking '/home/sunrise/xgo_demo/install/xgo_lidar_display/bin'
[108.409s] INFO:colcon.colcon_core.shell:Creating package script '/home/sunrise/xgo_demo/install/xgo_lidar_display/share/xgo_lidar_display/package.ps1'
[108.415s] INFO:colcon.colcon_core.shell:Creating package descriptor '/home/sunrise/xgo_demo/install/xgo_lidar_display/share/xgo_lidar_display/package.dsv'
[108.420s] INFO:colcon.colcon_core.shell:Creating package script '/home/sunrise/xgo_demo/install/xgo_lidar_display/share/xgo_lidar_display/package.sh'
[108.427s] INFO:colcon.colcon_core.shell:Creating package script '/home/sunrise/xgo_demo/install/xgo_lidar_display/share/xgo_lidar_display/package.bash'
[108.434s] INFO:colcon.colcon_core.shell:Creating package script '/home/sunrise/xgo_demo/install/xgo_lidar_display/share/xgo_lidar_display/package.zsh'
[108.442s] Level 1:colcon.colcon_core.environment:create_file_with_runtime_dependencies(/home/sunrise/xgo_demo/install/xgo_lidar_display/share/colcon-core/packages/xgo_lidar_display)
[108.445s] Level 1:colcon.colcon_core.environment:create_environment_scripts_only(xgo_lidar_display)
[108.447s] Level 1:colcon.colcon_core.environment:checking '/home/sunrise/xgo_demo/install/xgo_lidar_display' for CMake module files
[108.450s] Level 1:colcon.colcon_core.environment:checking '/home/sunrise/xgo_demo/install/xgo_lidar_display' for CMake config files
[108.451s] Level 1:colcon.colcon_core.shell:create_environment_hook('xgo_lidar_display', 'cmake_prefix_path')
[108.452s] INFO:colcon.colcon_core.shell:Creating environment hook '/home/sunrise/xgo_demo/install/xgo_lidar_display/share/xgo_lidar_display/hook/cmake_prefix_path.ps1'
[108.455s] INFO:colcon.colcon_core.shell:Creating environment descriptor '/home/sunrise/xgo_demo/install/xgo_lidar_display/share/xgo_lidar_display/hook/cmake_prefix_path.dsv'
[108.457s] INFO:colcon.colcon_core.shell:Creating environment hook '/home/sunrise/xgo_demo/install/xgo_lidar_display/share/xgo_lidar_display/hook/cmake_prefix_path.sh'
[108.461s] Level 1:colcon.colcon_core.environment:checking '/home/sunrise/xgo_demo/install/xgo_lidar_display/lib'
[108.461s] Level 1:colcon.colcon_core.environment:checking '/home/sunrise/xgo_demo/install/xgo_lidar_display/bin'
[108.461s] Level 1:colcon.colcon_core.environment:checking '/home/sunrise/xgo_demo/install/xgo_lidar_display/lib/pkgconfig/xgo_lidar_display.pc'
[108.463s] Level 1:colcon.colcon_core.environment:checking '/home/sunrise/xgo_demo/install/xgo_lidar_display/lib/python3.10/site-packages'
[108.465s] Level 1:colcon.colcon_core.environment:checking '/home/sunrise/xgo_demo/install/xgo_lidar_display/bin'
[108.467s] INFO:colcon.colcon_core.shell:Creating package script '/home/sunrise/xgo_demo/install/xgo_lidar_display/share/xgo_lidar_display/package.ps1'
[108.470s] INFO:colcon.colcon_core.shell:Creating package descriptor '/home/sunrise/xgo_demo/install/xgo_lidar_display/share/xgo_lidar_display/package.dsv'
[108.474s] INFO:colcon.colcon_core.shell:Creating package script '/home/sunrise/xgo_demo/install/xgo_lidar_display/share/xgo_lidar_display/package.sh'
[108.477s] INFO:colcon.colcon_core.shell:Creating package script '/home/sunrise/xgo_demo/install/xgo_lidar_display/share/xgo_lidar_display/package.bash'
[108.480s] INFO:colcon.colcon_core.shell:Creating package script '/home/sunrise/xgo_demo/install/xgo_lidar_display/share/xgo_lidar_display/package.zsh'
[108.483s] Level 1:colcon.colcon_core.environment:create_file_with_runtime_dependencies(/home/sunrise/xgo_demo/install/xgo_lidar_display/share/colcon-core/packages/xgo_lidar_display)
[108.484s] DEBUG:colcon.colcon_parallel_executor.executor.parallel:closing loop
[108.485s] DEBUG:colcon.colcon_parallel_executor.executor.parallel:loop closed
[108.486s] DEBUG:colcon.colcon_parallel_executor.executor.parallel:run_until_complete finished with '0'
[108.486s] DEBUG:colcon.colcon_core.event_reactor:joining thread
[108.546s] INFO:colcon.colcon_core.plugin_system:Skipping extension 'colcon_notification.desktop_notification.notify_send': Could not find 'notify-send'
[108.547s] INFO:colcon.colcon_core.plugin_system:Skipping extension 'colcon_notification.desktop_notification.terminal_notifier': Not used on non-Darwin systems
[108.548s] INFO:colcon.colcon_core.plugin_system:Skipping extension 'colcon_notification.desktop_notification.win32': Not used on non-Windows systems
[108.548s] INFO:colcon.colcon_notification.desktop_notification:Sending desktop notification using 'notify2'
[108.605s] DEBUG:colcon.colcon_core.event_reactor:joined thread
[108.607s] INFO:colcon.colcon_core.shell:Creating prefix script '/home/sunrise/xgo_demo/install/local_setup.ps1'
[108.615s] INFO:colcon.colcon_core.shell:Creating prefix util module '/home/sunrise/xgo_demo/install/_local_setup_util_ps1.py'
[108.629s] INFO:colcon.colcon_core.shell:Creating prefix chain script '/home/sunrise/xgo_demo/install/setup.ps1'
[108.649s] INFO:colcon.colcon_core.shell:Creating prefix script '/home/sunrise/xgo_demo/install/local_setup.sh'
[108.657s] INFO:colcon.colcon_core.shell:Creating prefix util module '/home/sunrise/xgo_demo/install/_local_setup_util_sh.py'
[108.661s] INFO:colcon.colcon_core.shell:Creating prefix chain script '/home/sunrise/xgo_demo/install/setup.sh'
[108.671s] INFO:colcon.colcon_core.shell:Creating prefix script '/home/sunrise/xgo_demo/install/local_setup.bash'
[108.675s] INFO:colcon.colcon_core.shell:Creating prefix chain script '/home/sunrise/xgo_demo/install/setup.bash'
[108.685s] INFO:colcon.colcon_core.shell:Creating prefix script '/home/sunrise/xgo_demo/install/local_setup.zsh'
[108.689s] INFO:colcon.colcon_core.shell:Creating prefix chain script '/home/sunrise/xgo_demo/install/setup.zsh'
