[0.083s] Invoking command in '/home/sunrise/xgo_demo/build/xgo_lidar_display': CMAKE_PREFIX_PATH=/home/sunrise/xgo_demo/install/xgoscreen:/home/sunrise/xgo_demo/install/xgolib:/home/sunrise/ydlidar_ros2_ws/install/ydlidar_ros2_driver:/home/sunrise/xgo_demo/install/xgo_voice_control:/home/sunrise/xgo_demo/install/xgo_motion:/home/sunrise/xgo_demo/install/xgo_head:/home/sunrise/xgo_demo/install/xgo_device:/home/sunrise/xgo_demo/install/xgo_gesture_control:/home/sunrise/xgo_demo/install/xgo_face_control:/home/sunrise/xgo_demo/install/xgo_body_tracker:/opt/tros/humble:/opt/ros/humble /usr/bin/cmake /home/sunrise/xgo_demo/src/xgo_lidar_display -DCMAKE_INSTALL_PREFIX=/home/sunrise/xgo_demo/install/xgo_lidar_display
[0.829s] -- The C compiler identification is GNU 11.2.0
[1.414s] -- The CXX compiler identification is GNU 11.2.0
[1.459s] -- Detecting C compiler ABI info
[1.806s] -- Detecting C compiler ABI info - done
[1.858s] -- Check for working C compiler: /usr/bin/cc - skipped
[1.861s] -- Detecting C compile features
[1.864s] -- Detecting C compile features - done
[1.885s] -- Detecting CXX compiler ABI info
[2.260s] -- Detecting CXX compiler ABI info - done
[2.314s] -- Check for working CXX compiler: /usr/bin/c++ - skipped
[2.316s] -- Detecting CXX compile features
[2.319s] -- Detecting CXX compile features - done
[2.340s] -- Found ament_cmake: 1.3.11 (/opt/ros/humble/share/ament_cmake/cmake)
[3.338s] -- Found Python3: /usr/bin/python3 (found version "3.10.12") found components: Interpreter 
[3.974s] -- Found rclcpp: 16.0.12 (/opt/ros/humble/share/rclcpp/cmake)
[4.249s] -- Found rosidl_generator_c: 3.1.6 (/opt/ros/humble/share/rosidl_generator_c/cmake)
[4.285s] -- Found rosidl_adapter: 3.1.6 (/opt/ros/humble/share/rosidl_adapter/cmake)
[4.342s] -- Found rosidl_generator_cpp: 3.1.6 (/opt/ros/humble/share/rosidl_generator_cpp/cmake)
[4.434s] -- Using all available rosidl_typesupport_c: rosidl_typesupport_fastrtps_c;rosidl_typesupport_introspection_c
[4.551s] -- Using all available rosidl_typesupport_cpp: rosidl_typesupport_fastrtps_cpp;rosidl_typesupport_introspection_cpp
[4.874s] -- Found rmw_implementation_cmake: 6.1.2 (/opt/ros/humble/share/rmw_implementation_cmake/cmake)
[4.896s] -- Found rmw_fastrtps_cpp: 6.2.7 (/opt/ros/humble/share/rmw_fastrtps_cpp/cmake)
[5.313s] -- Found OpenSSL: /usr/lib/aarch64-linux-gnu/libcrypto.so (found version "3.0.2")  
[5.441s] -- Found FastRTPS: /opt/ros/humble/include  
[5.625s] -- Using RMW implementation 'rmw_fastrtps_cpp' as default
[5.683s] -- Looking for pthread.h
[6.037s] -- Looking for pthread.h - found
[6.038s] -- Performing Test CMAKE_HAVE_LIBC_PTHREAD
[6.376s] -- Performing Test CMAKE_HAVE_LIBC_PTHREAD - Success
[6.382s] -- Found Threads: TRUE  
[6.783s] -- Found sensor_msgs: 4.8.0 (/opt/ros/humble/share/sensor_msgs/cmake)
[7.031s] -- Found xgolib: 1.0.0 (/home/sunrise/xgo_demo/install/xgolib/share/xgolib/cmake)
[7.057s] -- Found xgoscreen: 0.0.1 (/home/sunrise/xgo_demo/install/xgoscreen/share/xgoscreen/cmake)
[7.260s] -- Found ament_lint_auto: 0.12.12 (/opt/ros/humble/share/ament_lint_auto/cmake)
[7.818s] -- Added test 'copyright' to check source files copyright and LICENSE
[7.824s] -- Added test 'cppcheck' to perform static code analysis on C / C++ code
[7.828s] -- Configured cppcheck include dirs: $<BUILD_INTERFACE:/home/sunrise/xgo_demo/src/xgo_lidar_display/include>
[7.829s] -- Configured cppcheck exclude dirs and/or files: 
[7.833s] -- Added test 'cpplint' to check C / C++ code against the Google style
[7.834s] -- Configured cpplint exclude dirs and/or files: 
[7.838s] -- Added test 'flake8' to check Python code syntax and style conventions
[7.842s] -- Added test 'lint_cmake' to check CMake code style
[7.845s] -- Added test 'pep257' to check Python code against some of the docstring style conventions in PEP 257
[7.850s] -- Added test 'uncrustify' to check C / C++ code style
[7.851s] -- Configured uncrustify additional arguments: 
[7.855s] -- Added test 'xmllint' to check XML markup files
[7.864s] -- Configuring done
[8.860s] -- Generating done
[8.966s] -- Build files have been written to: /home/sunrise/xgo_demo/build/xgo_lidar_display
[9.043s] Invoked command in '/home/sunrise/xgo_demo/build/xgo_lidar_display' returned '0': CMAKE_PREFIX_PATH=/home/sunrise/xgo_demo/install/xgoscreen:/home/sunrise/xgo_demo/install/xgolib:/home/sunrise/ydlidar_ros2_ws/install/ydlidar_ros2_driver:/home/sunrise/xgo_demo/install/xgo_voice_control:/home/sunrise/xgo_demo/install/xgo_motion:/home/sunrise/xgo_demo/install/xgo_head:/home/sunrise/xgo_demo/install/xgo_device:/home/sunrise/xgo_demo/install/xgo_gesture_control:/home/sunrise/xgo_demo/install/xgo_face_control:/home/sunrise/xgo_demo/install/xgo_body_tracker:/opt/tros/humble:/opt/ros/humble /usr/bin/cmake /home/sunrise/xgo_demo/src/xgo_lidar_display -DCMAKE_INSTALL_PREFIX=/home/sunrise/xgo_demo/install/xgo_lidar_display
[9.052s] Invoking command in '/home/sunrise/xgo_demo/build/xgo_lidar_display': CMAKE_PREFIX_PATH=/home/sunrise/xgo_demo/install/xgoscreen:/home/sunrise/xgo_demo/install/xgolib:/home/sunrise/ydlidar_ros2_ws/install/ydlidar_ros2_driver:/home/sunrise/xgo_demo/install/xgo_voice_control:/home/sunrise/xgo_demo/install/xgo_motion:/home/sunrise/xgo_demo/install/xgo_head:/home/sunrise/xgo_demo/install/xgo_device:/home/sunrise/xgo_demo/install/xgo_gesture_control:/home/sunrise/xgo_demo/install/xgo_face_control:/home/sunrise/xgo_demo/install/xgo_body_tracker:/opt/tros/humble:/opt/ros/humble /usr/bin/cmake --build /home/sunrise/xgo_demo/build/xgo_lidar_display -- -j4 -l4
[9.230s] [ 25%] [34m[1mAutomatic MOC and UIC for target lidar_display_node[0m
[9.372s] [ 25%] Built target lidar_display_node_autogen
[9.509s] [ 75%] [32mBuilding CXX object CMakeFiles/lidar_display_node.dir/src/lidar_display_node.cpp.o[0m
[9.510s] [ 75%] [32mBuilding CXX object CMakeFiles/lidar_display_node.dir/lidar_display_node_autogen/mocs_compilation.cpp.o[0m
[28.625s] [01m[K/home/sunrise/xgo_demo/src/xgo_lidar_display/src/lidar_display_node.cpp:[m[K In member function ‘[01m[Kvoid LidarDisplayNode::visualize_on_screen(sensor_msgs::msg::LaserScan_<std::allocator<void> >::SharedPtr)[m[K’:
[28.626s] [01m[K/home/sunrise/xgo_demo/src/xgo_lidar_display/src/lidar_display_node.cpp:107:75:[m[K [01;35m[Kwarning: [m[Kunused parameter ‘[01m[Kmsg[m[K’ [[01;35m[K-Wunused-parameter[m[K]
[28.627s]   107 |     void visualize_on_screen([01;35m[Kconst sensor_msgs::msg::LaserScan::SharedPtr msg[m[K)
[28.627s]       |                              [01;35m[K~~~~~~~~~~~~~~~~~~~~~~~~~~~~~~~~~~~~~~~~~~~~~^~~[m[K
[71.782s] [100%] [32m[1mLinking CXX executable lidar_display_node[0m
[119.637s] [100%] Built target lidar_display_node
[119.685s] Invoked command in '/home/sunrise/xgo_demo/build/xgo_lidar_display' returned '0': CMAKE_PREFIX_PATH=/home/sunrise/xgo_demo/install/xgoscreen:/home/sunrise/xgo_demo/install/xgolib:/home/sunrise/ydlidar_ros2_ws/install/ydlidar_ros2_driver:/home/sunrise/xgo_demo/install/xgo_voice_control:/home/sunrise/xgo_demo/install/xgo_motion:/home/sunrise/xgo_demo/install/xgo_head:/home/sunrise/xgo_demo/install/xgo_device:/home/sunrise/xgo_demo/install/xgo_gesture_control:/home/sunrise/xgo_demo/install/xgo_face_control:/home/sunrise/xgo_demo/install/xgo_body_tracker:/opt/tros/humble:/opt/ros/humble /usr/bin/cmake --build /home/sunrise/xgo_demo/build/xgo_lidar_display -- -j4 -l4
[119.723s] Invoking command in '/home/sunrise/xgo_demo/build/xgo_lidar_display': CMAKE_PREFIX_PATH=/home/sunrise/xgo_demo/install/xgoscreen:/home/sunrise/xgo_demo/install/xgolib:/home/sunrise/ydlidar_ros2_ws/install/ydlidar_ros2_driver:/home/sunrise/xgo_demo/install/xgo_voice_control:/home/sunrise/xgo_demo/install/xgo_motion:/home/sunrise/xgo_demo/install/xgo_head:/home/sunrise/xgo_demo/install/xgo_device:/home/sunrise/xgo_demo/install/xgo_gesture_control:/home/sunrise/xgo_demo/install/xgo_face_control:/home/sunrise/xgo_demo/install/xgo_body_tracker:/opt/tros/humble:/opt/ros/humble /usr/bin/cmake --install /home/sunrise/xgo_demo/build/xgo_lidar_display
[119.752s] -- Install configuration: ""
[119.758s] -- Installing: /home/sunrise/xgo_demo/install/xgo_lidar_display/lib/xgo_lidar_display/lidar_display_node
[119.775s] -- Set runtime path of "/home/sunrise/xgo_demo/install/xgo_lidar_display/lib/xgo_lidar_display/lidar_display_node" to ""
[119.777s] -- Installing: /home/sunrise/xgo_demo/install/xgo_lidar_display/share/xgo_lidar_display//launch
[119.778s] -- Installing: /home/sunrise/xgo_demo/install/xgo_lidar_display/share/xgo_lidar_display//launch/lidar_display_launch.py
[119.779s] -- Installing: /home/sunrise/xgo_demo/install/xgo_lidar_display/share/ament_index/resource_index/package_run_dependencies/xgo_lidar_display
[119.780s] -- Installing: /home/sunrise/xgo_demo/install/xgo_lidar_display/share/ament_index/resource_index/parent_prefix_path/xgo_lidar_display
[119.786s] -- Installing: /home/sunrise/xgo_demo/install/xgo_lidar_display/share/xgo_lidar_display/environment/ament_prefix_path.sh
[119.788s] -- Installing: /home/sunrise/xgo_demo/install/xgo_lidar_display/share/xgo_lidar_display/environment/ament_prefix_path.dsv
[119.789s] -- Installing: /home/sunrise/xgo_demo/install/xgo_lidar_display/share/xgo_lidar_display/environment/path.sh
[119.790s] -- Installing: /home/sunrise/xgo_demo/install/xgo_lidar_display/share/xgo_lidar_display/environment/path.dsv
[119.791s] -- Installing: /home/sunrise/xgo_demo/install/xgo_lidar_display/share/xgo_lidar_display/local_setup.bash
[119.792s] -- Installing: /home/sunrise/xgo_demo/install/xgo_lidar_display/share/xgo_lidar_display/local_setup.sh
[119.794s] -- Installing: /home/sunrise/xgo_demo/install/xgo_lidar_display/share/xgo_lidar_display/local_setup.zsh
[119.795s] -- Installing: /home/sunrise/xgo_demo/install/xgo_lidar_display/share/xgo_lidar_display/local_setup.dsv
[119.796s] -- Installing: /home/sunrise/xgo_demo/install/xgo_lidar_display/share/xgo_lidar_display/package.dsv
[119.797s] -- Installing: /home/sunrise/xgo_demo/install/xgo_lidar_display/share/ament_index/resource_index/packages/xgo_lidar_display
[119.798s] -- Installing: /home/sunrise/xgo_demo/install/xgo_lidar_display/share/xgo_lidar_display/cmake/xgo_lidar_displayConfig.cmake
[119.799s] -- Installing: /home/sunrise/xgo_demo/install/xgo_lidar_display/share/xgo_lidar_display/cmake/xgo_lidar_displayConfig-version.cmake
[119.800s] -- Installing: /home/sunrise/xgo_demo/install/xgo_lidar_display/share/xgo_lidar_display/package.xml
[119.810s] Invoked command in '/home/sunrise/xgo_demo/build/xgo_lidar_display' returned '0': CMAKE_PREFIX_PATH=/home/sunrise/xgo_demo/install/xgoscreen:/home/sunrise/xgo_demo/install/xgolib:/home/sunrise/ydlidar_ros2_ws/install/ydlidar_ros2_driver:/home/sunrise/xgo_demo/install/xgo_voice_control:/home/sunrise/xgo_demo/install/xgo_motion:/home/sunrise/xgo_demo/install/xgo_head:/home/sunrise/xgo_demo/install/xgo_device:/home/sunrise/xgo_demo/install/xgo_gesture_control:/home/sunrise/xgo_demo/install/xgo_face_control:/home/sunrise/xgo_demo/install/xgo_body_tracker:/opt/tros/humble:/opt/ros/humble /usr/bin/cmake --install /home/sunrise/xgo_demo/build/xgo_lidar_display
