[1.920s] Invoking command in '/home/sunrise/xgo_demo/src/build/xgo_voice_doubao': AMENT_PREFIX_PATH=/home/sunrise/xgo_demo/src/install/xgolib:${AMENT_PREFIX_PATH} CMAKE_PREFIX_PATH=/home/sunrise/xgo_demo/src/install/xgolib:${CMAKE_PREFIX_PATH} LD_LIBRARY_PATH=/home/sunrise/xgo_demo/src/install/xgolib/lib:${LD_LIBRARY_PATH} /usr/bin/cmake /home/sunrise/xgo_demo/src/xgo_voice_doubao -DCATKIN_INSTALL_INTO_PREFIX_ROOT=0 -DCMAKE_INSTALL_PREFIX=/home/sunrise/xgo_demo/src/install/xgo_voice_doubao
[2.661s] -- The C compiler identification is GNU 11.2.0
[3.318s] -- The CXX compiler identification is GNU 11.2.0
[3.372s] -- Detecting C compiler ABI info
[3.762s] -- Detecting C compiler ABI info - done
[3.819s] -- Check for working C compiler: /usr/bin/cc - skipped
[3.822s] -- Detecting C compile features
[3.826s] -- Detecting C compile features - done
[3.850s] -- Detecting CXX compiler ABI info
[4.284s] -- Detecting CXX compiler ABI info - done
[4.342s] -- Check for working CXX compiler: /usr/bin/c++ - skipped
[4.344s] -- Detecting CXX compile features
[4.347s] -- Detecting CXX compile features - done
[4.379s] -- Found ament_cmake: 1.3.11 (/opt/ros/humble/share/ament_cmake/cmake)
[5.571s] -- Found Python3: /usr/bin/python3 (found version "3.10.12") found components: Interpreter 
[6.310s] -- Found rclcpp: 16.0.12 (/opt/ros/humble/share/rclcpp/cmake)
[6.637s] -- Found rosidl_generator_c: 3.1.6 (/opt/ros/humble/share/rosidl_generator_c/cmake)
[6.677s] -- Found rosidl_adapter: 3.1.6 (/opt/ros/humble/share/rosidl_adapter/cmake)
[6.746s] -- Found rosidl_generator_cpp: 3.1.6 (/opt/ros/humble/share/rosidl_generator_cpp/cmake)
[6.852s] -- Using all available rosidl_typesupport_c: rosidl_typesupport_fastrtps_c;rosidl_typesupport_introspection_c
[6.992s] -- Using all available rosidl_typesupport_cpp: rosidl_typesupport_fastrtps_cpp;rosidl_typesupport_introspection_cpp
[7.370s] -- Found rmw_implementation_cmake: 6.1.2 (/opt/ros/humble/share/rmw_implementation_cmake/cmake)
[7.395s] -- Found rmw_fastrtps_cpp: 6.2.7 (/opt/ros/humble/share/rmw_fastrtps_cpp/cmake)
[7.814s] -- Found OpenSSL: /usr/lib/aarch64-linux-gnu/libcrypto.so (found version "3.0.2")  
[7.945s] -- Found FastRTPS: /opt/ros/humble/include  
[8.130s] -- Using RMW implementation 'rmw_fastrtps_cpp' as default
[8.183s] -- Looking for pthread.h
[8.532s] -- Looking for pthread.h - found
[8.533s] -- Performing Test CMAKE_HAVE_LIBC_PTHREAD
[8.861s] -- Performing Test CMAKE_HAVE_LIBC_PTHREAD - Success
[8.866s] -- Found Threads: TRUE  
[9.248s] -- Found xgolib: 1.0.0 (/home/sunrise/xgo_demo/src/install/xgolib/share/xgolib/cmake)
[9.853s] -- Configuring done
[9.916s] -- Generating done
[9.925s] [33mCMake Warning:
[9.926s]   Manually-specified variables were not used by the project:
[9.928s] 
[9.929s]     CATKIN_INSTALL_INTO_PREFIX_ROOT
[9.930s] 
[9.932s] [0m
[9.946s] -- Build files have been written to: /home/sunrise/xgo_demo/src/build/xgo_voice_doubao
[10.035s] Invoked command in '/home/sunrise/xgo_demo/src/build/xgo_voice_doubao' returned '0': AMENT_PREFIX_PATH=/home/sunrise/xgo_demo/src/install/xgolib:${AMENT_PREFIX_PATH} CMAKE_PREFIX_PATH=/home/sunrise/xgo_demo/src/install/xgolib:${CMAKE_PREFIX_PATH} LD_LIBRARY_PATH=/home/sunrise/xgo_demo/src/install/xgolib/lib:${LD_LIBRARY_PATH} /usr/bin/cmake /home/sunrise/xgo_demo/src/xgo_voice_doubao -DCATKIN_INSTALL_INTO_PREFIX_ROOT=0 -DCMAKE_INSTALL_PREFIX=/home/sunrise/xgo_demo/src/install/xgo_voice_doubao
[10.047s] Invoking command in '/home/sunrise/xgo_demo/src/build/xgo_voice_doubao': AMENT_PREFIX_PATH=/home/sunrise/xgo_demo/src/install/xgolib:${AMENT_PREFIX_PATH} CMAKE_PREFIX_PATH=/home/sunrise/xgo_demo/src/install/xgolib:${CMAKE_PREFIX_PATH} LD_LIBRARY_PATH=/home/sunrise/xgo_demo/src/install/xgolib/lib:${LD_LIBRARY_PATH} /usr/bin/cmake --build /home/sunrise/xgo_demo/src/build/xgo_voice_doubao -- -j4 -l4
[10.291s] [ 50%] [32mBuilding CXX object CMakeFiles/voice_node.dir/src/voice_node.cpp.o[0m
[70.574s] [100%] [32m[1mLinking CXX executable voice_node[0m
[74.223s] [100%] Built target voice_node
[74.310s] Invoked command in '/home/sunrise/xgo_demo/src/build/xgo_voice_doubao' returned '0': AMENT_PREFIX_PATH=/home/sunrise/xgo_demo/src/install/xgolib:${AMENT_PREFIX_PATH} CMAKE_PREFIX_PATH=/home/sunrise/xgo_demo/src/install/xgolib:${CMAKE_PREFIX_PATH} LD_LIBRARY_PATH=/home/sunrise/xgo_demo/src/install/xgolib/lib:${LD_LIBRARY_PATH} /usr/bin/cmake --build /home/sunrise/xgo_demo/src/build/xgo_voice_doubao -- -j4 -l4
[74.389s] Invoking command in '/home/sunrise/xgo_demo/src/build/xgo_voice_doubao': AMENT_PREFIX_PATH=/home/sunrise/xgo_demo/src/install/xgolib:${AMENT_PREFIX_PATH} CMAKE_PREFIX_PATH=/home/sunrise/xgo_demo/src/install/xgolib:${CMAKE_PREFIX_PATH} LD_LIBRARY_PATH=/home/sunrise/xgo_demo/src/install/xgolib/lib:${LD_LIBRARY_PATH} /usr/bin/cmake --install /home/sunrise/xgo_demo/src/build/xgo_voice_doubao
[74.417s] -- Install configuration: ""
[74.419s] -- Installing: /home/sunrise/xgo_demo/src/install/xgo_voice_doubao/lib/xgo_voice_doubao/voice_node
[74.437s] -- Set runtime path of "/home/sunrise/xgo_demo/src/install/xgo_voice_doubao/lib/xgo_voice_doubao/voice_node" to ""
[74.441s] -- Installing: /home/sunrise/xgo_demo/src/install/xgo_voice_doubao/share/xgo_voice_doubao/launch
[74.442s] -- Installing: /home/sunrise/xgo_demo/src/install/xgo_voice_doubao/share/xgo_voice_doubao/launch/xgo_voice_doubao.launch.py
[74.443s] -- Installing: /home/sunrise/xgo_demo/src/install/xgo_voice_doubao/share/ament_index/resource_index/package_run_dependencies/xgo_voice_doubao
[74.445s] -- Installing: /home/sunrise/xgo_demo/src/install/xgo_voice_doubao/share/ament_index/resource_index/parent_prefix_path/xgo_voice_doubao
[74.448s] -- Installing: /home/sunrise/xgo_demo/src/install/xgo_voice_doubao/share/xgo_voice_doubao/environment/ament_prefix_path.sh
[74.450s] -- Installing: /home/sunrise/xgo_demo/src/install/xgo_voice_doubao/share/xgo_voice_doubao/environment/ament_prefix_path.dsv
[74.451s] -- Installing: /home/sunrise/xgo_demo/src/install/xgo_voice_doubao/share/xgo_voice_doubao/environment/path.sh
[74.452s] -- Installing: /home/sunrise/xgo_demo/src/install/xgo_voice_doubao/share/xgo_voice_doubao/environment/path.dsv
[74.454s] -- Installing: /home/sunrise/xgo_demo/src/install/xgo_voice_doubao/share/xgo_voice_doubao/local_setup.bash
[74.455s] -- Installing: /home/sunrise/xgo_demo/src/install/xgo_voice_doubao/share/xgo_voice_doubao/local_setup.sh
[74.456s] -- Installing: /home/sunrise/xgo_demo/src/install/xgo_voice_doubao/share/xgo_voice_doubao/local_setup.zsh
[74.458s] -- Installing: /home/sunrise/xgo_demo/src/install/xgo_voice_doubao/share/xgo_voice_doubao/local_setup.dsv
[74.459s] -- Installing: /home/sunrise/xgo_demo/src/install/xgo_voice_doubao/share/xgo_voice_doubao/package.dsv
[74.460s] -- Installing: /home/sunrise/xgo_demo/src/install/xgo_voice_doubao/share/ament_index/resource_index/packages/xgo_voice_doubao
[74.462s] -- Installing: /home/sunrise/xgo_demo/src/install/xgo_voice_doubao/share/xgo_voice_doubao/cmake/xgo_voice_doubaoConfig.cmake
[74.463s] -- Installing: /home/sunrise/xgo_demo/src/install/xgo_voice_doubao/share/xgo_voice_doubao/cmake/xgo_voice_doubaoConfig-version.cmake
[74.465s] -- Installing: /home/sunrise/xgo_demo/src/install/xgo_voice_doubao/share/xgo_voice_doubao/package.xml
[74.475s] Invoked command in '/home/sunrise/xgo_demo/src/build/xgo_voice_doubao' returned '0': AMENT_PREFIX_PATH=/home/sunrise/xgo_demo/src/install/xgolib:${AMENT_PREFIX_PATH} CMAKE_PREFIX_PATH=/home/sunrise/xgo_demo/src/install/xgolib:${CMAKE_PREFIX_PATH} LD_LIBRARY_PATH=/home/sunrise/xgo_demo/src/install/xgolib/lib:${LD_LIBRARY_PATH} /usr/bin/cmake --install /home/sunrise/xgo_demo/src/build/xgo_voice_doubao
