-- The C compiler identification is GNU 11.2.0
-- The CXX compiler identification is GNU 11.2.0
-- Detecting C compiler ABI info
-- Detecting C compiler ABI info - done
-- Check for working C compiler: /usr/bin/cc - skipped
-- Detecting C compile features
-- Detecting C compile features - done
-- Detecting CXX compiler ABI info
-- Detecting CXX compiler ABI info - done
-- Check for working CXX compiler: /usr/bin/c++ - skipped
-- Detecting CXX compile features
-- Detecting CXX compile features - done
-- Found ament_cmake: 1.3.11 (/opt/ros/humble/share/ament_cmake/cmake)
-- Found Python3: /usr/bin/python3 (found version "3.10.12") found components: Interpreter 
-- Found rclcpp: 16.0.12 (/opt/ros/humble/share/rclcpp/cmake)
-- Found rosidl_generator_c: 3.1.6 (/opt/ros/humble/share/rosidl_generator_c/cmake)
-- Found rosidl_adapter: 3.1.6 (/opt/ros/humble/share/rosidl_adapter/cmake)
-- Found rosidl_generator_cpp: 3.1.6 (/opt/ros/humble/share/rosidl_generator_cpp/cmake)
-- Using all available rosidl_typesupport_c: rosidl_typesupport_fastrtps_c;rosidl_typesupport_introspection_c
-- Using all available rosidl_typesupport_cpp: rosidl_typesupport_fastrtps_cpp;rosidl_typesupport_introspection_cpp
-- Found rmw_implementation_cmake: 6.1.2 (/opt/ros/humble/share/rmw_implementation_cmake/cmake)
-- Found rmw_fastrtps_cpp: 6.2.7 (/opt/ros/humble/share/rmw_fastrtps_cpp/cmake)
-- Found OpenSSL: /usr/lib/aarch64-linux-gnu/libcrypto.so (found version "3.0.2")  
-- Found FastRTPS: /opt/ros/humble/include  
-- Using RMW implementation 'rmw_fastrtps_cpp' as default
-- Looking for pthread.h
-- Looking for pthread.h - found
-- Performing Test CMAKE_HAVE_LIBC_PTHREAD
-- Performing Test CMAKE_HAVE_LIBC_PTHREAD - Success
-- Found Threads: TRUE  
-- Found sensor_msgs: 4.8.0 (/opt/ros/humble/share/sensor_msgs/cmake)
-- Configuring done
-- Generating done
-- Build files have been written to: /home/sunrise/xgo_demo/src/build/xgoscreen
[ 10%] [34m[1mGenerating include/xgoscreen/moc_TGpioUtil.cpp[0m
[ 10%] [34m[1mGenerating include/xgoscreen/moc_XgoScreenManager.cpp[0m
[ 15%] [34m[1mGenerating include/xgoscreen/moc_TLog.cpp[0m
[ 21%] [34m[1mGenerating include/xgoscreen/moc_SpiScreen2Inch.cpp[0m
/home/sunrise/xgo_demo/src/xgoscreen/include/xgoscreen/TGpioUtil.h:26: Note: No relevant classes found. No output generated.
/home/sunrise/xgo_demo/src/xgoscreen/include/xgoscreen/TLog.h:33: Note: No relevant classes found. No output generated.
[ 31%] [34m[1mGenerating include/xgoscreen/moc_TSpiUtil.cpp[0m
[ 31%] [34m[1mGenerating include/xgoscreen/moc_TUtil.cpp[0m
/home/sunrise/xgo_demo/src/xgoscreen/include/xgoscreen/TUtil.h:16: Note: No relevant classes found. No output generated.
/home/sunrise/xgo_demo/src/xgoscreen/include/xgoscreen/TSpiUtil.h:34: Note: No relevant classes found. No output generated.
[ 36%] [32mBuilding CXX object CMakeFiles/xgoscreen.dir/src/SpiScreen2Inch.cpp.o[0m
[ 42%] [32mBuilding CXX object CMakeFiles/xgoscreen.dir/src/TLog.cpp.o[0m
[ 47%] [32mBuilding CXX object CMakeFiles/xgoscreen.dir/src/TSpiUtil.cpp.o[0m
[ 52%] [32mBuilding CXX object CMakeFiles/xgoscreen.dir/src/TGpioUtil.cpp.o[0m
[ 57%] [32mBuilding CXX object CMakeFiles/xgoscreen.dir/src/TUtil.cpp.o[0m
[ 63%] [32mBuilding CXX object CMakeFiles/xgoscreen.dir/src/XgoScreenManager.cpp.o[0m
[01m[K/home/sunrise/xgo_demo/src/xgoscreen/src/SpiScreen2Inch.cpp:[m[K In constructor ‘[01m[KSpiScreen2Inch::SpiScreen2Inch(int, int, int, int, int, int, bool)[m[K’:
[01m[K/home/sunrise/xgo_demo/src/xgoscreen/src/SpiScreen2Inch.cpp:6:92:[m[K [01;35m[Kwarning: [m[Kunused parameter ‘[01m[KgpioCS[m[K’ [[01;35m[K-Wunused-parameter[m[K]
    6 | SpiScreen2Inch::SpiScreen2Inch(int controllerIndex, int deviceIndex, int spiFrequency, [01;35m[Kint gpioCS[m[K, int gpioRest, int gpioDC, bool fast_startup)
      |                                                                                        [01;35m[K~~~~^~~~~~[m[K
[ 68%] [32mBuilding CXX object CMakeFiles/xgoscreen.dir/include/xgoscreen/moc_SpiScreen2Inch.cpp.o[0m
[ 73%] [32mBuilding CXX object CMakeFiles/xgoscreen.dir/include/xgoscreen/moc_TGpioUtil.cpp.o[0m
[ 78%] [32mBuilding CXX object CMakeFiles/xgoscreen.dir/include/xgoscreen/moc_TLog.cpp.o[0m
[ 84%] [32mBuilding CXX object CMakeFiles/xgoscreen.dir/include/xgoscreen/moc_TSpiUtil.cpp.o[0m
[ 89%] [32mBuilding CXX object CMakeFiles/xgoscreen.dir/include/xgoscreen/moc_TUtil.cpp.o[0m
[ 94%] [32mBuilding CXX object CMakeFiles/xgoscreen.dir/include/xgoscreen/moc_XgoScreenManager.cpp.o[0m
[100%] [32m[1mLinking CXX shared library libxgoscreen.so[0m
[100%] Built target xgoscreen
-- Install configuration: ""
-- Installing: /home/sunrise/xgo_demo/src/install/xgoscreen/lib/libxgoscreen.so
-- Set runtime path of "/home/sunrise/xgo_demo/src/install/xgoscreen/lib/libxgoscreen.so" to ""
-- Installing: /home/sunrise/xgo_demo/src/install/xgoscreen/include
-- Installing: /home/sunrise/xgo_demo/src/install/xgoscreen/include/xgoscreen
-- Installing: /home/sunrise/xgo_demo/src/install/xgoscreen/include/xgoscreen/TUtil.h
-- Installing: /home/sunrise/xgo_demo/src/install/xgoscreen/include/xgoscreen/TLog.h
-- Installing: /home/sunrise/xgo_demo/src/install/xgoscreen/include/xgoscreen/XgoScreenManager.h
-- Installing: /home/sunrise/xgo_demo/src/install/xgoscreen/include/xgoscreen/TGpioUtil.h
-- Installing: /home/sunrise/xgo_demo/src/install/xgoscreen/include/xgoscreen/SpiScreen2Inch.h
-- Installing: /home/sunrise/xgo_demo/src/install/xgoscreen/include/xgoscreen/TSpiUtil.h
-- Installing: /home/sunrise/xgo_demo/src/install/xgoscreen/share/xgoscreen/environment/library_path.sh
-- Installing: /home/sunrise/xgo_demo/src/install/xgoscreen/share/xgoscreen/environment/library_path.dsv
-- Installing: /home/sunrise/xgo_demo/src/install/xgoscreen/share/ament_index/resource_index/package_run_dependencies/xgoscreen
-- Installing: /home/sunrise/xgo_demo/src/install/xgoscreen/share/ament_index/resource_index/parent_prefix_path/xgoscreen
-- Installing: /home/sunrise/xgo_demo/src/install/xgoscreen/share/xgoscreen/environment/ament_prefix_path.sh
-- Installing: /home/sunrise/xgo_demo/src/install/xgoscreen/share/xgoscreen/environment/ament_prefix_path.dsv
-- Installing: /home/sunrise/xgo_demo/src/install/xgoscreen/share/xgoscreen/environment/path.sh
-- Installing: /home/sunrise/xgo_demo/src/install/xgoscreen/share/xgoscreen/environment/path.dsv
-- Installing: /home/sunrise/xgo_demo/src/install/xgoscreen/share/xgoscreen/local_setup.bash
-- Installing: /home/sunrise/xgo_demo/src/install/xgoscreen/share/xgoscreen/local_setup.sh
-- Installing: /home/sunrise/xgo_demo/src/install/xgoscreen/share/xgoscreen/local_setup.zsh
-- Installing: /home/sunrise/xgo_demo/src/install/xgoscreen/share/xgoscreen/local_setup.dsv
-- Installing: /home/sunrise/xgo_demo/src/install/xgoscreen/share/xgoscreen/package.dsv
-- Installing: /home/sunrise/xgo_demo/src/install/xgoscreen/share/ament_index/resource_index/packages/xgoscreen
-- Installing: /home/sunrise/xgo_demo/src/install/xgoscreen/share/xgoscreen/cmake/export_xgoscreenExport.cmake
-- Installing: /home/sunrise/xgo_demo/src/install/xgoscreen/share/xgoscreen/cmake/export_xgoscreenExport-noconfig.cmake
-- Installing: /home/sunrise/xgo_demo/src/install/xgoscreen/share/xgoscreen/cmake/ament_cmake_export_include_directories-extras.cmake
-- Installing: /home/sunrise/xgo_demo/src/install/xgoscreen/share/xgoscreen/cmake/ament_cmake_export_targets-extras.cmake
-- Installing: /home/sunrise/xgo_demo/src/install/xgoscreen/share/xgoscreen/cmake/ament_cmake_export_dependencies-extras.cmake
-- Installing: /home/sunrise/xgo_demo/src/install/xgoscreen/share/xgoscreen/cmake/xgoscreenConfig.cmake
-- Installing: /home/sunrise/xgo_demo/src/install/xgoscreen/share/xgoscreen/cmake/xgoscreenConfig-version.cmake
-- Installing: /home/sunrise/xgo_demo/src/install/xgoscreen/share/xgoscreen/package.xml
