[0.051s] Invoking command in '/home/sunrise/xgo_demo/src/build/xgoscreen': CMAKE_PREFIX_PATH=${CMAKE_PREFIX_PATH}:/home/sunrise/xgo_demo/install/xgo_display:/opt/tros/humble:/opt/ros/humble /usr/bin/cmake /home/sunrise/xgo_demo/src/xgoscreen -DCMAKE_INSTALL_PREFIX=/home/sunrise/xgo_demo/src/install/xgoscreen
[0.809s] -- The C compiler identification is GNU 11.2.0
[1.136s] -- The CXX compiler identification is GNU 11.2.0
[1.187s] -- Detecting C compiler ABI info
[1.543s] -- Detecting C compiler ABI info - done
[1.593s] -- Check for working C compiler: /usr/bin/cc - skipped
[1.597s] -- Detecting C compile features
[1.606s] -- Detecting C compile features - done
[1.625s] -- Detecting CXX compiler ABI info
[2.021s] -- Detecting CXX compiler ABI info - done
[2.073s] -- Check for working CXX compiler: /usr/bin/c++ - skipped
[2.074s] -- Detecting CXX compile features
[2.078s] -- Detecting CXX compile features - done
[2.102s] -- Found ament_cmake: 1.3.11 (/opt/ros/humble/share/ament_cmake/cmake)
[3.180s] -- Found Python3: /usr/bin/python3 (found version "3.10.12") found components: Interpreter 
[3.843s] -- Found rclcpp: 16.0.12 (/opt/ros/humble/share/rclcpp/cmake)
[4.118s] -- Found rosidl_generator_c: 3.1.6 (/opt/ros/humble/share/rosidl_generator_c/cmake)
[4.177s] -- Found rosidl_adapter: 3.1.6 (/opt/ros/humble/share/rosidl_adapter/cmake)
[4.261s] -- Found rosidl_generator_cpp: 3.1.6 (/opt/ros/humble/share/rosidl_generator_cpp/cmake)
[4.357s] -- Using all available rosidl_typesupport_c: rosidl_typesupport_fastrtps_c;rosidl_typesupport_introspection_c
[4.483s] -- Using all available rosidl_typesupport_cpp: rosidl_typesupport_fastrtps_cpp;rosidl_typesupport_introspection_cpp
[4.818s] -- Found rmw_implementation_cmake: 6.1.2 (/opt/ros/humble/share/rmw_implementation_cmake/cmake)
[4.838s] -- Found rmw_fastrtps_cpp: 6.2.7 (/opt/ros/humble/share/rmw_fastrtps_cpp/cmake)
[5.289s] -- Found OpenSSL: /usr/lib/aarch64-linux-gnu/libcrypto.so (found version "3.0.2")  
[5.420s] -- Found FastRTPS: /opt/ros/humble/include  
[5.600s] -- Using RMW implementation 'rmw_fastrtps_cpp' as default
[5.649s] -- Looking for pthread.h
[5.987s] -- Looking for pthread.h - found
[5.989s] -- Performing Test CMAKE_HAVE_LIBC_PTHREAD
[6.340s] -- Performing Test CMAKE_HAVE_LIBC_PTHREAD - Success
[6.346s] -- Found Threads: TRUE  
[6.781s] -- Found sensor_msgs: 4.8.0 (/opt/ros/humble/share/sensor_msgs/cmake)
[7.685s] -- Configuring done
[7.762s] -- Generating done
[7.788s] -- Build files have been written to: /home/sunrise/xgo_demo/src/build/xgoscreen
[7.866s] Invoked command in '/home/sunrise/xgo_demo/src/build/xgoscreen' returned '0': CMAKE_PREFIX_PATH=${CMAKE_PREFIX_PATH}:/home/sunrise/xgo_demo/install/xgo_display:/opt/tros/humble:/opt/ros/humble /usr/bin/cmake /home/sunrise/xgo_demo/src/xgoscreen -DCMAKE_INSTALL_PREFIX=/home/sunrise/xgo_demo/src/install/xgoscreen
[7.873s] Invoking command in '/home/sunrise/xgo_demo/src/build/xgoscreen': CMAKE_PREFIX_PATH=${CMAKE_PREFIX_PATH}:/home/sunrise/xgo_demo/install/xgo_display:/opt/tros/humble:/opt/ros/humble /usr/bin/cmake --build /home/sunrise/xgo_demo/src/build/xgoscreen -- -j4 -l4
[8.032s] [ 10%] [34m[1mGenerating include/xgoscreen/moc_TGpioUtil.cpp[0m
[8.034s] [ 10%] [34m[1mGenerating include/xgoscreen/moc_XgoScreenManager.cpp[0m
[8.048s] [ 15%] [34m[1mGenerating include/xgoscreen/moc_TLog.cpp[0m
[8.056s] [ 21%] [34m[1mGenerating include/xgoscreen/moc_SpiScreen2Inch.cpp[0m
[8.068s] /home/sunrise/xgo_demo/src/xgoscreen/include/xgoscreen/TGpioUtil.h:26: Note: No relevant classes found. No output generated.
[8.070s] /home/sunrise/xgo_demo/src/xgoscreen/include/xgoscreen/TLog.h:33: Note: No relevant classes found. No output generated.
[8.103s] [ 31%] [34m[1mGenerating include/xgoscreen/moc_TSpiUtil.cpp[0m
[8.104s] [ 31%] [34m[1mGenerating include/xgoscreen/moc_TUtil.cpp[0m
[8.115s] /home/sunrise/xgo_demo/src/xgoscreen/include/xgoscreen/TUtil.h:16: Note: No relevant classes found. No output generated.
[8.116s] /home/sunrise/xgo_demo/src/xgoscreen/include/xgoscreen/TSpiUtil.h:34: Note: No relevant classes found. No output generated.
[8.190s] [ 36%] [32mBuilding CXX object CMakeFiles/xgoscreen.dir/src/SpiScreen2Inch.cpp.o[0m
[8.206s] [ 42%] [32mBuilding CXX object CMakeFiles/xgoscreen.dir/src/TLog.cpp.o[0m
[8.208s] [ 47%] [32mBuilding CXX object CMakeFiles/xgoscreen.dir/src/TSpiUtil.cpp.o[0m
[8.212s] [ 52%] [32mBuilding CXX object CMakeFiles/xgoscreen.dir/src/TGpioUtil.cpp.o[0m
[10.848s] [ 57%] [32mBuilding CXX object CMakeFiles/xgoscreen.dir/src/TUtil.cpp.o[0m
[17.023s] [ 63%] [32mBuilding CXX object CMakeFiles/xgoscreen.dir/src/XgoScreenManager.cpp.o[0m
[20.502s] [01m[K/home/sunrise/xgo_demo/src/xgoscreen/src/SpiScreen2Inch.cpp:[m[K In constructor ‘[01m[KSpiScreen2Inch::SpiScreen2Inch(int, int, int, int, int, int, bool)[m[K’:
[20.504s] [01m[K/home/sunrise/xgo_demo/src/xgoscreen/src/SpiScreen2Inch.cpp:6:92:[m[K [01;35m[Kwarning: [m[Kunused parameter ‘[01m[KgpioCS[m[K’ [[01;35m[K-Wunused-parameter[m[K]
[20.505s]     6 | SpiScreen2Inch::SpiScreen2Inch(int controllerIndex, int deviceIndex, int spiFrequency, [01;35m[Kint gpioCS[m[K, int gpioRest, int gpioDC, bool fast_startup)
[20.506s]       |                                                                                        [01;35m[K~~~~^~~~~~[m[K
[22.532s] [ 68%] [32mBuilding CXX object CMakeFiles/xgoscreen.dir/include/xgoscreen/moc_SpiScreen2Inch.cpp.o[0m
[24.369s] [ 73%] [32mBuilding CXX object CMakeFiles/xgoscreen.dir/include/xgoscreen/moc_TGpioUtil.cpp.o[0m
[24.613s] [ 78%] [32mBuilding CXX object CMakeFiles/xgoscreen.dir/include/xgoscreen/moc_TLog.cpp.o[0m
[24.814s] [ 84%] [32mBuilding CXX object CMakeFiles/xgoscreen.dir/include/xgoscreen/moc_TSpiUtil.cpp.o[0m
[24.931s] [ 89%] [32mBuilding CXX object CMakeFiles/xgoscreen.dir/include/xgoscreen/moc_TUtil.cpp.o[0m
[25.051s] [ 94%] [32mBuilding CXX object CMakeFiles/xgoscreen.dir/include/xgoscreen/moc_XgoScreenManager.cpp.o[0m
[42.258s] [100%] [32m[1mLinking CXX shared library libxgoscreen.so[0m
[84.899s] [100%] Built target xgoscreen
[95.589s] Invoked command in '/home/sunrise/xgo_demo/src/build/xgoscreen' returned '0': CMAKE_PREFIX_PATH=${CMAKE_PREFIX_PATH}:/home/sunrise/xgo_demo/install/xgo_display:/opt/tros/humble:/opt/ros/humble /usr/bin/cmake --build /home/sunrise/xgo_demo/src/build/xgoscreen -- -j4 -l4
[99.087s] Invoking command in '/home/sunrise/xgo_demo/src/build/xgoscreen': CMAKE_PREFIX_PATH=${CMAKE_PREFIX_PATH}:/home/sunrise/xgo_demo/install/xgo_display:/opt/tros/humble:/opt/ros/humble /usr/bin/cmake --install /home/sunrise/xgo_demo/src/build/xgoscreen
[105.567s] -- Install configuration: ""
[106.175s] -- Installing: /home/sunrise/xgo_demo/src/install/xgoscreen/lib/libxgoscreen.so
[110.119s] -- Set runtime path of "/home/sunrise/xgo_demo/src/install/xgoscreen/lib/libxgoscreen.so" to ""
[111.119s] -- Installing: /home/sunrise/xgo_demo/src/install/xgoscreen/include
[112.119s] -- Installing: /home/sunrise/xgo_demo/src/install/xgoscreen/include/xgoscreen
[113.119s] -- Installing: /home/sunrise/xgo_demo/src/install/xgoscreen/include/xgoscreen/TUtil.h
[114.147s] -- Installing: /home/sunrise/xgo_demo/src/install/xgoscreen/include/xgoscreen/TLog.h
[115.371s] -- Installing: /home/sunrise/xgo_demo/src/install/xgoscreen/include/xgoscreen/XgoScreenManager.h
[116.391s] -- Installing: /home/sunrise/xgo_demo/src/install/xgoscreen/include/xgoscreen/TGpioUtil.h
[117.411s] -- Installing: /home/sunrise/xgo_demo/src/install/xgoscreen/include/xgoscreen/SpiScreen2Inch.h
[137.458s] -- Installing: /home/sunrise/xgo_demo/src/install/xgoscreen/include/xgoscreen/TSpiUtil.h
[137.490s] -- Installing: /home/sunrise/xgo_demo/src/install/xgoscreen/share/xgoscreen/environment/library_path.sh
[137.490s] -- Installing: /home/sunrise/xgo_demo/src/install/xgoscreen/share/xgoscreen/environment/library_path.dsv
[137.491s] -- Installing: /home/sunrise/xgo_demo/src/install/xgoscreen/share/ament_index/resource_index/package_run_dependencies/xgoscreen
[137.492s] -- Installing: /home/sunrise/xgo_demo/src/install/xgoscreen/share/ament_index/resource_index/parent_prefix_path/xgoscreen
[137.492s] -- Installing: /home/sunrise/xgo_demo/src/install/xgoscreen/share/xgoscreen/environment/ament_prefix_path.sh
[137.493s] -- Installing: /home/sunrise/xgo_demo/src/install/xgoscreen/share/xgoscreen/environment/ament_prefix_path.dsv
[137.493s] -- Installing: /home/sunrise/xgo_demo/src/install/xgoscreen/share/xgoscreen/environment/path.sh
[137.494s] -- Installing: /home/sunrise/xgo_demo/src/install/xgoscreen/share/xgoscreen/environment/path.dsv
[137.494s] -- Installing: /home/sunrise/xgo_demo/src/install/xgoscreen/share/xgoscreen/local_setup.bash
[137.495s] -- Installing: /home/sunrise/xgo_demo/src/install/xgoscreen/share/xgoscreen/local_setup.sh
[137.495s] -- Installing: /home/sunrise/xgo_demo/src/install/xgoscreen/share/xgoscreen/local_setup.zsh
[137.496s] -- Installing: /home/sunrise/xgo_demo/src/install/xgoscreen/share/xgoscreen/local_setup.dsv
[137.496s] -- Installing: /home/sunrise/xgo_demo/src/install/xgoscreen/share/xgoscreen/package.dsv
[137.497s] -- Installing: /home/sunrise/xgo_demo/src/install/xgoscreen/share/ament_index/resource_index/packages/xgoscreen
[137.497s] -- Installing: /home/sunrise/xgo_demo/src/install/xgoscreen/share/xgoscreen/cmake/export_xgoscreenExport.cmake
[137.498s] -- Installing: /home/sunrise/xgo_demo/src/install/xgoscreen/share/xgoscreen/cmake/export_xgoscreenExport-noconfig.cmake
[138.188s] -- Installing: /home/sunrise/xgo_demo/src/install/xgoscreen/share/xgoscreen/cmake/ament_cmake_export_include_directories-extras.cmake
[138.260s] -- Installing: /home/sunrise/xgo_demo/src/install/xgoscreen/share/xgoscreen/cmake/ament_cmake_export_targets-extras.cmake
[138.263s] -- Installing: /home/sunrise/xgo_demo/src/install/xgoscreen/share/xgoscreen/cmake/ament_cmake_export_dependencies-extras.cmake
[138.266s] -- Installing: /home/sunrise/xgo_demo/src/install/xgoscreen/share/xgoscreen/cmake/xgoscreenConfig.cmake
[138.268s] -- Installing: /home/sunrise/xgo_demo/src/install/xgoscreen/share/xgoscreen/cmake/xgoscreenConfig-version.cmake
[138.280s] -- Installing: /home/sunrise/xgo_demo/src/install/xgoscreen/share/xgoscreen/package.xml
[140.022s] Invoked command in '/home/sunrise/xgo_demo/src/build/xgoscreen' returned '0': CMAKE_PREFIX_PATH=${CMAKE_PREFIX_PATH}:/home/sunrise/xgo_demo/install/xgo_display:/opt/tros/humble:/opt/ros/humble /usr/bin/cmake --install /home/sunrise/xgo_demo/src/build/xgoscreen
