running egg_info
creating ../build/doubao_asr/doubao_asr.egg-info
writing ../build/doubao_asr/doubao_asr.egg-info/PKG-INFO
writing dependency_links to ../build/doubao_asr/doubao_asr.egg-info/dependency_links.txt
writing entry points to ../build/doubao_asr/doubao_asr.egg-info/entry_points.txt
writing requirements to ../build/doubao_asr/doubao_asr.egg-info/requires.txt
writing top-level names to ../build/doubao_asr/doubao_asr.egg-info/top_level.txt
writing manifest file '../build/doubao_asr/doubao_asr.egg-info/SOURCES.txt'
reading manifest file '../build/doubao_asr/doubao_asr.egg-info/SOURCES.txt'
writing manifest file '../build/doubao_asr/doubao_asr.egg-info/SOURCES.txt'
running build
running build_py
creating /home/sunrise/xgo_demo/src/build/doubao_asr/build
creating /home/sunrise/xgo_demo/src/build/doubao_asr/build/lib
creating /home/sunrise/xgo_demo/src/build/doubao_asr/build/lib/doubao_asr
copying doubao_asr/__init__.py -> /home/sunrise/xgo_demo/src/build/doubao_asr/build/lib/doubao_asr
copying doubao_asr/node.py -> /home/sunrise/xgo_demo/src/build/doubao_asr/build/lib/doubao_asr
running install
running install_lib
creating /home/sunrise/xgo_demo/src/install/doubao_asr/lib/python3.10/site-packages/doubao_asr
copying /home/sunrise/xgo_demo/src/build/doubao_asr/build/lib/doubao_asr/__init__.py -> /home/sunrise/xgo_demo/src/install/doubao_asr/lib/python3.10/site-packages/doubao_asr
copying /home/sunrise/xgo_demo/src/build/doubao_asr/build/lib/doubao_asr/node.py -> /home/sunrise/xgo_demo/src/install/doubao_asr/lib/python3.10/site-packages/doubao_asr
byte-compiling /home/sunrise/xgo_demo/src/install/doubao_asr/lib/python3.10/site-packages/doubao_asr/__init__.py to __init__.cpython-310.pyc
byte-compiling /home/sunrise/xgo_demo/src/install/doubao_asr/lib/python3.10/site-packages/doubao_asr/node.py to node.cpython-310.pyc
running install_data
creating /home/sunrise/xgo_demo/src/install/doubao_asr/share/ament_index
creating /home/sunrise/xgo_demo/src/install/doubao_asr/share/ament_index/resource_index
creating /home/sunrise/xgo_demo/src/install/doubao_asr/share/ament_index/resource_index/packages
copying resource/doubao_asr -> /home/sunrise/xgo_demo/src/install/doubao_asr/share/ament_index/resource_index/packages
creating /home/sunrise/xgo_demo/src/install/doubao_asr/share/doubao_asr/launch
copying launch/doubao_asr.launch.py -> /home/sunrise/xgo_demo/src/install/doubao_asr/share/doubao_asr/launch
running install_egg_info
Copying ../build/doubao_asr/doubao_asr.egg-info to /home/sunrise/xgo_demo/src/install/doubao_asr/lib/python3.10/site-packages/doubao_asr-0.0.1-py3.10.egg-info
running install_scripts
Installing doubao_asr_node script to /home/sunrise/xgo_demo/src/install/doubao_asr/lib/doubao_asr
writing list of installed files to '/home/sunrise/xgo_demo/src/build/doubao_asr/install.log'
