[5.095s] Invoking command in '/home/sunrise/xgo_demo/src/doubao_asr': PYTHONPATH=/home/sunrise/xgo_demo/src/build/doubao_asr/prefix_override:/home/sunrise/.local/lib/python3.10/site-packages/colcon_core/task/python/colcon_distutils_commands:/home/sunrise/xgo_demo/src/install/doubao_asr/lib/python3.10/site-packages:${PYTHONPATH} /usr/bin/python3 -W ignore:setup.py install is deprecated -W ignore:easy_install command is deprecated setup.py egg_info --egg-base ../build/doubao_asr build --build-base /home/sunrise/xgo_demo/src/build/doubao_asr/build install --record /home/sunrise/xgo_demo/src/build/doubao_asr/install.log --single-version-externally-managed install_data
[6.947s] running egg_info
[6.952s] creating ../build/doubao_asr/doubao_asr.egg-info
[6.953s] writing ../build/doubao_asr/doubao_asr.egg-info/PKG-INFO
[6.955s] writing dependency_links to ../build/doubao_asr/doubao_asr.egg-info/dependency_links.txt
[6.956s] writing entry points to ../build/doubao_asr/doubao_asr.egg-info/entry_points.txt
[6.957s] writing requirements to ../build/doubao_asr/doubao_asr.egg-info/requires.txt
[6.958s] writing top-level names to ../build/doubao_asr/doubao_asr.egg-info/top_level.txt
[6.959s] writing manifest file '../build/doubao_asr/doubao_asr.egg-info/SOURCES.txt'
[6.969s] reading manifest file '../build/doubao_asr/doubao_asr.egg-info/SOURCES.txt'
[6.975s] writing manifest file '../build/doubao_asr/doubao_asr.egg-info/SOURCES.txt'
[6.976s] running build
[6.978s] running build_py
[6.979s] creating /home/sunrise/xgo_demo/src/build/doubao_asr/build
[6.980s] creating /home/sunrise/xgo_demo/src/build/doubao_asr/build/lib
[6.981s] creating /home/sunrise/xgo_demo/src/build/doubao_asr/build/lib/doubao_asr
[6.982s] copying doubao_asr/__init__.py -> /home/sunrise/xgo_demo/src/build/doubao_asr/build/lib/doubao_asr
[6.983s] copying doubao_asr/node.py -> /home/sunrise/xgo_demo/src/build/doubao_asr/build/lib/doubao_asr
[6.984s] running install
[6.985s] running install_lib
[6.989s] creating /home/sunrise/xgo_demo/src/install/doubao_asr/lib/python3.10/site-packages/doubao_asr
[6.990s] copying /home/sunrise/xgo_demo/src/build/doubao_asr/build/lib/doubao_asr/__init__.py -> /home/sunrise/xgo_demo/src/install/doubao_asr/lib/python3.10/site-packages/doubao_asr
[6.991s] copying /home/sunrise/xgo_demo/src/build/doubao_asr/build/lib/doubao_asr/node.py -> /home/sunrise/xgo_demo/src/install/doubao_asr/lib/python3.10/site-packages/doubao_asr
[6.995s] byte-compiling /home/sunrise/xgo_demo/src/install/doubao_asr/lib/python3.10/site-packages/doubao_asr/__init__.py to __init__.cpython-310.pyc
[6.996s] byte-compiling /home/sunrise/xgo_demo/src/install/doubao_asr/lib/python3.10/site-packages/doubao_asr/node.py to node.cpython-310.pyc
[7.006s] running install_data
[7.007s] creating /home/sunrise/xgo_demo/src/install/doubao_asr/share/ament_index
[7.008s] creating /home/sunrise/xgo_demo/src/install/doubao_asr/share/ament_index/resource_index
[7.009s] creating /home/sunrise/xgo_demo/src/install/doubao_asr/share/ament_index/resource_index/packages
[7.010s] copying resource/doubao_asr -> /home/sunrise/xgo_demo/src/install/doubao_asr/share/ament_index/resource_index/packages
[7.011s] creating /home/sunrise/xgo_demo/src/install/doubao_asr/share/doubao_asr/launch
[7.012s] copying launch/doubao_asr.launch.py -> /home/sunrise/xgo_demo/src/install/doubao_asr/share/doubao_asr/launch
[7.013s] running install_egg_info
[7.021s] Copying ../build/doubao_asr/doubao_asr.egg-info to /home/sunrise/xgo_demo/src/install/doubao_asr/lib/python3.10/site-packages/doubao_asr-0.0.1-py3.10.egg-info
[7.028s] running install_scripts
[7.176s] Installing doubao_asr_node script to /home/sunrise/xgo_demo/src/install/doubao_asr/lib/doubao_asr
[7.179s] writing list of installed files to '/home/sunrise/xgo_demo/src/build/doubao_asr/install.log'
[7.415s] Invoked command in '/home/sunrise/xgo_demo/src/doubao_asr' returned '0': PYTHONPATH=/home/sunrise/xgo_demo/src/build/doubao_asr/prefix_override:/home/sunrise/.local/lib/python3.10/site-packages/colcon_core/task/python/colcon_distutils_commands:/home/sunrise/xgo_demo/src/install/doubao_asr/lib/python3.10/site-packages:${PYTHONPATH} /usr/bin/python3 -W ignore:setup.py install is deprecated -W ignore:easy_install command is deprecated setup.py egg_info --egg-base ../build/doubao_asr build --build-base /home/sunrise/xgo_demo/src/build/doubao_asr/build install --record /home/sunrise/xgo_demo/src/build/doubao_asr/install.log --single-version-externally-managed install_data
