[0.101s] Invoking command in '/home/sunrise/xgo_demo/build/xgo_lidar_display': CMAKE_PREFIX_PATH=/home/sunrise/xgo_demo/install/xgoscreen:/home/sunrise/xgo_demo/install/xgolib:/home/sunrise/xgo_demo/install/xgo_voice_control:/home/sunrise/xgo_demo/install/xgo_motion:/home/sunrise/xgo_demo/install/xgo_lidar_display:/home/sunrise/xgo_demo/install/xgo_head:/home/sunrise/xgo_demo/install/xgo_device:/home/sunrise/xgo_demo/install/xgo_gesture_control:/home/sunrise/xgo_demo/install/xgo_face_control:/home/sunrise/xgo_demo/install/xgo_body_tracker:/home/sunrise/ydlidar_ros2_ws/install/ydlidar_ros2_driver:/opt/tros/humble:/opt/ros/humble /usr/bin/cmake --build /home/sunrise/xgo_demo/build/xgo_lidar_display -- -j4 -l4
[0.456s] [ 25%] [34m[1mAutomatic MOC and UIC for target lidar_display_node[0m
[0.534s] [ 25%] Built target lidar_display_node_autogen
[0.830s] [ 50%] [32mBuilding CXX object CMakeFiles/lidar_display_node.dir/src/lidar_display_node.cpp.o[0m
[18.830s] [01m[K/home/sunrise/xgo_demo/src/xgo_lidar_display/src/lidar_display_node.cpp:[m[K In member function ‘[01m[Kvoid LidarDisplayNode::visualize_on_screen(sensor_msgs::msg::LaserScan_<std::allocator<void> >::SharedPtr)[m[K’:
[18.831s] [01m[K/home/sunrise/xgo_demo/src/xgo_lidar_display/src/lidar_display_node.cpp:131:75:[m[K [01;35m[Kwarning: [m[Kunused parameter ‘[01m[Kmsg[m[K’ [[01;35m[K-Wunused-parameter[m[K]
[18.832s]   131 |     void visualize_on_screen([01;35m[Kconst sensor_msgs::msg::LaserScan::SharedPtr msg[m[K)
[18.832s]       |                              [01;35m[K~~~~~~~~~~~~~~~~~~~~~~~~~~~~~~~~~~~~~~~~~~~~~^~~[m[K
[59.784s] [ 75%] [32m[1mLinking CXX executable lidar_display_node[0m
[105.345s] [100%] Built target lidar_display_node
[105.389s] Invoked command in '/home/sunrise/xgo_demo/build/xgo_lidar_display' returned '0': CMAKE_PREFIX_PATH=/home/sunrise/xgo_demo/install/xgoscreen:/home/sunrise/xgo_demo/install/xgolib:/home/sunrise/xgo_demo/install/xgo_voice_control:/home/sunrise/xgo_demo/install/xgo_motion:/home/sunrise/xgo_demo/install/xgo_lidar_display:/home/sunrise/xgo_demo/install/xgo_head:/home/sunrise/xgo_demo/install/xgo_device:/home/sunrise/xgo_demo/install/xgo_gesture_control:/home/sunrise/xgo_demo/install/xgo_face_control:/home/sunrise/xgo_demo/install/xgo_body_tracker:/home/sunrise/ydlidar_ros2_ws/install/ydlidar_ros2_driver:/opt/tros/humble:/opt/ros/humble /usr/bin/cmake --build /home/sunrise/xgo_demo/build/xgo_lidar_display -- -j4 -l4
[105.431s] Invoking command in '/home/sunrise/xgo_demo/build/xgo_lidar_display': CMAKE_PREFIX_PATH=/home/sunrise/xgo_demo/install/xgoscreen:/home/sunrise/xgo_demo/install/xgolib:/home/sunrise/xgo_demo/install/xgo_voice_control:/home/sunrise/xgo_demo/install/xgo_motion:/home/sunrise/xgo_demo/install/xgo_lidar_display:/home/sunrise/xgo_demo/install/xgo_head:/home/sunrise/xgo_demo/install/xgo_device:/home/sunrise/xgo_demo/install/xgo_gesture_control:/home/sunrise/xgo_demo/install/xgo_face_control:/home/sunrise/xgo_demo/install/xgo_body_tracker:/home/sunrise/ydlidar_ros2_ws/install/ydlidar_ros2_driver:/opt/tros/humble:/opt/ros/humble /usr/bin/cmake --install /home/sunrise/xgo_demo/build/xgo_lidar_display
[105.460s] -- Install configuration: ""
[105.465s] -- Installing: /home/sunrise/xgo_demo/install/xgo_lidar_display/lib/xgo_lidar_display/lidar_display_node
[105.483s] -- Set runtime path of "/home/sunrise/xgo_demo/install/xgo_lidar_display/lib/xgo_lidar_display/lidar_display_node" to ""
[105.484s] -- Up-to-date: /home/sunrise/xgo_demo/install/xgo_lidar_display/share/xgo_lidar_display//launch
[105.485s] -- Up-to-date: /home/sunrise/xgo_demo/install/xgo_lidar_display/share/xgo_lidar_display//launch/lidar_display_launch.py
[105.488s] -- Up-to-date: /home/sunrise/xgo_demo/install/xgo_lidar_display/share/ament_index/resource_index/package_run_dependencies/xgo_lidar_display
[105.489s] -- Up-to-date: /home/sunrise/xgo_demo/install/xgo_lidar_display/share/ament_index/resource_index/parent_prefix_path/xgo_lidar_display
[105.490s] -- Up-to-date: /home/sunrise/xgo_demo/install/xgo_lidar_display/share/xgo_lidar_display/environment/ament_prefix_path.sh
[105.491s] -- Up-to-date: /home/sunrise/xgo_demo/install/xgo_lidar_display/share/xgo_lidar_display/environment/ament_prefix_path.dsv
[105.492s] -- Up-to-date: /home/sunrise/xgo_demo/install/xgo_lidar_display/share/xgo_lidar_display/environment/path.sh
[105.493s] -- Up-to-date: /home/sunrise/xgo_demo/install/xgo_lidar_display/share/xgo_lidar_display/environment/path.dsv
[105.494s] -- Up-to-date: /home/sunrise/xgo_demo/install/xgo_lidar_display/share/xgo_lidar_display/local_setup.bash
[105.494s] -- Up-to-date: /home/sunrise/xgo_demo/install/xgo_lidar_display/share/xgo_lidar_display/local_setup.sh
[105.495s] -- Up-to-date: /home/sunrise/xgo_demo/install/xgo_lidar_display/share/xgo_lidar_display/local_setup.zsh
[105.496s] -- Up-to-date: /home/sunrise/xgo_demo/install/xgo_lidar_display/share/xgo_lidar_display/local_setup.dsv
[105.496s] -- Installing: /home/sunrise/xgo_demo/install/xgo_lidar_display/share/xgo_lidar_display/package.dsv
[105.497s] -- Up-to-date: /home/sunrise/xgo_demo/install/xgo_lidar_display/share/ament_index/resource_index/packages/xgo_lidar_display
[105.498s] -- Up-to-date: /home/sunrise/xgo_demo/install/xgo_lidar_display/share/xgo_lidar_display/cmake/xgo_lidar_displayConfig.cmake
[105.498s] -- Up-to-date: /home/sunrise/xgo_demo/install/xgo_lidar_display/share/xgo_lidar_display/cmake/xgo_lidar_displayConfig-version.cmake
[105.499s] -- Up-to-date: /home/sunrise/xgo_demo/install/xgo_lidar_display/share/xgo_lidar_display/package.xml
[105.510s] Invoked command in '/home/sunrise/xgo_demo/build/xgo_lidar_display' returned '0': CMAKE_PREFIX_PATH=/home/sunrise/xgo_demo/install/xgoscreen:/home/sunrise/xgo_demo/install/xgolib:/home/sunrise/xgo_demo/install/xgo_voice_control:/home/sunrise/xgo_demo/install/xgo_motion:/home/sunrise/xgo_demo/install/xgo_lidar_display:/home/sunrise/xgo_demo/install/xgo_head:/home/sunrise/xgo_demo/install/xgo_device:/home/sunrise/xgo_demo/install/xgo_gesture_control:/home/sunrise/xgo_demo/install/xgo_face_control:/home/sunrise/xgo_demo/install/xgo_body_tracker:/home/sunrise/ydlidar_ros2_ws/install/ydlidar_ros2_driver:/opt/tros/humble:/opt/ros/humble /usr/bin/cmake --install /home/sunrise/xgo_demo/build/xgo_lidar_display
