[100%] Built target voice_control_node
-- Install configuration: ""
-- Up-to-date: /home/sunrise/xgo_demo/install/xgo_voice_control/lib/xgo_voice_control/voice_control_node
-- Up-to-date: /home/sunrise/xgo_demo/install/xgo_voice_control/share/xgo_voice_control/launch
-- Up-to-date: /home/sunrise/xgo_demo/install/xgo_voice_control/share/xgo_voice_control/launch/voice_control.launch.py
-- Up-to-date: /home/sunrise/xgo_demo/install/xgo_voice_control/share/xgo_voice_control/resource
-- Up-to-date: /home/sunrise/xgo_demo/install/xgo_voice_control/share/xgo_voice_control/resource/.keep
-- Up-to-date: /home/sunrise/xgo_demo/install/xgo_voice_control/share/ament_index/resource_index/package_run_dependencies/xgo_voice_control
-- Up-to-date: /home/sunrise/xgo_demo/install/xgo_voice_control/share/ament_index/resource_index/parent_prefix_path/xgo_voice_control
-- Up-to-date: /home/sunrise/xgo_demo/install/xgo_voice_control/share/xgo_voice_control/environment/ament_prefix_path.sh
-- Up-to-date: /home/sunrise/xgo_demo/install/xgo_voice_control/share/xgo_voice_control/environment/ament_prefix_path.dsv
-- Up-to-date: /home/sunrise/xgo_demo/install/xgo_voice_control/share/xgo_voice_control/environment/path.sh
-- Up-to-date: /home/sunrise/xgo_demo/install/xgo_voice_control/share/xgo_voice_control/environment/path.dsv
-- Up-to-date: /home/sunrise/xgo_demo/install/xgo_voice_control/share/xgo_voice_control/local_setup.bash
-- Up-to-date: /home/sunrise/xgo_demo/install/xgo_voice_control/share/xgo_voice_control/local_setup.sh
-- Up-to-date: /home/sunrise/xgo_demo/install/xgo_voice_control/share/xgo_voice_control/local_setup.zsh
-- Up-to-date: /home/sunrise/xgo_demo/install/xgo_voice_control/share/xgo_voice_control/local_setup.dsv
-- Installing: /home/sunrise/xgo_demo/install/xgo_voice_control/share/xgo_voice_control/package.dsv
-- Up-to-date: /home/sunrise/xgo_demo/install/xgo_voice_control/share/ament_index/resource_index/packages/xgo_voice_control
-- Up-to-date: /home/sunrise/xgo_demo/install/xgo_voice_control/share/xgo_voice_control/cmake/xgo_voice_controlConfig.cmake
-- Up-to-date: /home/sunrise/xgo_demo/install/xgo_voice_control/share/xgo_voice_control/cmake/xgo_voice_controlConfig-version.cmake
-- Up-to-date: /home/sunrise/xgo_demo/install/xgo_voice_control/share/xgo_voice_control/package.xml
