[0.048s] Invoking command in '/home/sunrise/xgo_demo/build/xgo_voice_control': CMAKE_PREFIX_PATH=/home/sunrise/xgo_demo/install/xgoscreen:/home/sunrise/xgo_demo/install/xgolib:/home/sunrise/xgo_demo/install/xgo_voice_control:/home/sunrise/xgo_demo/install/xgo_motion:/home/sunrise/xgo_demo/install/xgo_head:/home/sunrise/xgo_demo/install/xgo_device:/home/sunrise/xgo_demo/install/xgo_gesture_control:/home/sunrise/xgo_demo/install/xgo_face_control:/home/sunrise/xgo_demo/install/xgo_body_tracker:/opt/tros/humble:/opt/ros/humble /usr/bin/cmake --build /home/sunrise/xgo_demo/build/xgo_voice_control -- -j4 -l4
[0.263s] [100%] Built target voice_control_node
[0.303s] Invoked command in '/home/sunrise/xgo_demo/build/xgo_voice_control' returned '0': CMAKE_PREFIX_PATH=/home/sunrise/xgo_demo/install/xgoscreen:/home/sunrise/xgo_demo/install/xgolib:/home/sunrise/xgo_demo/install/xgo_voice_control:/home/sunrise/xgo_demo/install/xgo_motion:/home/sunrise/xgo_demo/install/xgo_head:/home/sunrise/xgo_demo/install/xgo_device:/home/sunrise/xgo_demo/install/xgo_gesture_control:/home/sunrise/xgo_demo/install/xgo_face_control:/home/sunrise/xgo_demo/install/xgo_body_tracker:/opt/tros/humble:/opt/ros/humble /usr/bin/cmake --build /home/sunrise/xgo_demo/build/xgo_voice_control -- -j4 -l4
[0.310s] Invoking command in '/home/sunrise/xgo_demo/build/xgo_voice_control': CMAKE_PREFIX_PATH=/home/sunrise/xgo_demo/install/xgoscreen:/home/sunrise/xgo_demo/install/xgolib:/home/sunrise/xgo_demo/install/xgo_voice_control:/home/sunrise/xgo_demo/install/xgo_motion:/home/sunrise/xgo_demo/install/xgo_head:/home/sunrise/xgo_demo/install/xgo_device:/home/sunrise/xgo_demo/install/xgo_gesture_control:/home/sunrise/xgo_demo/install/xgo_face_control:/home/sunrise/xgo_demo/install/xgo_body_tracker:/opt/tros/humble:/opt/ros/humble /usr/bin/cmake --install /home/sunrise/xgo_demo/build/xgo_voice_control
[0.338s] -- Install configuration: ""
[0.341s] -- Up-to-date: /home/sunrise/xgo_demo/install/xgo_voice_control/lib/xgo_voice_control/voice_control_node
[0.342s] -- Up-to-date: /home/sunrise/xgo_demo/install/xgo_voice_control/share/xgo_voice_control/launch
[0.343s] -- Up-to-date: /home/sunrise/xgo_demo/install/xgo_voice_control/share/xgo_voice_control/launch/voice_control.launch.py
[0.344s] -- Up-to-date: /home/sunrise/xgo_demo/install/xgo_voice_control/share/xgo_voice_control/resource
[0.345s] -- Up-to-date: /home/sunrise/xgo_demo/install/xgo_voice_control/share/xgo_voice_control/resource/.keep
[0.346s] -- Up-to-date: /home/sunrise/xgo_demo/install/xgo_voice_control/share/ament_index/resource_index/package_run_dependencies/xgo_voice_control
[0.346s] -- Up-to-date: /home/sunrise/xgo_demo/install/xgo_voice_control/share/ament_index/resource_index/parent_prefix_path/xgo_voice_control
[0.347s] -- Up-to-date: /home/sunrise/xgo_demo/install/xgo_voice_control/share/xgo_voice_control/environment/ament_prefix_path.sh
[0.348s] -- Up-to-date: /home/sunrise/xgo_demo/install/xgo_voice_control/share/xgo_voice_control/environment/ament_prefix_path.dsv
[0.349s] -- Up-to-date: /home/sunrise/xgo_demo/install/xgo_voice_control/share/xgo_voice_control/environment/path.sh
[0.349s] -- Up-to-date: /home/sunrise/xgo_demo/install/xgo_voice_control/share/xgo_voice_control/environment/path.dsv
[0.350s] -- Up-to-date: /home/sunrise/xgo_demo/install/xgo_voice_control/share/xgo_voice_control/local_setup.bash
[0.350s] -- Up-to-date: /home/sunrise/xgo_demo/install/xgo_voice_control/share/xgo_voice_control/local_setup.sh
[0.351s] -- Up-to-date: /home/sunrise/xgo_demo/install/xgo_voice_control/share/xgo_voice_control/local_setup.zsh
[0.351s] -- Up-to-date: /home/sunrise/xgo_demo/install/xgo_voice_control/share/xgo_voice_control/local_setup.dsv
[0.352s] -- Installing: /home/sunrise/xgo_demo/install/xgo_voice_control/share/xgo_voice_control/package.dsv
[0.353s] -- Up-to-date: /home/sunrise/xgo_demo/install/xgo_voice_control/share/ament_index/resource_index/packages/xgo_voice_control
[0.355s] -- Up-to-date: /home/sunrise/xgo_demo/install/xgo_voice_control/share/xgo_voice_control/cmake/xgo_voice_controlConfig.cmake
[0.358s] -- Up-to-date: /home/sunrise/xgo_demo/install/xgo_voice_control/share/xgo_voice_control/cmake/xgo_voice_controlConfig-version.cmake
[0.360s] -- Up-to-date: /home/sunrise/xgo_demo/install/xgo_voice_control/share/xgo_voice_control/package.xml
[0.361s] Invoked command in '/home/sunrise/xgo_demo/build/xgo_voice_control' returned '0': CMAKE_PREFIX_PATH=/home/sunrise/xgo_demo/install/xgoscreen:/home/sunrise/xgo_demo/install/xgolib:/home/sunrise/xgo_demo/install/xgo_voice_control:/home/sunrise/xgo_demo/install/xgo_motion:/home/sunrise/xgo_demo/install/xgo_head:/home/sunrise/xgo_demo/install/xgo_device:/home/sunrise/xgo_demo/install/xgo_gesture_control:/home/sunrise/xgo_demo/install/xgo_face_control:/home/sunrise/xgo_demo/install/xgo_body_tracker:/opt/tros/humble:/opt/ros/humble /usr/bin/cmake --install /home/sunrise/xgo_demo/build/xgo_voice_control
