[0.108s] Invoking command in '/home/sunrise/xgo_demo/build/xgo_head': CMAKE_PREFIX_PATH=/home/sunrise/xgo_demo/install/xgoscreen:/home/sunrise/xgo_demo/install/xgolib:/home/sunrise/xgo_demo/install/xgo_voice_control:/home/sunrise/xgo_demo/install/xgo_motion:/home/sunrise/xgo_demo/install/xgo_lidar_display:/home/sunrise/xgo_demo/install/xgo_head:/home/sunrise/xgo_demo/install/xgo_device:/home/sunrise/xgo_demo/install/xgo_gesture_control:/home/sunrise/xgo_demo/install/xgo_face_control:/home/sunrise/xgo_demo/install/xgo_body_tracker:/home/sunrise/ydlidar_ros2_ws/install/ydlidar_ros2_driver:/opt/tros/humble:/opt/ros/humble /usr/bin/cmake --build /home/sunrise/xgo_demo/build/xgo_head -- -j4 -l4
[0.622s] [  5%] [34m[1mGenerating ui_mainwindow.h[0m
[0.754s] /home/sunrise/xgo_demo/src/xgo_head/ui/mainwindow.ui: Warning: The name 'layoutWidget' (QWidget) is already in use, defaulting to 'layoutWidget1'.
[0.755s] /home/sunrise/xgo_demo/src/xgo_head/ui/mainwindow.ui: Warning: The name 'layoutWidget' (QWidget) is already in use, defaulting to 'layoutWidget2'.
[0.827s] [35m[1mConsolidate compiler generated dependencies of target xgo_head[0m
[1.087s] [ 10%] [32mBuilding CXX object CMakeFiles/xgo_head.dir/src/mainwindow.cpp.o[0m
[65.593s] [ 15%] [32m[1mLinking CXX executable xgo_head[0m
[82.688s] [100%] Built target xgo_head
[83.068s] Invoked command in '/home/sunrise/xgo_demo/build/xgo_head' returned '0': CMAKE_PREFIX_PATH=/home/sunrise/xgo_demo/install/xgoscreen:/home/sunrise/xgo_demo/install/xgolib:/home/sunrise/xgo_demo/install/xgo_voice_control:/home/sunrise/xgo_demo/install/xgo_motion:/home/sunrise/xgo_demo/install/xgo_lidar_display:/home/sunrise/xgo_demo/install/xgo_head:/home/sunrise/xgo_demo/install/xgo_device:/home/sunrise/xgo_demo/install/xgo_gesture_control:/home/sunrise/xgo_demo/install/xgo_face_control:/home/sunrise/xgo_demo/install/xgo_body_tracker:/home/sunrise/ydlidar_ros2_ws/install/ydlidar_ros2_driver:/opt/tros/humble:/opt/ros/humble /usr/bin/cmake --build /home/sunrise/xgo_demo/build/xgo_head -- -j4 -l4
[83.380s] Invoking command in '/home/sunrise/xgo_demo/build/xgo_head': CMAKE_PREFIX_PATH=/home/sunrise/xgo_demo/install/xgoscreen:/home/sunrise/xgo_demo/install/xgolib:/home/sunrise/xgo_demo/install/xgo_voice_control:/home/sunrise/xgo_demo/install/xgo_motion:/home/sunrise/xgo_demo/install/xgo_lidar_display:/home/sunrise/xgo_demo/install/xgo_head:/home/sunrise/xgo_demo/install/xgo_device:/home/sunrise/xgo_demo/install/xgo_gesture_control:/home/sunrise/xgo_demo/install/xgo_face_control:/home/sunrise/xgo_demo/install/xgo_body_tracker:/home/sunrise/ydlidar_ros2_ws/install/ydlidar_ros2_driver:/opt/tros/humble:/opt/ros/humble /usr/bin/cmake --install /home/sunrise/xgo_demo/build/xgo_head
[83.435s] -- Install configuration: ""
[83.436s] -- Execute custom install script
[83.437s] -- Up-to-date symlink: /home/sunrise/xgo_demo/install/xgo_head/lib/xgo_head/xgo_head
[83.443s] -- Up-to-date symlink: /home/sunrise/xgo_demo/install/xgo_head/share/ament_index/resource_index/package_run_dependencies/xgo_head
[83.445s] -- Up-to-date symlink: /home/sunrise/xgo_demo/install/xgo_head/share/ament_index/resource_index/parent_prefix_path/xgo_head
[83.459s] -- Up-to-date symlink: /home/sunrise/xgo_demo/install/xgo_head/share/xgo_head/environment/ament_prefix_path.sh
[83.461s] -- Up-to-date symlink: /home/sunrise/xgo_demo/install/xgo_head/share/xgo_head/environment/ament_prefix_path.dsv
[83.463s] -- Up-to-date symlink: /home/sunrise/xgo_demo/install/xgo_head/share/xgo_head/environment/path.sh
[83.465s] -- Up-to-date symlink: /home/sunrise/xgo_demo/install/xgo_head/share/xgo_head/environment/path.dsv
[83.466s] -- Up-to-date symlink: /home/sunrise/xgo_demo/install/xgo_head/share/xgo_head/local_setup.bash
[83.468s] -- Up-to-date symlink: /home/sunrise/xgo_demo/install/xgo_head/share/xgo_head/local_setup.sh
[83.469s] -- Up-to-date symlink: /home/sunrise/xgo_demo/install/xgo_head/share/xgo_head/local_setup.zsh
[83.471s] -- Up-to-date symlink: /home/sunrise/xgo_demo/install/xgo_head/share/xgo_head/local_setup.dsv
[83.472s] -- Symlinking: /home/sunrise/xgo_demo/install/xgo_head/share/xgo_head/package.dsv
[83.509s] -- Up-to-date symlink: /home/sunrise/xgo_demo/install/xgo_head/share/ament_index/resource_index/packages/xgo_head
[83.512s] -- Up-to-date symlink: /home/sunrise/xgo_demo/install/xgo_head/share/xgo_head/cmake/ament_cmake_export_dependencies-extras.cmake
[83.513s] -- Up-to-date symlink: /home/sunrise/xgo_demo/install/xgo_head/share/xgo_head/cmake/xgo_headConfig.cmake
[83.515s] -- Up-to-date symlink: /home/sunrise/xgo_demo/install/xgo_head/share/xgo_head/cmake/xgo_headConfig-version.cmake
[83.519s] -- Up-to-date symlink: /home/sunrise/xgo_demo/install/xgo_head/share/xgo_head/package.xml
[83.520s] -- Up-to-date: /home/sunrise/xgo_demo/install/xgo_head/share/xgo_head/launch/
[83.521s] -- Up-to-date: /home/sunrise/xgo_demo/install/xgo_head/share/xgo_head/launch//xgo_complete.launch.py
[83.541s] Invoked command in '/home/sunrise/xgo_demo/build/xgo_head' returned '0': CMAKE_PREFIX_PATH=/home/sunrise/xgo_demo/install/xgoscreen:/home/sunrise/xgo_demo/install/xgolib:/home/sunrise/xgo_demo/install/xgo_voice_control:/home/sunrise/xgo_demo/install/xgo_motion:/home/sunrise/xgo_demo/install/xgo_lidar_display:/home/sunrise/xgo_demo/install/xgo_head:/home/sunrise/xgo_demo/install/xgo_device:/home/sunrise/xgo_demo/install/xgo_gesture_control:/home/sunrise/xgo_demo/install/xgo_face_control:/home/sunrise/xgo_demo/install/xgo_body_tracker:/home/sunrise/ydlidar_ros2_ws/install/ydlidar_ros2_driver:/opt/tros/humble:/opt/ros/humble /usr/bin/cmake --install /home/sunrise/xgo_demo/build/xgo_head
