-- The C compiler identification is GNU 11.2.0
-- The CXX compiler identification is GNU 11.2.0
-- Detecting C compiler ABI info
-- Detecting C compiler ABI info - done
-- Check for working C compiler: /usr/bin/cc - skipped
-- Detecting C compile features
-- Detecting C compile features - done
-- Detecting CXX compiler ABI info
-- Detecting CXX compiler ABI info - done
-- Check for working CXX compiler: /usr/bin/c++ - skipped
-- Detecting CXX compile features
-- Detecting CXX compile features - done
-- Found ament_cmake: 1.3.11 (/opt/ros/humble/share/ament_cmake/cmake)
-- Found Python3: /usr/bin/python3 (found version "3.10.12") found components: Interpreter 
-- Looking for pthread.h
-- Looking for pthread.h - found
-- Performing Test CMAKE_HAVE_LIBC_PTHREAD
-- Performing Test CMAKE_HAVE_LIBC_PTHREAD - Success
-- Found Threads: TRUE  
-- Configuring done
-- Generating done
-- Build files have been written to: /home/sunrise/xgo_demo/src/build/xgolib
[ 50%] [32mBuilding CXX object CMakeFiles/XGO.dir/src/XGO.cpp.o[0m
[100%] [32m[1mLinking CXX static library libXGO.a[0m
[100%] Built target XGO
-- Install configuration: ""
-- Installing: /home/sunrise/xgo_demo/src/install/xgolib/share/xgolib/environment/library_path.sh
-- Installing: /home/sunrise/xgo_demo/src/install/xgolib/share/xgolib/environment/library_path.dsv
-- Installing: /home/sunrise/xgo_demo/src/install/xgolib/lib/libXGO.a
-- Installing: /home/sunrise/xgo_demo/src/install/xgolib/include/XGO.h
-- Installing: /home/sunrise/xgo_demo/src/install/xgolib/share/ament_index/resource_index/package_run_dependencies/xgolib
-- Installing: /home/sunrise/xgo_demo/src/install/xgolib/share/ament_index/resource_index/parent_prefix_path/xgolib
-- Installing: /home/sunrise/xgo_demo/src/install/xgolib/share/xgolib/environment/ament_prefix_path.sh
-- Installing: /home/sunrise/xgo_demo/src/install/xgolib/share/xgolib/environment/ament_prefix_path.dsv
-- Installing: /home/sunrise/xgo_demo/src/install/xgolib/share/xgolib/environment/path.sh
-- Installing: /home/sunrise/xgo_demo/src/install/xgolib/share/xgolib/environment/path.dsv
-- Installing: /home/sunrise/xgo_demo/src/install/xgolib/share/xgolib/local_setup.bash
-- Installing: /home/sunrise/xgo_demo/src/install/xgolib/share/xgolib/local_setup.sh
-- Installing: /home/sunrise/xgo_demo/src/install/xgolib/share/xgolib/local_setup.zsh
-- Installing: /home/sunrise/xgo_demo/src/install/xgolib/share/xgolib/local_setup.dsv
-- Installing: /home/sunrise/xgo_demo/src/install/xgolib/share/xgolib/package.dsv
-- Installing: /home/sunrise/xgo_demo/src/install/xgolib/share/ament_index/resource_index/packages/xgolib
-- Installing: /home/sunrise/xgo_demo/src/install/xgolib/share/xgolib/cmake/export_XGOExport.cmake
-- Installing: /home/sunrise/xgo_demo/src/install/xgolib/share/xgolib/cmake/export_XGOExport-noconfig.cmake
-- Installing: /home/sunrise/xgo_demo/src/install/xgolib/share/xgolib/cmake/ament_cmake_export_targets-extras.cmake
-- Installing: /home/sunrise/xgo_demo/src/install/xgolib/share/xgolib/cmake/ament_cmake_export_include_directories-extras.cmake
-- Installing: /home/sunrise/xgo_demo/src/install/xgolib/share/xgolib/cmake/ament_cmake_export_libraries-extras.cmake
-- Installing: /home/sunrise/xgo_demo/src/install/xgolib/share/xgolib/cmake/ament_cmake_export_dependencies-extras.cmake
-- Installing: /home/sunrise/xgo_demo/src/install/xgolib/share/xgolib/cmake/xgolibConfig.cmake
-- Installing: /home/sunrise/xgo_demo/src/install/xgolib/share/xgolib/cmake/xgolibConfig-version.cmake
-- Installing: /home/sunrise/xgo_demo/src/install/xgolib/share/xgolib/package.xml
