[0.074s] Invoking command in '/home/sunrise/xgo_demo/src/build/xgolib': CMAKE_PREFIX_PATH=${CMAKE_PREFIX_PATH}:/home/sunrise/xgo_demo/install/xgo_display:/opt/tros/humble:/opt/ros/humble /usr/bin/cmake /home/sunrise/xgo_demo/src/xgolib -DCMAKE_INSTALL_PREFIX=/home/sunrise/xgo_demo/src/install/xgolib
[0.850s] -- The C compiler identification is GNU 11.2.0
[1.176s] -- The CXX compiler identification is GNU 11.2.0
[1.227s] -- Detecting C compiler ABI info
[1.583s] -- Detecting C compiler ABI info - done
[1.635s] -- Check for working C compiler: /usr/bin/cc - skipped
[1.637s] -- Detecting C compile features
[1.647s] -- Detecting C compile features - done
[1.665s] -- Detecting CXX compiler ABI info
[2.061s] -- Detecting CXX compiler ABI info - done
[2.114s] -- Check for working CXX compiler: /usr/bin/c++ - skipped
[2.116s] -- Detecting CXX compile features
[2.118s] -- Detecting CXX compile features - done
[2.142s] -- Found ament_cmake: 1.3.11 (/opt/ros/humble/share/ament_cmake/cmake)
[3.219s] -- Found Python3: /usr/bin/python3 (found version "3.10.12") found components: Interpreter 
[3.878s] -- Looking for pthread.h
[4.247s] -- Looking for pthread.h - found
[4.248s] -- Performing Test CMAKE_HAVE_LIBC_PTHREAD
[4.597s] -- Performing Test CMAKE_HAVE_LIBC_PTHREAD - Success
[4.601s] -- Found Threads: TRUE  
[5.103s] -- Configuring done
[5.120s] -- Generating done
[5.133s] -- Build files have been written to: /home/sunrise/xgo_demo/src/build/xgolib
[5.159s] Invoked command in '/home/sunrise/xgo_demo/src/build/xgolib' returned '0': CMAKE_PREFIX_PATH=${CMAKE_PREFIX_PATH}:/home/sunrise/xgo_demo/install/xgo_display:/opt/tros/humble:/opt/ros/humble /usr/bin/cmake /home/sunrise/xgo_demo/src/xgolib -DCMAKE_INSTALL_PREFIX=/home/sunrise/xgo_demo/src/install/xgolib
[5.167s] Invoking command in '/home/sunrise/xgo_demo/src/build/xgolib': CMAKE_PREFIX_PATH=${CMAKE_PREFIX_PATH}:/home/sunrise/xgo_demo/install/xgo_display:/opt/tros/humble:/opt/ros/humble /usr/bin/cmake --build /home/sunrise/xgo_demo/src/build/xgolib -- -j4 -l4
[5.342s] [ 50%] [32mBuilding CXX object CMakeFiles/XGO.dir/src/XGO.cpp.o[0m
[14.916s] [100%] [32m[1mLinking CXX static library libXGO.a[0m
[15.236s] [100%] Built target XGO
[15.386s] Invoked command in '/home/sunrise/xgo_demo/src/build/xgolib' returned '0': CMAKE_PREFIX_PATH=${CMAKE_PREFIX_PATH}:/home/sunrise/xgo_demo/install/xgo_display:/opt/tros/humble:/opt/ros/humble /usr/bin/cmake --build /home/sunrise/xgo_demo/src/build/xgolib -- -j4 -l4
[15.485s] Invoking command in '/home/sunrise/xgo_demo/src/build/xgolib': CMAKE_PREFIX_PATH=${CMAKE_PREFIX_PATH}:/home/sunrise/xgo_demo/install/xgo_display:/opt/tros/humble:/opt/ros/humble /usr/bin/cmake --install /home/sunrise/xgo_demo/src/build/xgolib
[15.574s] -- Install configuration: ""
[15.575s] -- Installing: /home/sunrise/xgo_demo/src/install/xgolib/share/xgolib/environment/library_path.sh
[15.577s] -- Installing: /home/sunrise/xgo_demo/src/install/xgolib/share/xgolib/environment/library_path.dsv
[15.589s] -- Installing: /home/sunrise/xgo_demo/src/install/xgolib/lib/libXGO.a
[15.594s] -- Installing: /home/sunrise/xgo_demo/src/install/xgolib/include/XGO.h
[15.595s] -- Installing: /home/sunrise/xgo_demo/src/install/xgolib/share/ament_index/resource_index/package_run_dependencies/xgolib
[15.597s] -- Installing: /home/sunrise/xgo_demo/src/install/xgolib/share/ament_index/resource_index/parent_prefix_path/xgolib
[15.599s] -- Installing: /home/sunrise/xgo_demo/src/install/xgolib/share/xgolib/environment/ament_prefix_path.sh
[15.600s] -- Installing: /home/sunrise/xgo_demo/src/install/xgolib/share/xgolib/environment/ament_prefix_path.dsv
[15.602s] -- Installing: /home/sunrise/xgo_demo/src/install/xgolib/share/xgolib/environment/path.sh
[15.604s] -- Installing: /home/sunrise/xgo_demo/src/install/xgolib/share/xgolib/environment/path.dsv
[15.605s] -- Installing: /home/sunrise/xgo_demo/src/install/xgolib/share/xgolib/local_setup.bash
[15.606s] -- Installing: /home/sunrise/xgo_demo/src/install/xgolib/share/xgolib/local_setup.sh
[15.607s] -- Installing: /home/sunrise/xgo_demo/src/install/xgolib/share/xgolib/local_setup.zsh
[15.613s] -- Installing: /home/sunrise/xgo_demo/src/install/xgolib/share/xgolib/local_setup.dsv
[15.614s] -- Installing: /home/sunrise/xgo_demo/src/install/xgolib/share/xgolib/package.dsv
[15.615s] -- Installing: /home/sunrise/xgo_demo/src/install/xgolib/share/ament_index/resource_index/packages/xgolib
[15.623s] -- Installing: /home/sunrise/xgo_demo/src/install/xgolib/share/xgolib/cmake/export_XGOExport.cmake
[15.628s] -- Installing: /home/sunrise/xgo_demo/src/install/xgolib/share/xgolib/cmake/export_XGOExport-noconfig.cmake
[15.636s] -- Installing: /home/sunrise/xgo_demo/src/install/xgolib/share/xgolib/cmake/ament_cmake_export_targets-extras.cmake
[15.637s] -- Installing: /home/sunrise/xgo_demo/src/install/xgolib/share/xgolib/cmake/ament_cmake_export_include_directories-extras.cmake
[15.639s] -- Installing: /home/sunrise/xgo_demo/src/install/xgolib/share/xgolib/cmake/ament_cmake_export_libraries-extras.cmake
[15.640s] -- Installing: /home/sunrise/xgo_demo/src/install/xgolib/share/xgolib/cmake/ament_cmake_export_dependencies-extras.cmake
[15.641s] -- Installing: /home/sunrise/xgo_demo/src/install/xgolib/share/xgolib/cmake/xgolibConfig.cmake
[15.649s] -- Installing: /home/sunrise/xgo_demo/src/install/xgolib/share/xgolib/cmake/xgolibConfig-version.cmake
[15.652s] -- Installing: /home/sunrise/xgo_demo/src/install/xgolib/share/xgolib/package.xml
[15.656s] Invoked command in '/home/sunrise/xgo_demo/src/build/xgolib' returned '0': CMAKE_PREFIX_PATH=${CMAKE_PREFIX_PATH}:/home/sunrise/xgo_demo/install/xgo_display:/opt/tros/humble:/opt/ros/humble /usr/bin/cmake --install /home/sunrise/xgo_demo/src/build/xgolib
