[100%] Built target body_tracker_node
-- Install configuration: ""
-- Up-to-date: /home/sunrise/xgo_demo/install/xgo_body_tracker/lib/xgo_body_tracker/body_tracker_node
-- Up-to-date: /home/sunrise/xgo_demo/install/xgo_body_tracker/share/xgo_body_tracker/launch/
-- Up-to-date: /home/sunrise/xgo_demo/install/xgo_body_tracker/share/xgo_body_tracker/launch//body_tracker_with_yolo.launch.py
-- Up-to-date: /home/sunrise/xgo_demo/install/xgo_body_tracker/share/xgo_body_tracker/launch//body_tracker.launch.py
-- Up-to-date: /home/sunrise/xgo_demo/install/xgo_body_tracker/share/ament_index/resource_index/package_run_dependencies/xgo_body_tracker
-- Up-to-date: /home/sunrise/xgo_demo/install/xgo_body_tracker/share/ament_index/resource_index/parent_prefix_path/xgo_body_tracker
-- Up-to-date: /home/sunrise/xgo_demo/install/xgo_body_tracker/share/xgo_body_tracker/environment/ament_prefix_path.sh
-- Up-to-date: /home/sunrise/xgo_demo/install/xgo_body_tracker/share/xgo_body_tracker/environment/ament_prefix_path.dsv
-- Up-to-date: /home/sunrise/xgo_demo/install/xgo_body_tracker/share/xgo_body_tracker/environment/path.sh
-- Up-to-date: /home/sunrise/xgo_demo/install/xgo_body_tracker/share/xgo_body_tracker/environment/path.dsv
-- Up-to-date: /home/sunrise/xgo_demo/install/xgo_body_tracker/share/xgo_body_tracker/local_setup.bash
-- Up-to-date: /home/sunrise/xgo_demo/install/xgo_body_tracker/share/xgo_body_tracker/local_setup.sh
-- Up-to-date: /home/sunrise/xgo_demo/install/xgo_body_tracker/share/xgo_body_tracker/local_setup.zsh
-- Up-to-date: /home/sunrise/xgo_demo/install/xgo_body_tracker/share/xgo_body_tracker/local_setup.dsv
-- Installing: /home/sunrise/xgo_demo/install/xgo_body_tracker/share/xgo_body_tracker/package.dsv
-- Up-to-date: /home/sunrise/xgo_demo/install/xgo_body_tracker/share/ament_index/resource_index/packages/xgo_body_tracker
-- Up-to-date: /home/sunrise/xgo_demo/install/xgo_body_tracker/share/xgo_body_tracker/cmake/ament_cmake_export_dependencies-extras.cmake
-- Up-to-date: /home/sunrise/xgo_demo/install/xgo_body_tracker/share/xgo_body_tracker/cmake/xgo_body_trackerConfig.cmake
-- Up-to-date: /home/sunrise/xgo_demo/install/xgo_body_tracker/share/xgo_body_tracker/cmake/xgo_body_trackerConfig-version.cmake
-- Up-to-date: /home/sunrise/xgo_demo/install/xgo_body_tracker/share/xgo_body_tracker/package.xml
