[0.045s] Invoking command in '/home/sunrise/xgo_demo/build/xgo_body_tracker': CMAKE_PREFIX_PATH=/home/sunrise/xgo_demo/install/xgolib:/home/sunrise/xgo_demo/install/xgo_voice_control:/home/sunrise/xgo_demo/install/xgo_motion:/home/sunrise/xgo_demo/install/xgo_head:/home/sunrise/xgo_demo/install/xgo_device:/home/sunrise/xgo_demo/install/xgoscreen:/home/sunrise/xgo_demo/install/xgo_gesture_control:/home/sunrise/xgo_demo/install/xgo_face_control:/home/sunrise/xgo_demo/install/xgo_body_tracker:/opt/tros/humble:/opt/ros/humble /usr/bin/cmake --build /home/sunrise/xgo_demo/build/xgo_body_tracker -- -j4 -l4
[0.264s] [100%] Built target body_tracker_node
[0.303s] Invoked command in '/home/sunrise/xgo_demo/build/xgo_body_tracker' returned '0': CMAKE_PREFIX_PATH=/home/sunrise/xgo_demo/install/xgolib:/home/sunrise/xgo_demo/install/xgo_voice_control:/home/sunrise/xgo_demo/install/xgo_motion:/home/sunrise/xgo_demo/install/xgo_head:/home/sunrise/xgo_demo/install/xgo_device:/home/sunrise/xgo_demo/install/xgoscreen:/home/sunrise/xgo_demo/install/xgo_gesture_control:/home/sunrise/xgo_demo/install/xgo_face_control:/home/sunrise/xgo_demo/install/xgo_body_tracker:/opt/tros/humble:/opt/ros/humble /usr/bin/cmake --build /home/sunrise/xgo_demo/build/xgo_body_tracker -- -j4 -l4
[0.310s] Invoking command in '/home/sunrise/xgo_demo/build/xgo_body_tracker': CMAKE_PREFIX_PATH=/home/sunrise/xgo_demo/install/xgolib:/home/sunrise/xgo_demo/install/xgo_voice_control:/home/sunrise/xgo_demo/install/xgo_motion:/home/sunrise/xgo_demo/install/xgo_head:/home/sunrise/xgo_demo/install/xgo_device:/home/sunrise/xgo_demo/install/xgoscreen:/home/sunrise/xgo_demo/install/xgo_gesture_control:/home/sunrise/xgo_demo/install/xgo_face_control:/home/sunrise/xgo_demo/install/xgo_body_tracker:/opt/tros/humble:/opt/ros/humble /usr/bin/cmake --install /home/sunrise/xgo_demo/build/xgo_body_tracker
[0.337s] -- Install configuration: ""
[0.340s] -- Up-to-date: /home/sunrise/xgo_demo/install/xgo_body_tracker/lib/xgo_body_tracker/body_tracker_node
[0.341s] -- Up-to-date: /home/sunrise/xgo_demo/install/xgo_body_tracker/share/xgo_body_tracker/launch/
[0.342s] -- Up-to-date: /home/sunrise/xgo_demo/install/xgo_body_tracker/share/xgo_body_tracker/launch//body_tracker_with_yolo.launch.py
[0.343s] -- Up-to-date: /home/sunrise/xgo_demo/install/xgo_body_tracker/share/xgo_body_tracker/launch//body_tracker.launch.py
[0.344s] -- Up-to-date: /home/sunrise/xgo_demo/install/xgo_body_tracker/share/ament_index/resource_index/package_run_dependencies/xgo_body_tracker
[0.344s] -- Up-to-date: /home/sunrise/xgo_demo/install/xgo_body_tracker/share/ament_index/resource_index/parent_prefix_path/xgo_body_tracker
[0.346s] -- Up-to-date: /home/sunrise/xgo_demo/install/xgo_body_tracker/share/xgo_body_tracker/environment/ament_prefix_path.sh
[0.346s] -- Up-to-date: /home/sunrise/xgo_demo/install/xgo_body_tracker/share/xgo_body_tracker/environment/ament_prefix_path.dsv
[0.347s] -- Up-to-date: /home/sunrise/xgo_demo/install/xgo_body_tracker/share/xgo_body_tracker/environment/path.sh
[0.348s] -- Up-to-date: /home/sunrise/xgo_demo/install/xgo_body_tracker/share/xgo_body_tracker/environment/path.dsv
[0.349s] -- Up-to-date: /home/sunrise/xgo_demo/install/xgo_body_tracker/share/xgo_body_tracker/local_setup.bash
[0.349s] -- Up-to-date: /home/sunrise/xgo_demo/install/xgo_body_tracker/share/xgo_body_tracker/local_setup.sh
[0.350s] -- Up-to-date: /home/sunrise/xgo_demo/install/xgo_body_tracker/share/xgo_body_tracker/local_setup.zsh
[0.350s] -- Up-to-date: /home/sunrise/xgo_demo/install/xgo_body_tracker/share/xgo_body_tracker/local_setup.dsv
[0.351s] -- Installing: /home/sunrise/xgo_demo/install/xgo_body_tracker/share/xgo_body_tracker/package.dsv
[0.353s] -- Up-to-date: /home/sunrise/xgo_demo/install/xgo_body_tracker/share/ament_index/resource_index/packages/xgo_body_tracker
[0.355s] -- Up-to-date: /home/sunrise/xgo_demo/install/xgo_body_tracker/share/xgo_body_tracker/cmake/ament_cmake_export_dependencies-extras.cmake
[0.359s] -- Up-to-date: /home/sunrise/xgo_demo/install/xgo_body_tracker/share/xgo_body_tracker/cmake/xgo_body_trackerConfig.cmake
[0.360s] -- Up-to-date: /home/sunrise/xgo_demo/install/xgo_body_tracker/share/xgo_body_tracker/cmake/xgo_body_trackerConfig-version.cmake
[0.361s] -- Up-to-date: /home/sunrise/xgo_demo/install/xgo_body_tracker/share/xgo_body_tracker/package.xml
[0.362s] Invoked command in '/home/sunrise/xgo_demo/build/xgo_body_tracker' returned '0': CMAKE_PREFIX_PATH=/home/sunrise/xgo_demo/install/xgolib:/home/sunrise/xgo_demo/install/xgo_voice_control:/home/sunrise/xgo_demo/install/xgo_motion:/home/sunrise/xgo_demo/install/xgo_head:/home/sunrise/xgo_demo/install/xgo_device:/home/sunrise/xgo_demo/install/xgoscreen:/home/sunrise/xgo_demo/install/xgo_gesture_control:/home/sunrise/xgo_demo/install/xgo_face_control:/home/sunrise/xgo_demo/install/xgo_body_tracker:/opt/tros/humble:/opt/ros/humble /usr/bin/cmake --install /home/sunrise/xgo_demo/build/xgo_body_tracker
