[0.216s] Invoking command in '/home/sunrise/xgo_demo/src/build/xgo_gesture_control': AMENT_PREFIX_PATH=/home/sunrise/xgo_demo/src/install/xgolib:${AMENT_PREFIX_PATH} CMAKE_PREFIX_PATH=/home/sunrise/xgo_demo/src/install/xgolib:/home/sunrise/xgo_demo/install/xgo_gesture_control:/home/sunrise/xgo_demo/install/hobot_audio:/home/sunrise/xgo_demo/install/xgo_motion:/home/sunrise/xgo_demo/install/xgo_head:/home/sunrise/xgo_demo/install/xgo_device:/home/sunrise/xgo_demo/install/xgoscreen:/home/sunrise/xgo_demo/install/xgolib:/home/sunrise/xgo_demo/install/xgo_display:/opt/tros/humble:/opt/ros/humble LD_LIBRARY_PATH=/home/sunrise/xgo_demo/src/install/xgolib/lib:${LD_LIBRARY_PATH} /usr/bin/cmake /home/sunrise/xgo_demo/src/xgo_gesture_control -DCMAKE_INSTALL_PREFIX=/home/sunrise/xgo_demo/src/install/xgo_gesture_control
[1.100s] -- The C compiler identification is GNU 11.2.0
[1.870s] -- The CXX compiler identification is GNU 11.2.0
[1.982s] -- Detecting C compiler ABI info
[2.798s] -- Detecting C compiler ABI info - done
[2.881s] -- Check for working C compiler: /usr/bin/cc - skipped
[2.883s] -- Detecting C compile features
[2.885s] -- Detecting C compile features - done
[2.936s] -- Detecting CXX compiler ABI info
[3.975s] -- Detecting CXX compiler ABI info - done
[4.068s] -- Check for working CXX compiler: /usr/bin/c++ - skipped
[4.076s] -- Detecting CXX compile features
[4.081s] -- Detecting CXX compile features - done
[4.112s] -- Found ament_cmake: 1.3.11 (/opt/ros/humble/share/ament_cmake/cmake)
[6.741s] -- Found Python3: /usr/bin/python3 (found version "3.10.12") found components: Interpreter 
[7.965s] -- Found rclcpp: 16.0.12 (/opt/ros/humble/share/rclcpp/cmake)
[8.464s] -- Found rosidl_generator_c: 3.1.6 (/opt/ros/humble/share/rosidl_generator_c/cmake)
[8.528s] -- Found rosidl_adapter: 3.1.6 (/opt/ros/humble/share/rosidl_adapter/cmake)
[8.642s] -- Found rosidl_generator_cpp: 3.1.6 (/opt/ros/humble/share/rosidl_generator_cpp/cmake)
[8.818s] -- Using all available rosidl_typesupport_c: rosidl_typesupport_fastrtps_c;rosidl_typesupport_introspection_c
[9.058s] -- Using all available rosidl_typesupport_cpp: rosidl_typesupport_fastrtps_cpp;rosidl_typesupport_introspection_cpp
[9.698s] -- Found rmw_implementation_cmake: 6.1.2 (/opt/ros/humble/share/rmw_implementation_cmake/cmake)
[9.729s] -- Found rmw_fastrtps_cpp: 6.2.7 (/opt/ros/humble/share/rmw_fastrtps_cpp/cmake)
[10.735s] -- Found OpenSSL: /usr/lib/aarch64-linux-gnu/libcrypto.so (found version "3.0.2")  
[11.029s] -- Found FastRTPS: /opt/ros/humble/include  
[11.390s] -- Using RMW implementation 'rmw_fastrtps_cpp' as default
[11.527s] -- Looking for pthread.h
[12.439s] -- Looking for pthread.h - found
[12.443s] -- Performing Test CMAKE_HAVE_LIBC_PTHREAD
[13.562s] -- Performing Test CMAKE_HAVE_LIBC_PTHREAD - Success
[13.578s] -- Found Threads: TRUE  
[14.390s] -- Found ai_msgs: 2.0.1 (/opt/tros/humble/share/ai_msgs/cmake)
[15.025s] -- Found xgolib: 1.0.0 (/home/sunrise/xgo_demo/src/install/xgolib/share/xgolib/cmake)
[16.009s] -- Configuring done
[16.142s] -- Generating done
[16.207s] -- Build files have been written to: /home/sunrise/xgo_demo/src/build/xgo_gesture_control
[16.353s] Invoked command in '/home/sunrise/xgo_demo/src/build/xgo_gesture_control' returned '0': AMENT_PREFIX_PATH=/home/sunrise/xgo_demo/src/install/xgolib:${AMENT_PREFIX_PATH} CMAKE_PREFIX_PATH=/home/sunrise/xgo_demo/src/install/xgolib:/home/sunrise/xgo_demo/install/xgo_gesture_control:/home/sunrise/xgo_demo/install/hobot_audio:/home/sunrise/xgo_demo/install/xgo_motion:/home/sunrise/xgo_demo/install/xgo_head:/home/sunrise/xgo_demo/install/xgo_device:/home/sunrise/xgo_demo/install/xgoscreen:/home/sunrise/xgo_demo/install/xgolib:/home/sunrise/xgo_demo/install/xgo_display:/opt/tros/humble:/opt/ros/humble LD_LIBRARY_PATH=/home/sunrise/xgo_demo/src/install/xgolib/lib:${LD_LIBRARY_PATH} /usr/bin/cmake /home/sunrise/xgo_demo/src/xgo_gesture_control -DCMAKE_INSTALL_PREFIX=/home/sunrise/xgo_demo/src/install/xgo_gesture_control
[16.375s] Invoking command in '/home/sunrise/xgo_demo/src/build/xgo_gesture_control': AMENT_PREFIX_PATH=/home/sunrise/xgo_demo/src/install/xgolib:${AMENT_PREFIX_PATH} CMAKE_PREFIX_PATH=/home/sunrise/xgo_demo/src/install/xgolib:/home/sunrise/xgo_demo/install/xgo_gesture_control:/home/sunrise/xgo_demo/install/hobot_audio:/home/sunrise/xgo_demo/install/xgo_motion:/home/sunrise/xgo_demo/install/xgo_head:/home/sunrise/xgo_demo/install/xgo_device:/home/sunrise/xgo_demo/install/xgoscreen:/home/sunrise/xgo_demo/install/xgolib:/home/sunrise/xgo_demo/install/xgo_display:/opt/tros/humble:/opt/ros/humble LD_LIBRARY_PATH=/home/sunrise/xgo_demo/src/install/xgolib/lib:${LD_LIBRARY_PATH} /usr/bin/cmake --build /home/sunrise/xgo_demo/src/build/xgo_gesture_control -- -j4 -l4
[16.940s] [ 50%] [32mBuilding CXX object CMakeFiles/gesture_node.dir/src/gesture_node.cpp.o[0m
[1156.491s] [100%] [32m[1mLinking CXX executable gesture_node[0m
[1161.483s] [100%] Built target gesture_node
[1162.913s] Invoked command in '/home/sunrise/xgo_demo/src/build/xgo_gesture_control' returned '0': AMENT_PREFIX_PATH=/home/sunrise/xgo_demo/src/install/xgolib:${AMENT_PREFIX_PATH} CMAKE_PREFIX_PATH=/home/sunrise/xgo_demo/src/install/xgolib:/home/sunrise/xgo_demo/install/xgo_gesture_control:/home/sunrise/xgo_demo/install/hobot_audio:/home/sunrise/xgo_demo/install/xgo_motion:/home/sunrise/xgo_demo/install/xgo_head:/home/sunrise/xgo_demo/install/xgo_device:/home/sunrise/xgo_demo/install/xgoscreen:/home/sunrise/xgo_demo/install/xgolib:/home/sunrise/xgo_demo/install/xgo_display:/opt/tros/humble:/opt/ros/humble LD_LIBRARY_PATH=/home/sunrise/xgo_demo/src/install/xgolib/lib:${LD_LIBRARY_PATH} /usr/bin/cmake --build /home/sunrise/xgo_demo/src/build/xgo_gesture_control -- -j4 -l4
[1162.978s] Invoking command in '/home/sunrise/xgo_demo/src/build/xgo_gesture_control': AMENT_PREFIX_PATH=/home/sunrise/xgo_demo/src/install/xgolib:${AMENT_PREFIX_PATH} CMAKE_PREFIX_PATH=/home/sunrise/xgo_demo/src/install/xgolib:/home/sunrise/xgo_demo/install/xgo_gesture_control:/home/sunrise/xgo_demo/install/hobot_audio:/home/sunrise/xgo_demo/install/xgo_motion:/home/sunrise/xgo_demo/install/xgo_head:/home/sunrise/xgo_demo/install/xgo_device:/home/sunrise/xgo_demo/install/xgoscreen:/home/sunrise/xgo_demo/install/xgolib:/home/sunrise/xgo_demo/install/xgo_display:/opt/tros/humble:/opt/ros/humble LD_LIBRARY_PATH=/home/sunrise/xgo_demo/src/install/xgolib/lib:${LD_LIBRARY_PATH} /usr/bin/cmake --install /home/sunrise/xgo_demo/src/build/xgo_gesture_control
[1163.048s] -- Install configuration: ""
[1163.079s] -- Installing: /home/sunrise/xgo_demo/src/install/xgo_gesture_control/lib/xgo_gesture_control/gesture_node
[1163.102s] -- Set runtime path of "/home/sunrise/xgo_demo/src/install/xgo_gesture_control/lib/xgo_gesture_control/gesture_node" to ""
[1163.107s] -- Installing: /home/sunrise/xgo_demo/src/install/xgo_gesture_control/share/xgo_gesture_control/launch/
[1163.111s] -- Installing: /home/sunrise/xgo_demo/src/install/xgo_gesture_control/share/xgo_gesture_control/launch//gesture.launch.py
[1163.112s] -- Installing: /home/sunrise/xgo_demo/src/install/xgo_gesture_control/share/ament_index/resource_index/package_run_dependencies/xgo_gesture_control
[1163.113s] -- Installing: /home/sunrise/xgo_demo/src/install/xgo_gesture_control/share/ament_index/resource_index/parent_prefix_path/xgo_gesture_control
[1163.115s] -- Installing: /home/sunrise/xgo_demo/src/install/xgo_gesture_control/share/xgo_gesture_control/environment/ament_prefix_path.sh
[1163.117s] -- Installing: /home/sunrise/xgo_demo/src/install/xgo_gesture_control/share/xgo_gesture_control/environment/ament_prefix_path.dsv
[1163.118s] -- Installing: /home/sunrise/xgo_demo/src/install/xgo_gesture_control/share/xgo_gesture_control/environment/path.sh
[1163.119s] -- Installing: /home/sunrise/xgo_demo/src/install/xgo_gesture_control/share/xgo_gesture_control/environment/path.dsv
[1163.120s] -- Installing: /home/sunrise/xgo_demo/src/install/xgo_gesture_control/share/xgo_gesture_control/local_setup.bash
[1163.121s] -- Installing: /home/sunrise/xgo_demo/src/install/xgo_gesture_control/share/xgo_gesture_control/local_setup.sh
[1163.122s] -- Installing: /home/sunrise/xgo_demo/src/install/xgo_gesture_control/share/xgo_gesture_control/local_setup.zsh
[1163.128s] -- Installing: /home/sunrise/xgo_demo/src/install/xgo_gesture_control/share/xgo_gesture_control/local_setup.dsv
[1163.133s] -- Installing: /home/sunrise/xgo_demo/src/install/xgo_gesture_control/share/xgo_gesture_control/package.dsv
[1163.137s] -- Installing: /home/sunrise/xgo_demo/src/install/xgo_gesture_control/share/ament_index/resource_index/packages/xgo_gesture_control
[1163.138s] -- Installing: /home/sunrise/xgo_demo/src/install/xgo_gesture_control/share/xgo_gesture_control/cmake/ament_cmake_export_dependencies-extras.cmake
[1163.139s] -- Installing: /home/sunrise/xgo_demo/src/install/xgo_gesture_control/share/xgo_gesture_control/cmake/xgo_gesture_controlConfig.cmake
[1163.161s] -- Installing: /home/sunrise/xgo_demo/src/install/xgo_gesture_control/share/xgo_gesture_control/cmake/xgo_gesture_controlConfig-version.cmake
[1163.197s] -- Installing: /home/sunrise/xgo_demo/src/install/xgo_gesture_control/share/xgo_gesture_control/package.xml
[1164.339s] Invoked command in '/home/sunrise/xgo_demo/src/build/xgo_gesture_control' returned '0': AMENT_PREFIX_PATH=/home/sunrise/xgo_demo/src/install/xgolib:${AMENT_PREFIX_PATH} CMAKE_PREFIX_PATH=/home/sunrise/xgo_demo/src/install/xgolib:/home/sunrise/xgo_demo/install/xgo_gesture_control:/home/sunrise/xgo_demo/install/hobot_audio:/home/sunrise/xgo_demo/install/xgo_motion:/home/sunrise/xgo_demo/install/xgo_head:/home/sunrise/xgo_demo/install/xgo_device:/home/sunrise/xgo_demo/install/xgoscreen:/home/sunrise/xgo_demo/install/xgolib:/home/sunrise/xgo_demo/install/xgo_display:/opt/tros/humble:/opt/ros/humble LD_LIBRARY_PATH=/home/sunrise/xgo_demo/src/install/xgolib/lib:${LD_LIBRARY_PATH} /usr/bin/cmake --install /home/sunrise/xgo_demo/src/build/xgo_gesture_control
