[1.396s] DEBUG:colcon:Command line arguments: ['/home/sunrise/.local/bin/colcon', 'build', '--packages-select', 'doubao_asr', 'xgo_voice_doubao']
[1.397s] DEBUG:colcon:Parsed command line arguments: Namespace(log_base=None, log_level=None, verb_name='build', build_base='build', install_base='install', merge_install=False, symlink_install=False, test_result_base=None, continue_on_error=False, executor='parallel', parallel_workers=4, event_handlers=None, ignore_user_meta=False, metas=['./colcon.meta'], base_paths=['.'], packages_ignore=None, packages_ignore_regex=None, paths=None, packages_up_to=None, packages_up_to_regex=None, packages_above=None, packages_above_and_dependencies=None, packages_above_depth=None, packages_select_by_dep=None, packages_skip_by_dep=None, packages_skip_up_to=None, packages_select_build_failed=False, packages_skip_build_finished=False, packages_select_test_failures=False, packages_skip_test_passed=False, packages_select=['doubao_asr', 'xgo_voice_doubao'], packages_skip=None, packages_select_regex=None, packages_skip_regex=None, packages_start=None, packages_end=None, cmake_args=None, cmake_target=None, cmake_target_skip_unavailable=False, cmake_clean_cache=False, cmake_clean_first=False, cmake_force_configure=False, ament_cmake_args=None, catkin_cmake_args=None, catkin_skip_building_tests=False, verb_parser=<colcon_defaults.argument_parser.defaults.DefaultArgumentsDecorator object at 0x7f97b8ad10>, verb_extension=<colcon_core.verb.build.BuildVerb object at 0x7f97b8a770>, main=<bound method BuildVerb.main of <colcon_core.verb.build.BuildVerb object at 0x7f97b8a770>>)
[2.752s] Level 1:colcon.colcon_core.package_discovery:discover_packages(colcon_meta) check parameters
[2.753s] Level 1:colcon.colcon_core.package_discovery:discover_packages(recursive) check parameters
[2.754s] Level 1:colcon.colcon_core.package_discovery:discover_packages(ignore) check parameters
[2.754s] Level 1:colcon.colcon_core.package_discovery:discover_packages(path) check parameters
[2.754s] Level 1:colcon.colcon_core.package_discovery:discover_packages(colcon_meta) discover
[2.754s] Level 1:colcon.colcon_core.package_discovery:discover_packages(recursive) discover
[2.755s] INFO:colcon.colcon_core.package_discovery:Crawling recursively for packages in '/home/sunrise/xgo_demo/src'
[2.755s] Level 1:colcon.colcon_core.package_identification:_identify(.) by extensions ['ignore', 'ignore_ament_install']
[2.756s] Level 1:colcon.colcon_core.package_identification:_identify(.) by extension 'ignore'
[2.757s] Level 1:colcon.colcon_core.package_identification:_identify(.) by extension 'ignore_ament_install'
[2.757s] Level 1:colcon.colcon_core.package_identification:_identify(.) by extensions ['colcon_pkg']
[2.758s] Level 1:colcon.colcon_core.package_identification:_identify(.) by extension 'colcon_pkg'
[2.758s] Level 1:colcon.colcon_core.package_identification:_identify(.) by extensions ['colcon_meta']
[2.759s] Level 1:colcon.colcon_core.package_identification:_identify(.) by extension 'colcon_meta'
[2.759s] Level 1:colcon.colcon_core.package_identification:_identify(.) by extensions ['ros']
[2.759s] Level 1:colcon.colcon_core.package_identification:_identify(.) by extension 'ros'
[2.863s] Level 1:colcon.colcon_core.package_identification:_identify(.) by extensions ['cmake', 'python']
[2.863s] Level 1:colcon.colcon_core.package_identification:_identify(.) by extension 'cmake'
[2.863s] Level 1:colcon.colcon_core.package_identification:_identify(.) by extension 'python'
[2.864s] Level 1:colcon.colcon_core.package_identification:_identify(.) by extensions ['python_setup_py']
[2.864s] Level 1:colcon.colcon_core.package_identification:_identify(.) by extension 'python_setup_py'
[2.865s] Level 1:colcon.colcon_core.package_identification:_identify(build) by extensions ['ignore', 'ignore_ament_install']
[2.866s] Level 1:colcon.colcon_core.package_identification:_identify(build) by extension 'ignore'
[2.866s] Level 1:colcon.colcon_core.package_identification:_identify(build) ignored
[2.867s] Level 1:colcon.colcon_core.package_identification:_identify(doubao_asr) by extensions ['ignore', 'ignore_ament_install']
[2.868s] Level 1:colcon.colcon_core.package_identification:_identify(doubao_asr) by extension 'ignore'
[2.869s] Level 1:colcon.colcon_core.package_identification:_identify(doubao_asr) by extension 'ignore_ament_install'
[2.869s] Level 1:colcon.colcon_core.package_identification:_identify(doubao_asr) by extensions ['colcon_pkg']
[2.869s] Level 1:colcon.colcon_core.package_identification:_identify(doubao_asr) by extension 'colcon_pkg'
[2.870s] Level 1:colcon.colcon_core.package_identification:_identify(doubao_asr) by extensions ['colcon_meta']
[2.870s] Level 1:colcon.colcon_core.package_identification:_identify(doubao_asr) by extension 'colcon_meta'
[2.871s] Level 1:colcon.colcon_core.package_identification:_identify(doubao_asr) by extensions ['ros']
[2.871s] Level 1:colcon.colcon_core.package_identification:_identify(doubao_asr) by extension 'ros'
[2.889s] DEBUG:colcon.colcon_core.package_identification:Package 'doubao_asr' with type 'ros.ament_python' and name 'doubao_asr'
[2.890s] Level 1:colcon.colcon_core.package_identification:_identify(install) by extensions ['ignore', 'ignore_ament_install']
[2.890s] Level 1:colcon.colcon_core.package_identification:_identify(install) by extension 'ignore'
[2.891s] Level 1:colcon.colcon_core.package_identification:_identify(install) ignored
[2.892s] Level 1:colcon.colcon_core.package_identification:_identify(log) by extensions ['ignore', 'ignore_ament_install']
[2.892s] Level 1:colcon.colcon_core.package_identification:_identify(log) by extension 'ignore'
[2.893s] Level 1:colcon.colcon_core.package_identification:_identify(log) ignored
[2.893s] Level 1:colcon.colcon_core.package_identification:_identify(xgo_device) by extensions ['ignore', 'ignore_ament_install']
[2.894s] Level 1:colcon.colcon_core.package_identification:_identify(xgo_device) by extension 'ignore'
[2.895s] Level 1:colcon.colcon_core.package_identification:_identify(xgo_device) by extension 'ignore_ament_install'
[2.895s] Level 1:colcon.colcon_core.package_identification:_identify(xgo_device) by extensions ['colcon_pkg']
[2.896s] Level 1:colcon.colcon_core.package_identification:_identify(xgo_device) by extension 'colcon_pkg'
[2.896s] Level 1:colcon.colcon_core.package_identification:_identify(xgo_device) by extensions ['colcon_meta']
[2.896s] Level 1:colcon.colcon_core.package_identification:_identify(xgo_device) by extension 'colcon_meta'
[2.897s] Level 1:colcon.colcon_core.package_identification:_identify(xgo_device) by extensions ['ros']
[2.897s] Level 1:colcon.colcon_core.package_identification:_identify(xgo_device) by extension 'ros'
[2.906s] DEBUG:colcon.colcon_core.package_identification:Package 'xgo_device' with type 'ros.ament_cmake' and name 'xgo_device'
[2.907s] Level 1:colcon.colcon_core.package_identification:_identify(xgo_face_control) by extensions ['ignore', 'ignore_ament_install']
[2.907s] Level 1:colcon.colcon_core.package_identification:_identify(xgo_face_control) by extension 'ignore'
[2.908s] Level 1:colcon.colcon_core.package_identification:_identify(xgo_face_control) by extension 'ignore_ament_install'
[2.909s] Level 1:colcon.colcon_core.package_identification:_identify(xgo_face_control) by extensions ['colcon_pkg']
[2.909s] Level 1:colcon.colcon_core.package_identification:_identify(xgo_face_control) by extension 'colcon_pkg'
[2.909s] Level 1:colcon.colcon_core.package_identification:_identify(xgo_face_control) by extensions ['colcon_meta']
[2.910s] Level 1:colcon.colcon_core.package_identification:_identify(xgo_face_control) by extension 'colcon_meta'
[2.910s] Level 1:colcon.colcon_core.package_identification:_identify(xgo_face_control) by extensions ['ros']
[2.911s] Level 1:colcon.colcon_core.package_identification:_identify(xgo_face_control) by extension 'ros'
[2.916s] DEBUG:colcon.colcon_core.package_identification:Package 'xgo_face_control' with type 'ros.ament_cmake' and name 'xgo_face_control'
[2.917s] Level 1:colcon.colcon_core.package_identification:_identify(xgo_gesture_control) by extensions ['ignore', 'ignore_ament_install']
[2.918s] Level 1:colcon.colcon_core.package_identification:_identify(xgo_gesture_control) by extension 'ignore'
[2.919s] Level 1:colcon.colcon_core.package_identification:_identify(xgo_gesture_control) by extension 'ignore_ament_install'
[2.919s] Level 1:colcon.colcon_core.package_identification:_identify(xgo_gesture_control) by extensions ['colcon_pkg']
[2.919s] Level 1:colcon.colcon_core.package_identification:_identify(xgo_gesture_control) by extension 'colcon_pkg'
[2.920s] Level 1:colcon.colcon_core.package_identification:_identify(xgo_gesture_control) by extensions ['colcon_meta']
[2.920s] Level 1:colcon.colcon_core.package_identification:_identify(xgo_gesture_control) by extension 'colcon_meta'
[2.921s] Level 1:colcon.colcon_core.package_identification:_identify(xgo_gesture_control) by extensions ['ros']
[2.921s] Level 1:colcon.colcon_core.package_identification:_identify(xgo_gesture_control) by extension 'ros'
[2.928s] DEBUG:colcon.colcon_core.package_identification:Package 'xgo_gesture_control' with type 'ros.ament_cmake' and name 'xgo_gesture_control'
[2.929s] Level 1:colcon.colcon_core.package_identification:_identify(xgo_head) by extensions ['ignore', 'ignore_ament_install']
[2.930s] Level 1:colcon.colcon_core.package_identification:_identify(xgo_head) by extension 'ignore'
[2.930s] Level 1:colcon.colcon_core.package_identification:_identify(xgo_head) by extension 'ignore_ament_install'
[2.931s] Level 1:colcon.colcon_core.package_identification:_identify(xgo_head) by extensions ['colcon_pkg']
[2.932s] Level 1:colcon.colcon_core.package_identification:_identify(xgo_head) by extension 'colcon_pkg'
[2.932s] Level 1:colcon.colcon_core.package_identification:_identify(xgo_head) by extensions ['colcon_meta']
[2.932s] Level 1:colcon.colcon_core.package_identification:_identify(xgo_head) by extension 'colcon_meta'
[2.933s] Level 1:colcon.colcon_core.package_identification:_identify(xgo_head) by extensions ['ros']
[2.933s] Level 1:colcon.colcon_core.package_identification:_identify(xgo_head) by extension 'ros'
[2.940s] DEBUG:colcon.colcon_core.package_identification:Package 'xgo_head' with type 'ros.ament_cmake' and name 'xgo_head'
[2.941s] Level 1:colcon.colcon_core.package_identification:_identify(xgo_motion) by extensions ['ignore', 'ignore_ament_install']
[2.942s] Level 1:colcon.colcon_core.package_identification:_identify(xgo_motion) by extension 'ignore'
[2.943s] Level 1:colcon.colcon_core.package_identification:_identify(xgo_motion) by extension 'ignore_ament_install'
[2.943s] Level 1:colcon.colcon_core.package_identification:_identify(xgo_motion) by extensions ['colcon_pkg']
[2.944s] Level 1:colcon.colcon_core.package_identification:_identify(xgo_motion) by extension 'colcon_pkg'
[2.944s] Level 1:colcon.colcon_core.package_identification:_identify(xgo_motion) by extensions ['colcon_meta']
[2.944s] Level 1:colcon.colcon_core.package_identification:_identify(xgo_motion) by extension 'colcon_meta'
[2.945s] Level 1:colcon.colcon_core.package_identification:_identify(xgo_motion) by extensions ['ros']
[2.945s] Level 1:colcon.colcon_core.package_identification:_identify(xgo_motion) by extension 'ros'
[2.952s] DEBUG:colcon.colcon_core.package_identification:Package 'xgo_motion' with type 'ros.ament_cmake' and name 'xgo_motion'
[2.953s] Level 1:colcon.colcon_core.package_identification:_identify(xgo_voice_doubao) by extensions ['ignore', 'ignore_ament_install']
[2.953s] Level 1:colcon.colcon_core.package_identification:_identify(xgo_voice_doubao) by extension 'ignore'
[2.954s] Level 1:colcon.colcon_core.package_identification:_identify(xgo_voice_doubao) by extension 'ignore_ament_install'
[2.955s] Level 1:colcon.colcon_core.package_identification:_identify(xgo_voice_doubao) by extensions ['colcon_pkg']
[2.955s] Level 1:colcon.colcon_core.package_identification:_identify(xgo_voice_doubao) by extension 'colcon_pkg'
[2.955s] Level 1:colcon.colcon_core.package_identification:_identify(xgo_voice_doubao) by extensions ['colcon_meta']
[2.956s] Level 1:colcon.colcon_core.package_identification:_identify(xgo_voice_doubao) by extension 'colcon_meta'
[2.956s] Level 1:colcon.colcon_core.package_identification:_identify(xgo_voice_doubao) by extensions ['ros']
[2.957s] Level 1:colcon.colcon_core.package_identification:_identify(xgo_voice_doubao) by extension 'ros'
[2.962s] DEBUG:colcon.colcon_core.package_identification:Package 'xgo_voice_doubao' with type 'ros.catkin' and name 'xgo_voice_doubao'
[2.963s] Level 1:colcon.colcon_core.package_identification:_identify(xgolib) by extensions ['ignore', 'ignore_ament_install']
[2.964s] Level 1:colcon.colcon_core.package_identification:_identify(xgolib) by extension 'ignore'
[2.964s] Level 1:colcon.colcon_core.package_identification:_identify(xgolib) by extension 'ignore_ament_install'
[2.965s] Level 1:colcon.colcon_core.package_identification:_identify(xgolib) by extensions ['colcon_pkg']
[2.965s] Level 1:colcon.colcon_core.package_identification:_identify(xgolib) by extension 'colcon_pkg'
[2.966s] Level 1:colcon.colcon_core.package_identification:_identify(xgolib) by extensions ['colcon_meta']
[2.966s] Level 1:colcon.colcon_core.package_identification:_identify(xgolib) by extension 'colcon_meta'
[2.967s] Level 1:colcon.colcon_core.package_identification:_identify(xgolib) by extensions ['ros']
[2.967s] Level 1:colcon.colcon_core.package_identification:_identify(xgolib) by extension 'ros'
[2.971s] DEBUG:colcon.colcon_core.package_identification:Package 'xgolib' with type 'ros.ament_cmake' and name 'xgolib'
[2.972s] Level 1:colcon.colcon_core.package_identification:_identify(xgoscreen) by extensions ['ignore', 'ignore_ament_install']
[2.973s] Level 1:colcon.colcon_core.package_identification:_identify(xgoscreen) by extension 'ignore'
[2.974s] Level 1:colcon.colcon_core.package_identification:_identify(xgoscreen) by extension 'ignore_ament_install'
[2.974s] Level 1:colcon.colcon_core.package_identification:_identify(xgoscreen) by extensions ['colcon_pkg']
[2.975s] Level 1:colcon.colcon_core.package_identification:_identify(xgoscreen) by extension 'colcon_pkg'
[2.975s] Level 1:colcon.colcon_core.package_identification:_identify(xgoscreen) by extensions ['colcon_meta']
[2.975s] Level 1:colcon.colcon_core.package_identification:_identify(xgoscreen) by extension 'colcon_meta'
[2.976s] Level 1:colcon.colcon_core.package_identification:_identify(xgoscreen) by extensions ['ros']
[2.976s] Level 1:colcon.colcon_core.package_identification:_identify(xgoscreen) by extension 'ros'
[2.983s] DEBUG:colcon.colcon_core.package_identification:Package 'xgoscreen' with type 'ros.ament_cmake' and name 'xgoscreen'
[2.983s] Level 1:colcon.colcon_core.package_discovery:discover_packages(recursive) using defaults
[2.984s] Level 1:colcon.colcon_core.package_discovery:discover_packages(ignore) discover
[2.984s] Level 1:colcon.colcon_core.package_discovery:discover_packages(ignore) using defaults
[2.984s] Level 1:colcon.colcon_core.package_discovery:discover_packages(path) discover
[2.984s] Level 1:colcon.colcon_core.package_discovery:discover_packages(path) using defaults
[3.177s] INFO:colcon.colcon_core.package_selection:Skipping not selected package 'xgolib' in 'xgolib'
[3.178s] INFO:colcon.colcon_core.package_selection:Skipping not selected package 'xgoscreen' in 'xgoscreen'
[3.178s] INFO:colcon.colcon_core.package_selection:Skipping not selected package 'xgo_device' in 'xgo_device'
[3.178s] INFO:colcon.colcon_core.package_selection:Skipping not selected package 'xgo_face_control' in 'xgo_face_control'
[3.178s] INFO:colcon.colcon_core.package_selection:Skipping not selected package 'xgo_gesture_control' in 'xgo_gesture_control'
[3.179s] INFO:colcon.colcon_core.package_selection:Skipping not selected package 'xgo_head' in 'xgo_head'
[3.179s] INFO:colcon.colcon_core.package_selection:Skipping not selected package 'xgo_motion' in 'xgo_motion'
[3.182s] Level 5:colcon.colcon_core.verb:set package 'doubao_asr' build argument 'cmake_args' from command line to 'None'
[3.182s] Level 5:colcon.colcon_core.verb:set package 'doubao_asr' build argument 'cmake_target' from command line to 'None'
[3.183s] Level 5:colcon.colcon_core.verb:set package 'doubao_asr' build argument 'cmake_target_skip_unavailable' from command line to 'False'
[3.183s] Level 5:colcon.colcon_core.verb:set package 'doubao_asr' build argument 'cmake_clean_cache' from command line to 'False'
[3.183s] Level 5:colcon.colcon_core.verb:set package 'doubao_asr' build argument 'cmake_clean_first' from command line to 'False'
[3.183s] Level 5:colcon.colcon_core.verb:set package 'doubao_asr' build argument 'cmake_force_configure' from command line to 'False'
[3.184s] Level 5:colcon.colcon_core.verb:set package 'doubao_asr' build argument 'ament_cmake_args' from command line to 'None'
[3.184s] Level 5:colcon.colcon_core.verb:set package 'doubao_asr' build argument 'catkin_cmake_args' from command line to 'None'
[3.184s] Level 5:colcon.colcon_core.verb:set package 'doubao_asr' build argument 'catkin_skip_building_tests' from command line to 'False'
[3.184s] DEBUG:colcon.colcon_core.verb:Building package 'doubao_asr' with the following arguments: {'ament_cmake_args': None, 'build_base': '/home/sunrise/xgo_demo/src/build/doubao_asr', 'catkin_cmake_args': None, 'catkin_skip_building_tests': False, 'cmake_args': None, 'cmake_clean_cache': False, 'cmake_clean_first': False, 'cmake_force_configure': False, 'cmake_target': None, 'cmake_target_skip_unavailable': False, 'install_base': '/home/sunrise/xgo_demo/src/install/doubao_asr', 'merge_install': False, 'path': '/home/sunrise/xgo_demo/src/doubao_asr', 'symlink_install': False, 'test_result_base': None}
[3.187s] Level 5:colcon.colcon_core.verb:set package 'xgo_voice_doubao' build argument 'cmake_args' from command line to 'None'
[3.188s] Level 5:colcon.colcon_core.verb:set package 'xgo_voice_doubao' build argument 'cmake_target' from command line to 'None'
[3.188s] Level 5:colcon.colcon_core.verb:set package 'xgo_voice_doubao' build argument 'cmake_target_skip_unavailable' from command line to 'False'
[3.188s] Level 5:colcon.colcon_core.verb:set package 'xgo_voice_doubao' build argument 'cmake_clean_cache' from command line to 'False'
[3.189s] Level 5:colcon.colcon_core.verb:set package 'xgo_voice_doubao' build argument 'cmake_clean_first' from command line to 'False'
[3.189s] Level 5:colcon.colcon_core.verb:set package 'xgo_voice_doubao' build argument 'cmake_force_configure' from command line to 'False'
[3.189s] Level 5:colcon.colcon_core.verb:set package 'xgo_voice_doubao' build argument 'ament_cmake_args' from command line to 'None'
[3.189s] Level 5:colcon.colcon_core.verb:set package 'xgo_voice_doubao' build argument 'catkin_cmake_args' from command line to 'None'
[3.189s] Level 5:colcon.colcon_core.verb:set package 'xgo_voice_doubao' build argument 'catkin_skip_building_tests' from command line to 'False'
[3.190s] DEBUG:colcon.colcon_core.verb:Building package 'xgo_voice_doubao' with the following arguments: {'ament_cmake_args': None, 'build_base': '/home/sunrise/xgo_demo/src/build/xgo_voice_doubao', 'catkin_cmake_args': None, 'catkin_skip_building_tests': False, 'cmake_args': None, 'cmake_clean_cache': False, 'cmake_clean_first': False, 'cmake_force_configure': False, 'cmake_target': None, 'cmake_target_skip_unavailable': False, 'install_base': '/home/sunrise/xgo_demo/src/install/xgo_voice_doubao', 'merge_install': False, 'path': '/home/sunrise/xgo_demo/src/xgo_voice_doubao', 'symlink_install': False, 'test_result_base': None}
[3.191s] INFO:colcon.colcon_core.executor:Executing jobs using 'parallel' executor
[3.197s] DEBUG:colcon.colcon_parallel_executor.executor.parallel:run_until_complete
[3.199s] INFO:colcon.colcon_ros.task.ament_python.build:Building ROS package in '/home/sunrise/xgo_demo/src/doubao_asr' with build type 'ament_python'
[3.200s] Level 1:colcon.colcon_core.shell:create_environment_hook('doubao_asr', 'ament_prefix_path')
[3.221s] INFO:colcon.colcon_core.plugin_system:Skipping extension 'colcon_core.shell.bat': Not used on non-Windows systems
[3.223s] INFO:colcon.colcon_core.shell:Creating environment hook '/home/sunrise/xgo_demo/src/install/doubao_asr/share/doubao_asr/hook/ament_prefix_path.ps1'
[3.229s] INFO:colcon.colcon_core.shell:Creating environment descriptor '/home/sunrise/xgo_demo/src/install/doubao_asr/share/doubao_asr/hook/ament_prefix_path.dsv'
[3.233s] INFO:colcon.colcon_core.shell:Creating environment hook '/home/sunrise/xgo_demo/src/install/doubao_asr/share/doubao_asr/hook/ament_prefix_path.sh'
[3.239s] INFO:colcon.colcon_core.shell:Skip shell extension 'powershell' for command environment: Not usable outside of PowerShell
[3.240s] DEBUG:colcon.colcon_core.shell:Skip shell extension 'dsv' for command environment
[3.276s] INFO:colcon.colcon_ros.task.catkin.build:Building ROS package in '/home/sunrise/xgo_demo/src/xgo_voice_doubao' with build type 'catkin'
[3.277s] INFO:colcon.colcon_cmake.task.cmake.build:Building CMake package in '/home/sunrise/xgo_demo/src/xgo_voice_doubao'
[3.279s] INFO:colcon.colcon_core.shell:Skip shell extension 'powershell' for command environment: Not usable outside of PowerShell
[3.280s] DEBUG:colcon.colcon_core.shell:Skip shell extension 'dsv' for command environment
[5.161s] WARNING:colcon.colcon_ros.task.ament_python.build:Package 'doubao_asr' doesn't explicitly install the 'package.xml' file (colcon-ros currently does it implicitly but that fallback will be removed in the future)
[5.163s] INFO:colcon.colcon_core.task.python.build:Building Python package in '/home/sunrise/xgo_demo/src/doubao_asr'
[5.165s] INFO:colcon.colcon_core.shell:Skip shell extension 'powershell' for command environment: Not usable outside of PowerShell
[5.165s] DEBUG:colcon.colcon_core.shell:Skip shell extension 'dsv' for command environment
[5.201s] DEBUG:colcon.colcon_core.event_handler.log_command:Invoking command in '/home/sunrise/xgo_demo/src/build/xgo_voice_doubao': AMENT_PREFIX_PATH=/home/sunrise/xgo_demo/src/install/xgolib:${AMENT_PREFIX_PATH} CMAKE_PREFIX_PATH=/home/sunrise/xgo_demo/src/install/xgolib:${CMAKE_PREFIX_PATH} LD_LIBRARY_PATH=/home/sunrise/xgo_demo/src/install/xgolib/lib:${LD_LIBRARY_PATH} /usr/bin/cmake /home/sunrise/xgo_demo/src/xgo_voice_doubao -DCATKIN_INSTALL_INTO_PREFIX_ROOT=0 -DCMAKE_INSTALL_PREFIX=/home/sunrise/xgo_demo/src/install/xgo_voice_doubao
[8.299s] DEBUG:colcon.colcon_core.event_handler.log_command:Invoking command in '/home/sunrise/xgo_demo/src/doubao_asr': PYTHONPATH=/home/sunrise/xgo_demo/src/build/doubao_asr/prefix_override:/home/sunrise/.local/lib/python3.10/site-packages/colcon_core/task/python/colcon_distutils_commands:/home/sunrise/xgo_demo/src/install/doubao_asr/lib/python3.10/site-packages:${PYTHONPATH} /usr/bin/python3 -W ignore:setup.py install is deprecated -W ignore:easy_install command is deprecated setup.py egg_info --egg-base ../build/doubao_asr build --build-base /home/sunrise/xgo_demo/src/build/doubao_asr/build install --record /home/sunrise/xgo_demo/src/build/doubao_asr/install.log --single-version-externally-managed install_data
[10.619s] DEBUG:colcon.colcon_core.event_handler.log_command:Invoked command in '/home/sunrise/xgo_demo/src/doubao_asr' returned '0': PYTHONPATH=/home/sunrise/xgo_demo/src/build/doubao_asr/prefix_override:/home/sunrise/.local/lib/python3.10/site-packages/colcon_core/task/python/colcon_distutils_commands:/home/sunrise/xgo_demo/src/install/doubao_asr/lib/python3.10/site-packages:${PYTHONPATH} /usr/bin/python3 -W ignore:setup.py install is deprecated -W ignore:easy_install command is deprecated setup.py egg_info --egg-base ../build/doubao_asr build --build-base /home/sunrise/xgo_demo/src/build/doubao_asr/build install --record /home/sunrise/xgo_demo/src/build/doubao_asr/install.log --single-version-externally-managed install_data
[10.643s] Level 1:colcon.colcon_core.environment:checking '/home/sunrise/xgo_demo/src/install/doubao_asr' for CMake module files
[10.647s] Level 1:colcon.colcon_core.environment:checking '/home/sunrise/xgo_demo/src/install/doubao_asr' for CMake config files
[10.652s] Level 1:colcon.colcon_core.environment:checking '/home/sunrise/xgo_demo/src/install/doubao_asr/lib'
[10.654s] Level 1:colcon.colcon_core.environment:checking '/home/sunrise/xgo_demo/src/install/doubao_asr/bin'
[10.655s] Level 1:colcon.colcon_core.environment:checking '/home/sunrise/xgo_demo/src/install/doubao_asr/lib/pkgconfig/doubao_asr.pc'
[10.657s] Level 1:colcon.colcon_core.environment:checking '/home/sunrise/xgo_demo/src/install/doubao_asr/lib/python3.10/site-packages'
[10.657s] Level 1:colcon.colcon_core.shell:create_environment_hook('doubao_asr', 'pythonpath')
[10.659s] INFO:colcon.colcon_core.shell:Creating environment hook '/home/sunrise/xgo_demo/src/install/doubao_asr/share/doubao_asr/hook/pythonpath.ps1'
[10.662s] INFO:colcon.colcon_core.shell:Creating environment descriptor '/home/sunrise/xgo_demo/src/install/doubao_asr/share/doubao_asr/hook/pythonpath.dsv'
[10.665s] INFO:colcon.colcon_core.shell:Creating environment hook '/home/sunrise/xgo_demo/src/install/doubao_asr/share/doubao_asr/hook/pythonpath.sh'
[10.669s] Level 1:colcon.colcon_core.environment:checking '/home/sunrise/xgo_demo/src/install/doubao_asr/bin'
[10.670s] Level 1:colcon.colcon_core.environment:create_environment_scripts_only(doubao_asr)
[10.672s] INFO:colcon.colcon_core.shell:Creating package script '/home/sunrise/xgo_demo/src/install/doubao_asr/share/doubao_asr/package.ps1'
[10.682s] INFO:colcon.colcon_core.shell:Creating package descriptor '/home/sunrise/xgo_demo/src/install/doubao_asr/share/doubao_asr/package.dsv'
[10.687s] INFO:colcon.colcon_core.shell:Creating package script '/home/sunrise/xgo_demo/src/install/doubao_asr/share/doubao_asr/package.sh'
[10.693s] INFO:colcon.colcon_core.shell:Creating package script '/home/sunrise/xgo_demo/src/install/doubao_asr/share/doubao_asr/package.bash'
[10.700s] INFO:colcon.colcon_core.shell:Creating package script '/home/sunrise/xgo_demo/src/install/doubao_asr/share/doubao_asr/package.zsh'
[10.706s] Level 1:colcon.colcon_core.environment:create_file_with_runtime_dependencies(/home/sunrise/xgo_demo/src/install/doubao_asr/share/colcon-core/packages/doubao_asr)
[13.315s] DEBUG:colcon.colcon_core.event_handler.log_command:Invoked command in '/home/sunrise/xgo_demo/src/build/xgo_voice_doubao' returned '0': AMENT_PREFIX_PATH=/home/sunrise/xgo_demo/src/install/xgolib:${AMENT_PREFIX_PATH} CMAKE_PREFIX_PATH=/home/sunrise/xgo_demo/src/install/xgolib:${CMAKE_PREFIX_PATH} LD_LIBRARY_PATH=/home/sunrise/xgo_demo/src/install/xgolib/lib:${LD_LIBRARY_PATH} /usr/bin/cmake /home/sunrise/xgo_demo/src/xgo_voice_doubao -DCATKIN_INSTALL_INTO_PREFIX_ROOT=0 -DCMAKE_INSTALL_PREFIX=/home/sunrise/xgo_demo/src/install/xgo_voice_doubao
[13.328s] DEBUG:colcon.colcon_core.event_handler.log_command:Invoking command in '/home/sunrise/xgo_demo/src/build/xgo_voice_doubao': AMENT_PREFIX_PATH=/home/sunrise/xgo_demo/src/install/xgolib:${AMENT_PREFIX_PATH} CMAKE_PREFIX_PATH=/home/sunrise/xgo_demo/src/install/xgolib:${CMAKE_PREFIX_PATH} LD_LIBRARY_PATH=/home/sunrise/xgo_demo/src/install/xgolib/lib:${LD_LIBRARY_PATH} /usr/bin/cmake --build /home/sunrise/xgo_demo/src/build/xgo_voice_doubao -- -j4 -l4
[77.596s] DEBUG:colcon.colcon_core.event_handler.log_command:Invoked command in '/home/sunrise/xgo_demo/src/build/xgo_voice_doubao' returned '0': AMENT_PREFIX_PATH=/home/sunrise/xgo_demo/src/install/xgolib:${AMENT_PREFIX_PATH} CMAKE_PREFIX_PATH=/home/sunrise/xgo_demo/src/install/xgolib:${CMAKE_PREFIX_PATH} LD_LIBRARY_PATH=/home/sunrise/xgo_demo/src/install/xgolib/lib:${LD_LIBRARY_PATH} /usr/bin/cmake --build /home/sunrise/xgo_demo/src/build/xgo_voice_doubao -- -j4 -l4
[77.669s] DEBUG:colcon.colcon_core.event_handler.log_command:Invoking command in '/home/sunrise/xgo_demo/src/build/xgo_voice_doubao': AMENT_PREFIX_PATH=/home/sunrise/xgo_demo/src/install/xgolib:${AMENT_PREFIX_PATH} CMAKE_PREFIX_PATH=/home/sunrise/xgo_demo/src/install/xgolib:${CMAKE_PREFIX_PATH} LD_LIBRARY_PATH=/home/sunrise/xgo_demo/src/install/xgolib/lib:${LD_LIBRARY_PATH} /usr/bin/cmake --install /home/sunrise/xgo_demo/src/build/xgo_voice_doubao
[77.755s] DEBUG:colcon.colcon_core.event_handler.log_command:Invoked command in '/home/sunrise/xgo_demo/src/build/xgo_voice_doubao' returned '0': AMENT_PREFIX_PATH=/home/sunrise/xgo_demo/src/install/xgolib:${AMENT_PREFIX_PATH} CMAKE_PREFIX_PATH=/home/sunrise/xgo_demo/src/install/xgolib:${CMAKE_PREFIX_PATH} LD_LIBRARY_PATH=/home/sunrise/xgo_demo/src/install/xgolib/lib:${LD_LIBRARY_PATH} /usr/bin/cmake --install /home/sunrise/xgo_demo/src/build/xgo_voice_doubao
[77.756s] Level 1:colcon.colcon_core.shell:create_environment_hook('xgo_voice_doubao', 'ros_package_path')
[77.769s] INFO:colcon.colcon_core.shell:Creating environment hook '/home/sunrise/xgo_demo/src/install/xgo_voice_doubao/share/xgo_voice_doubao/hook/ros_package_path.ps1'
[77.783s] INFO:colcon.colcon_core.shell:Creating environment descriptor '/home/sunrise/xgo_demo/src/install/xgo_voice_doubao/share/xgo_voice_doubao/hook/ros_package_path.dsv'
[77.791s] INFO:colcon.colcon_core.shell:Creating environment hook '/home/sunrise/xgo_demo/src/install/xgo_voice_doubao/share/xgo_voice_doubao/hook/ros_package_path.sh'
[77.796s] Level 1:colcon.colcon_core.shell:create_environment_hook('xgo_voice_doubao', 'pkg_config_path')
[77.800s] INFO:colcon.colcon_core.shell:Creating environment hook '/home/sunrise/xgo_demo/src/install/xgo_voice_doubao/share/xgo_voice_doubao/hook/pkg_config_path.ps1'
[77.803s] INFO:colcon.colcon_core.shell:Creating environment descriptor '/home/sunrise/xgo_demo/src/install/xgo_voice_doubao/share/xgo_voice_doubao/hook/pkg_config_path.dsv'
[77.805s] INFO:colcon.colcon_core.shell:Creating environment hook '/home/sunrise/xgo_demo/src/install/xgo_voice_doubao/share/xgo_voice_doubao/hook/pkg_config_path.sh'
[77.833s] Level 1:colcon.colcon_core.shell:create_environment_hook('xgo_voice_doubao', 'pkg_config_path_multiarch')
[77.834s] INFO:colcon.colcon_core.shell:Creating environment hook '/home/sunrise/xgo_demo/src/install/xgo_voice_doubao/share/xgo_voice_doubao/hook/pkg_config_path_multiarch.ps1'
[77.837s] INFO:colcon.colcon_core.shell:Creating environment descriptor '/home/sunrise/xgo_demo/src/install/xgo_voice_doubao/share/xgo_voice_doubao/hook/pkg_config_path_multiarch.dsv'
[77.839s] INFO:colcon.colcon_core.shell:Creating environment hook '/home/sunrise/xgo_demo/src/install/xgo_voice_doubao/share/xgo_voice_doubao/hook/pkg_config_path_multiarch.sh'
[77.847s] Level 1:colcon.colcon_core.environment:create_environment_scripts_only(xgo_voice_doubao)
[77.850s] Level 1:colcon.colcon_core.environment:checking '/home/sunrise/xgo_demo/src/install/xgo_voice_doubao' for CMake module files
[77.853s] Level 1:colcon.colcon_core.environment:checking '/home/sunrise/xgo_demo/src/install/xgo_voice_doubao' for CMake config files
[77.855s] Level 1:colcon.colcon_core.shell:create_environment_hook('xgo_voice_doubao', 'cmake_prefix_path')
[77.856s] INFO:colcon.colcon_core.shell:Creating environment hook '/home/sunrise/xgo_demo/src/install/xgo_voice_doubao/share/xgo_voice_doubao/hook/cmake_prefix_path.ps1'
[77.859s] INFO:colcon.colcon_core.shell:Creating environment descriptor '/home/sunrise/xgo_demo/src/install/xgo_voice_doubao/share/xgo_voice_doubao/hook/cmake_prefix_path.dsv'
[77.861s] INFO:colcon.colcon_core.shell:Creating environment hook '/home/sunrise/xgo_demo/src/install/xgo_voice_doubao/share/xgo_voice_doubao/hook/cmake_prefix_path.sh'
[77.870s] Level 1:colcon.colcon_core.environment:checking '/home/sunrise/xgo_demo/src/install/xgo_voice_doubao/lib'
[77.871s] Level 1:colcon.colcon_core.environment:checking '/home/sunrise/xgo_demo/src/install/xgo_voice_doubao/bin'
[77.871s] Level 1:colcon.colcon_core.environment:checking '/home/sunrise/xgo_demo/src/install/xgo_voice_doubao/lib/pkgconfig/xgo_voice_doubao.pc'
[77.875s] Level 1:colcon.colcon_core.environment:checking '/home/sunrise/xgo_demo/src/install/xgo_voice_doubao/lib/python3.10/site-packages'
[77.877s] Level 1:colcon.colcon_core.environment:checking '/home/sunrise/xgo_demo/src/install/xgo_voice_doubao/bin'
[77.880s] INFO:colcon.colcon_core.shell:Creating package script '/home/sunrise/xgo_demo/src/install/xgo_voice_doubao/share/xgo_voice_doubao/package.ps1'
[77.885s] INFO:colcon.colcon_core.shell:Creating package descriptor '/home/sunrise/xgo_demo/src/install/xgo_voice_doubao/share/xgo_voice_doubao/package.dsv'
[77.890s] INFO:colcon.colcon_core.shell:Creating package script '/home/sunrise/xgo_demo/src/install/xgo_voice_doubao/share/xgo_voice_doubao/package.sh'
[77.896s] INFO:colcon.colcon_core.shell:Creating package script '/home/sunrise/xgo_demo/src/install/xgo_voice_doubao/share/xgo_voice_doubao/package.bash'
[77.904s] INFO:colcon.colcon_core.shell:Creating package script '/home/sunrise/xgo_demo/src/install/xgo_voice_doubao/share/xgo_voice_doubao/package.zsh'
[77.908s] Level 1:colcon.colcon_core.environment:create_file_with_runtime_dependencies(/home/sunrise/xgo_demo/src/install/xgo_voice_doubao/share/colcon-core/packages/xgo_voice_doubao)
[77.912s] DEBUG:colcon.colcon_parallel_executor.executor.parallel:closing loop
[77.914s] DEBUG:colcon.colcon_parallel_executor.executor.parallel:loop closed
[77.914s] DEBUG:colcon.colcon_parallel_executor.executor.parallel:run_until_complete finished with '0'
[77.917s] DEBUG:colcon.colcon_core.event_reactor:joining thread
[78.015s] INFO:colcon.colcon_core.plugin_system:Skipping extension 'colcon_notification.desktop_notification.notify_send': Could not find 'notify-send'
[78.016s] INFO:colcon.colcon_core.plugin_system:Skipping extension 'colcon_notification.desktop_notification.terminal_notifier': Not used on non-Darwin systems
[78.016s] INFO:colcon.colcon_core.plugin_system:Skipping extension 'colcon_notification.desktop_notification.win32': Not used on non-Windows systems
[78.016s] INFO:colcon.colcon_notification.desktop_notification:Sending desktop notification using 'notify2'
[78.396s] DEBUG:colcon.colcon_core.event_reactor:joined thread
[78.398s] INFO:colcon.colcon_core.shell:Creating prefix script '/home/sunrise/xgo_demo/src/install/local_setup.ps1'
[78.407s] INFO:colcon.colcon_core.shell:Creating prefix util module '/home/sunrise/xgo_demo/src/install/_local_setup_util_ps1.py'
[78.419s] INFO:colcon.colcon_core.shell:Creating prefix chain script '/home/sunrise/xgo_demo/src/install/setup.ps1'
[78.437s] INFO:colcon.colcon_core.shell:Creating prefix script '/home/sunrise/xgo_demo/src/install/local_setup.sh'
[78.442s] INFO:colcon.colcon_core.shell:Creating prefix util module '/home/sunrise/xgo_demo/src/install/_local_setup_util_sh.py'
[78.446s] INFO:colcon.colcon_core.shell:Creating prefix chain script '/home/sunrise/xgo_demo/src/install/setup.sh'
[78.456s] INFO:colcon.colcon_core.shell:Creating prefix script '/home/sunrise/xgo_demo/src/install/local_setup.bash'
[78.464s] INFO:colcon.colcon_core.shell:Creating prefix chain script '/home/sunrise/xgo_demo/src/install/setup.bash'
[78.473s] INFO:colcon.colcon_core.shell:Creating prefix script '/home/sunrise/xgo_demo/src/install/local_setup.zsh'
[78.479s] INFO:colcon.colcon_core.shell:Creating prefix chain script '/home/sunrise/xgo_demo/src/install/setup.zsh'
