[ 25%] [34m[1mAutomatic MOC and UIC for target lidar_display_node[0m
[ 25%] Built target lidar_display_node_autogen
[35m[1mConsolidate compiler generated dependencies of target lidar_display_node[0m
[ 50%] [32mBuilding CXX object CMakeFiles/lidar_display_node.dir/src/lidar_display_node.cpp.o[0m
[01m[K/home/sunrise/xgo_demo/src/xgo_lidar_display/src/lidar_display_node.cpp:[m[K In member function ‘[01m[Kvoid LidarDisplayNode::visualize_on_screen(sensor_msgs::msg::LaserScan_<std::allocator<void> >::SharedPtr)[m[K’:
[01m[K/home/sunrise/xgo_demo/src/xgo_lidar_display/src/lidar_display_node.cpp:126:75:[m[K [01;35m[Kwarning: [m[Kunused parameter ‘[01m[Kmsg[m[K’ [[01;35m[K-Wunused-parameter[m[K]
  126 |     void visualize_on_screen([01;35m[Kconst sensor_msgs::msg::LaserScan::SharedPtr msg[m[K)
      |                              [01;35m[K~~~~~~~~~~~~~~~~~~~~~~~~~~~~~~~~~~~~~~~~~~~~~^~~[m[K
[ 75%] [32m[1mLinking CXX executable lidar_display_node[0m
[100%] Built target lidar_display_node
-- Install configuration: ""
-- Installing: /home/sunrise/xgo_demo/install/xgo_lidar_display/lib/xgo_lidar_display/lidar_display_node
-- Set runtime path of "/home/sunrise/xgo_demo/install/xgo_lidar_display/lib/xgo_lidar_display/lidar_display_node" to ""
-- Up-to-date: /home/sunrise/xgo_demo/install/xgo_lidar_display/share/xgo_lidar_display//launch
-- Up-to-date: /home/sunrise/xgo_demo/install/xgo_lidar_display/share/xgo_lidar_display//launch/lidar_display_launch.py
-- Up-to-date: /home/sunrise/xgo_demo/install/xgo_lidar_display/share/ament_index/resource_index/package_run_dependencies/xgo_lidar_display
-- Up-to-date: /home/sunrise/xgo_demo/install/xgo_lidar_display/share/ament_index/resource_index/parent_prefix_path/xgo_lidar_display
-- Up-to-date: /home/sunrise/xgo_demo/install/xgo_lidar_display/share/xgo_lidar_display/environment/ament_prefix_path.sh
-- Up-to-date: /home/sunrise/xgo_demo/install/xgo_lidar_display/share/xgo_lidar_display/environment/ament_prefix_path.dsv
-- Up-to-date: /home/sunrise/xgo_demo/install/xgo_lidar_display/share/xgo_lidar_display/environment/path.sh
-- Up-to-date: /home/sunrise/xgo_demo/install/xgo_lidar_display/share/xgo_lidar_display/environment/path.dsv
-- Up-to-date: /home/sunrise/xgo_demo/install/xgo_lidar_display/share/xgo_lidar_display/local_setup.bash
-- Up-to-date: /home/sunrise/xgo_demo/install/xgo_lidar_display/share/xgo_lidar_display/local_setup.sh
-- Up-to-date: /home/sunrise/xgo_demo/install/xgo_lidar_display/share/xgo_lidar_display/local_setup.zsh
-- Up-to-date: /home/sunrise/xgo_demo/install/xgo_lidar_display/share/xgo_lidar_display/local_setup.dsv
-- Installing: /home/sunrise/xgo_demo/install/xgo_lidar_display/share/xgo_lidar_display/package.dsv
-- Up-to-date: /home/sunrise/xgo_demo/install/xgo_lidar_display/share/ament_index/resource_index/packages/xgo_lidar_display
-- Up-to-date: /home/sunrise/xgo_demo/install/xgo_lidar_display/share/xgo_lidar_display/cmake/xgo_lidar_displayConfig.cmake
-- Up-to-date: /home/sunrise/xgo_demo/install/xgo_lidar_display/share/xgo_lidar_display/cmake/xgo_lidar_displayConfig-version.cmake
-- Up-to-date: /home/sunrise/xgo_demo/install/xgo_lidar_display/share/xgo_lidar_display/package.xml
