[0.079s] Invoking command in '/home/sunrise/xgo_demo/build/xgo_lidar_display': CMAKE_PREFIX_PATH=/home/sunrise/xgo_demo/install/xgoscreen:/home/sunrise/xgo_demo/install/xgolib:/home/sunrise/xgo_demo/install/xgo_voice_control:/home/sunrise/xgo_demo/install/xgo_motion:/home/sunrise/xgo_demo/install/xgo_lidar_display:/home/sunrise/xgo_demo/install/xgo_head:/home/sunrise/xgo_demo/install/xgo_device:/home/sunrise/xgo_demo/install/xgo_gesture_control:/home/sunrise/xgo_demo/install/xgo_face_control:/home/sunrise/xgo_demo/install/xgo_body_tracker:/home/sunrise/ydlidar_ros2_ws/install/ydlidar_ros2_driver:/opt/tros/humble:/opt/ros/humble /usr/bin/cmake --build /home/sunrise/xgo_demo/build/xgo_lidar_display -- -j4 -l4
[0.547s] [ 25%] [34m[1mAutomatic MOC and UIC for target lidar_display_node[0m
[0.641s] [ 25%] Built target lidar_display_node_autogen
[0.758s] [35m[1mConsolidate compiler generated dependencies of target lidar_display_node[0m
[1.007s] [ 50%] [32mBuilding CXX object CMakeFiles/lidar_display_node.dir/src/lidar_display_node.cpp.o[0m
[21.588s] [01m[K/home/sunrise/xgo_demo/src/xgo_lidar_display/src/lidar_display_node.cpp:[m[K In member function ‘[01m[Kvoid LidarDisplayNode::visualize_on_screen(sensor_msgs::msg::LaserScan_<std::allocator<void> >::SharedPtr)[m[K’:
[21.597s] [01m[K/home/sunrise/xgo_demo/src/xgo_lidar_display/src/lidar_display_node.cpp:126:75:[m[K [01;35m[Kwarning: [m[Kunused parameter ‘[01m[Kmsg[m[K’ [[01;35m[K-Wunused-parameter[m[K]
[21.598s]   126 |     void visualize_on_screen([01;35m[Kconst sensor_msgs::msg::LaserScan::SharedPtr msg[m[K)
[21.598s]       |                              [01;35m[K~~~~~~~~~~~~~~~~~~~~~~~~~~~~~~~~~~~~~~~~~~~~~^~~[m[K
[85.679s] [ 75%] [32m[1mLinking CXX executable lidar_display_node[0m
[131.012s] [100%] Built target lidar_display_node
[131.175s] Invoked command in '/home/sunrise/xgo_demo/build/xgo_lidar_display' returned '0': CMAKE_PREFIX_PATH=/home/sunrise/xgo_demo/install/xgoscreen:/home/sunrise/xgo_demo/install/xgolib:/home/sunrise/xgo_demo/install/xgo_voice_control:/home/sunrise/xgo_demo/install/xgo_motion:/home/sunrise/xgo_demo/install/xgo_lidar_display:/home/sunrise/xgo_demo/install/xgo_head:/home/sunrise/xgo_demo/install/xgo_device:/home/sunrise/xgo_demo/install/xgo_gesture_control:/home/sunrise/xgo_demo/install/xgo_face_control:/home/sunrise/xgo_demo/install/xgo_body_tracker:/home/sunrise/ydlidar_ros2_ws/install/ydlidar_ros2_driver:/opt/tros/humble:/opt/ros/humble /usr/bin/cmake --build /home/sunrise/xgo_demo/build/xgo_lidar_display -- -j4 -l4
[131.184s] Invoking command in '/home/sunrise/xgo_demo/build/xgo_lidar_display': CMAKE_PREFIX_PATH=/home/sunrise/xgo_demo/install/xgoscreen:/home/sunrise/xgo_demo/install/xgolib:/home/sunrise/xgo_demo/install/xgo_voice_control:/home/sunrise/xgo_demo/install/xgo_motion:/home/sunrise/xgo_demo/install/xgo_lidar_display:/home/sunrise/xgo_demo/install/xgo_head:/home/sunrise/xgo_demo/install/xgo_device:/home/sunrise/xgo_demo/install/xgo_gesture_control:/home/sunrise/xgo_demo/install/xgo_face_control:/home/sunrise/xgo_demo/install/xgo_body_tracker:/home/sunrise/ydlidar_ros2_ws/install/ydlidar_ros2_driver:/opt/tros/humble:/opt/ros/humble /usr/bin/cmake --install /home/sunrise/xgo_demo/build/xgo_lidar_display
[131.211s] -- Install configuration: ""
[131.216s] -- Installing: /home/sunrise/xgo_demo/install/xgo_lidar_display/lib/xgo_lidar_display/lidar_display_node
[131.233s] -- Set runtime path of "/home/sunrise/xgo_demo/install/xgo_lidar_display/lib/xgo_lidar_display/lidar_display_node" to ""
[131.235s] -- Up-to-date: /home/sunrise/xgo_demo/install/xgo_lidar_display/share/xgo_lidar_display//launch
[131.236s] -- Up-to-date: /home/sunrise/xgo_demo/install/xgo_lidar_display/share/xgo_lidar_display//launch/lidar_display_launch.py
[131.239s] -- Up-to-date: /home/sunrise/xgo_demo/install/xgo_lidar_display/share/ament_index/resource_index/package_run_dependencies/xgo_lidar_display
[131.241s] -- Up-to-date: /home/sunrise/xgo_demo/install/xgo_lidar_display/share/ament_index/resource_index/parent_prefix_path/xgo_lidar_display
[131.241s] -- Up-to-date: /home/sunrise/xgo_demo/install/xgo_lidar_display/share/xgo_lidar_display/environment/ament_prefix_path.sh
[131.242s] -- Up-to-date: /home/sunrise/xgo_demo/install/xgo_lidar_display/share/xgo_lidar_display/environment/ament_prefix_path.dsv
[131.243s] -- Up-to-date: /home/sunrise/xgo_demo/install/xgo_lidar_display/share/xgo_lidar_display/environment/path.sh
[131.244s] -- Up-to-date: /home/sunrise/xgo_demo/install/xgo_lidar_display/share/xgo_lidar_display/environment/path.dsv
[131.245s] -- Up-to-date: /home/sunrise/xgo_demo/install/xgo_lidar_display/share/xgo_lidar_display/local_setup.bash
[131.245s] -- Up-to-date: /home/sunrise/xgo_demo/install/xgo_lidar_display/share/xgo_lidar_display/local_setup.sh
[131.246s] -- Up-to-date: /home/sunrise/xgo_demo/install/xgo_lidar_display/share/xgo_lidar_display/local_setup.zsh
[131.247s] -- Up-to-date: /home/sunrise/xgo_demo/install/xgo_lidar_display/share/xgo_lidar_display/local_setup.dsv
[131.247s] -- Installing: /home/sunrise/xgo_demo/install/xgo_lidar_display/share/xgo_lidar_display/package.dsv
[131.248s] -- Up-to-date: /home/sunrise/xgo_demo/install/xgo_lidar_display/share/ament_index/resource_index/packages/xgo_lidar_display
[131.249s] -- Up-to-date: /home/sunrise/xgo_demo/install/xgo_lidar_display/share/xgo_lidar_display/cmake/xgo_lidar_displayConfig.cmake
[131.250s] -- Up-to-date: /home/sunrise/xgo_demo/install/xgo_lidar_display/share/xgo_lidar_display/cmake/xgo_lidar_displayConfig-version.cmake
[131.251s] -- Up-to-date: /home/sunrise/xgo_demo/install/xgo_lidar_display/share/xgo_lidar_display/package.xml
[131.260s] Invoked command in '/home/sunrise/xgo_demo/build/xgo_lidar_display' returned '0': CMAKE_PREFIX_PATH=/home/sunrise/xgo_demo/install/xgoscreen:/home/sunrise/xgo_demo/install/xgolib:/home/sunrise/xgo_demo/install/xgo_voice_control:/home/sunrise/xgo_demo/install/xgo_motion:/home/sunrise/xgo_demo/install/xgo_lidar_display:/home/sunrise/xgo_demo/install/xgo_head:/home/sunrise/xgo_demo/install/xgo_device:/home/sunrise/xgo_demo/install/xgo_gesture_control:/home/sunrise/xgo_demo/install/xgo_face_control:/home/sunrise/xgo_demo/install/xgo_body_tracker:/home/sunrise/ydlidar_ros2_ws/install/ydlidar_ros2_driver:/opt/tros/humble:/opt/ros/humble /usr/bin/cmake --install /home/sunrise/xgo_demo/build/xgo_lidar_display
