-- The C compiler identification is GNU 11.2.0
-- The CXX compiler identification is GNU 11.2.0
-- Detecting C compiler ABI info
-- Detecting C compiler ABI info - done
-- Check for working C compiler: /usr/bin/cc - skipped
-- Detecting C compile features
-- Detecting C compile features - done
-- Detecting CXX compiler ABI info
-- Detecting CXX compiler ABI info - done
-- Check for working CXX compiler: /usr/bin/c++ - skipped
-- Detecting CXX compile features
-- Detecting CXX compile features - done
-- Found ament_cmake: 1.3.11 (/opt/ros/humble/share/ament_cmake/cmake)
-- Found Python3: /usr/bin/python3 (found version "3.10.12") found components: Interpreter 
-- Found rclcpp: 16.0.12 (/opt/ros/humble/share/rclcpp/cmake)
-- Found rosidl_generator_c: 3.1.6 (/opt/ros/humble/share/rosidl_generator_c/cmake)
-- Found rosidl_adapter: 3.1.6 (/opt/ros/humble/share/rosidl_adapter/cmake)
-- Found rosidl_generator_cpp: 3.1.6 (/opt/ros/humble/share/rosidl_generator_cpp/cmake)
-- Using all available rosidl_typesupport_c: rosidl_typesupport_fastrtps_c;rosidl_typesupport_introspection_c
-- Using all available rosidl_typesupport_cpp: rosidl_typesupport_fastrtps_cpp;rosidl_typesupport_introspection_cpp
-- Found rmw_implementation_cmake: 6.1.2 (/opt/ros/humble/share/rmw_implementation_cmake/cmake)
-- Found rmw_fastrtps_cpp: 6.2.7 (/opt/ros/humble/share/rmw_fastrtps_cpp/cmake)
-- Found OpenSSL: /usr/lib/aarch64-linux-gnu/libcrypto.so (found version "3.0.2")  
-- Found FastRTPS: /opt/ros/humble/include  
-- Using RMW implementation 'rmw_fastrtps_cpp' as default
-- Looking for pthread.h
-- Looking for pthread.h - found
-- Performing Test CMAKE_HAVE_LIBC_PTHREAD
-- Performing Test CMAKE_HAVE_LIBC_PTHREAD - Success
-- Found Threads: TRUE  
-- Found ai_msgs: 2.0.1 (/opt/tros/humble/share/ai_msgs/cmake)
-- Found xgolib: 1.0.0 (/home/sunrise/xgo_demo/src/install/xgolib/share/xgolib/cmake)
-- Configuring done
-- Generating done
-- Build files have been written to: /home/sunrise/xgo_demo/src/build/xgo_face_control
[ 50%] [32mBuilding CXX object CMakeFiles/face_node.dir/src/face_node.cpp.o[0m
[100%] [32m[1mLinking CXX executable face_node[0m
[100%] Built target face_node
-- Install configuration: ""
-- Installing: /home/sunrise/xgo_demo/src/install/xgo_face_control/lib/xgo_face_control/face_node
-- Set runtime path of "/home/sunrise/xgo_demo/src/install/xgo_face_control/lib/xgo_face_control/face_node" to ""
-- Installing: /home/sunrise/xgo_demo/src/install/xgo_face_control/share/xgo_face_control/launch
-- Installing: /home/sunrise/xgo_demo/src/install/xgo_face_control/share/xgo_face_control/launch/face.launch.py
-- Installing: /home/sunrise/xgo_demo/src/install/xgo_face_control/share/xgo_face_control/launch/face_with_detection.launch.py
-- Installing: /home/sunrise/xgo_demo/src/install/xgo_face_control/share/ament_index/resource_index/package_run_dependencies/xgo_face_control
-- Installing: /home/sunrise/xgo_demo/src/install/xgo_face_control/share/ament_index/resource_index/parent_prefix_path/xgo_face_control
-- Installing: /home/sunrise/xgo_demo/src/install/xgo_face_control/share/xgo_face_control/environment/ament_prefix_path.sh
-- Installing: /home/sunrise/xgo_demo/src/install/xgo_face_control/share/xgo_face_control/environment/ament_prefix_path.dsv
-- Installing: /home/sunrise/xgo_demo/src/install/xgo_face_control/share/xgo_face_control/environment/path.sh
-- Installing: /home/sunrise/xgo_demo/src/install/xgo_face_control/share/xgo_face_control/environment/path.dsv
-- Installing: /home/sunrise/xgo_demo/src/install/xgo_face_control/share/xgo_face_control/local_setup.bash
-- Installing: /home/sunrise/xgo_demo/src/install/xgo_face_control/share/xgo_face_control/local_setup.sh
-- Installing: /home/sunrise/xgo_demo/src/install/xgo_face_control/share/xgo_face_control/local_setup.zsh
-- Installing: /home/sunrise/xgo_demo/src/install/xgo_face_control/share/xgo_face_control/local_setup.dsv
-- Installing: /home/sunrise/xgo_demo/src/install/xgo_face_control/share/xgo_face_control/package.dsv
-- Installing: /home/sunrise/xgo_demo/src/install/xgo_face_control/share/ament_index/resource_index/packages/xgo_face_control
-- Installing: /home/sunrise/xgo_demo/src/install/xgo_face_control/share/xgo_face_control/cmake/xgo_face_controlConfig.cmake
-- Installing: /home/sunrise/xgo_demo/src/install/xgo_face_control/share/xgo_face_control/cmake/xgo_face_controlConfig-version.cmake
-- Installing: /home/sunrise/xgo_demo/src/install/xgo_face_control/share/xgo_face_control/package.xml
