[0.214s] Invoking command in '/home/sunrise/xgo_demo/src/build/xgo_face_control': AMENT_PREFIX_PATH=/home/sunrise/xgo_demo/src/install/xgolib:${AMENT_PREFIX_PATH} CMAKE_PREFIX_PATH=/home/sunrise/xgo_demo/src/install/xgolib:/home/sunrise/xgo_demo/install/xgo_gesture_control:/home/sunrise/xgo_demo/install/hobot_audio:/home/sunrise/xgo_demo/install/xgo_motion:/home/sunrise/xgo_demo/install/xgo_head:/home/sunrise/xgo_demo/install/xgo_device:/home/sunrise/xgo_demo/install/xgoscreen:/home/sunrise/xgo_demo/install/xgolib:/home/sunrise/xgo_demo/install/xgo_display:/opt/tros/humble:/opt/ros/humble LD_LIBRARY_PATH=/home/sunrise/xgo_demo/src/install/xgolib/lib:${LD_LIBRARY_PATH} /usr/bin/cmake /home/sunrise/xgo_demo/src/xgo_face_control -DCMAKE_INSTALL_PREFIX=/home/sunrise/xgo_demo/src/install/xgo_face_control
[1.052s] -- The C compiler identification is GNU 11.2.0
[1.847s] -- The CXX compiler identification is GNU 11.2.0
[1.918s] -- Detecting C compiler ABI info
[2.755s] -- Detecting C compiler ABI info - done
[2.886s] -- Check for working C compiler: /usr/bin/cc - skipped
[2.888s] -- Detecting C compile features
[2.890s] -- Detecting C compile features - done
[2.930s] -- Detecting CXX compiler ABI info
[3.972s] -- Detecting CXX compiler ABI info - done
[4.087s] -- Check for working CXX compiler: /usr/bin/c++ - skipped
[4.090s] -- Detecting CXX compile features
[4.096s] -- Detecting CXX compile features - done
[4.124s] -- Found ament_cmake: 1.3.11 (/opt/ros/humble/share/ament_cmake/cmake)
[6.884s] -- Found Python3: /usr/bin/python3 (found version "3.10.12") found components: Interpreter 
[8.023s] -- Found rclcpp: 16.0.12 (/opt/ros/humble/share/rclcpp/cmake)
[8.506s] -- Found rosidl_generator_c: 3.1.6 (/opt/ros/humble/share/rosidl_generator_c/cmake)
[8.585s] -- Found rosidl_adapter: 3.1.6 (/opt/ros/humble/share/rosidl_adapter/cmake)
[8.705s] -- Found rosidl_generator_cpp: 3.1.6 (/opt/ros/humble/share/rosidl_generator_cpp/cmake)
[8.880s] -- Using all available rosidl_typesupport_c: rosidl_typesupport_fastrtps_c;rosidl_typesupport_introspection_c
[9.124s] -- Using all available rosidl_typesupport_cpp: rosidl_typesupport_fastrtps_cpp;rosidl_typesupport_introspection_cpp
[9.770s] -- Found rmw_implementation_cmake: 6.1.2 (/opt/ros/humble/share/rmw_implementation_cmake/cmake)
[9.806s] -- Found rmw_fastrtps_cpp: 6.2.7 (/opt/ros/humble/share/rmw_fastrtps_cpp/cmake)
[10.781s] -- Found OpenSSL: /usr/lib/aarch64-linux-gnu/libcrypto.so (found version "3.0.2")  
[11.085s] -- Found FastRTPS: /opt/ros/humble/include  
[11.524s] -- Using RMW implementation 'rmw_fastrtps_cpp' as default
[11.644s] -- Looking for pthread.h
[12.398s] -- Looking for pthread.h - found
[12.402s] -- Performing Test CMAKE_HAVE_LIBC_PTHREAD
[13.627s] -- Performing Test CMAKE_HAVE_LIBC_PTHREAD - Success
[13.640s] -- Found Threads: TRUE  
[14.358s] -- Found ai_msgs: 2.0.1 (/opt/tros/humble/share/ai_msgs/cmake)
[15.073s] -- Found xgolib: 1.0.0 (/home/sunrise/xgo_demo/src/install/xgolib/share/xgolib/cmake)
[15.939s] -- Configuring done
[16.067s] -- Generating done
[16.128s] -- Build files have been written to: /home/sunrise/xgo_demo/src/build/xgo_face_control
[16.314s] Invoked command in '/home/sunrise/xgo_demo/src/build/xgo_face_control' returned '0': AMENT_PREFIX_PATH=/home/sunrise/xgo_demo/src/install/xgolib:${AMENT_PREFIX_PATH} CMAKE_PREFIX_PATH=/home/sunrise/xgo_demo/src/install/xgolib:/home/sunrise/xgo_demo/install/xgo_gesture_control:/home/sunrise/xgo_demo/install/hobot_audio:/home/sunrise/xgo_demo/install/xgo_motion:/home/sunrise/xgo_demo/install/xgo_head:/home/sunrise/xgo_demo/install/xgo_device:/home/sunrise/xgo_demo/install/xgoscreen:/home/sunrise/xgo_demo/install/xgolib:/home/sunrise/xgo_demo/install/xgo_display:/opt/tros/humble:/opt/ros/humble LD_LIBRARY_PATH=/home/sunrise/xgo_demo/src/install/xgolib/lib:${LD_LIBRARY_PATH} /usr/bin/cmake /home/sunrise/xgo_demo/src/xgo_face_control -DCMAKE_INSTALL_PREFIX=/home/sunrise/xgo_demo/src/install/xgo_face_control
[16.338s] Invoking command in '/home/sunrise/xgo_demo/src/build/xgo_face_control': AMENT_PREFIX_PATH=/home/sunrise/xgo_demo/src/install/xgolib:${AMENT_PREFIX_PATH} CMAKE_PREFIX_PATH=/home/sunrise/xgo_demo/src/install/xgolib:/home/sunrise/xgo_demo/install/xgo_gesture_control:/home/sunrise/xgo_demo/install/hobot_audio:/home/sunrise/xgo_demo/install/xgo_motion:/home/sunrise/xgo_demo/install/xgo_head:/home/sunrise/xgo_demo/install/xgo_device:/home/sunrise/xgo_demo/install/xgoscreen:/home/sunrise/xgo_demo/install/xgolib:/home/sunrise/xgo_demo/install/xgo_display:/opt/tros/humble:/opt/ros/humble LD_LIBRARY_PATH=/home/sunrise/xgo_demo/src/install/xgolib/lib:${LD_LIBRARY_PATH} /usr/bin/cmake --build /home/sunrise/xgo_demo/src/build/xgo_face_control -- -j4 -l4
[16.934s] [ 50%] [32mBuilding CXX object CMakeFiles/face_node.dir/src/face_node.cpp.o[0m
[1399.307s] [100%] [32m[1mLinking CXX executable face_node[0m
[1403.493s] [100%] Built target face_node
[1403.670s] Invoked command in '/home/sunrise/xgo_demo/src/build/xgo_face_control' returned '0': AMENT_PREFIX_PATH=/home/sunrise/xgo_demo/src/install/xgolib:${AMENT_PREFIX_PATH} CMAKE_PREFIX_PATH=/home/sunrise/xgo_demo/src/install/xgolib:/home/sunrise/xgo_demo/install/xgo_gesture_control:/home/sunrise/xgo_demo/install/hobot_audio:/home/sunrise/xgo_demo/install/xgo_motion:/home/sunrise/xgo_demo/install/xgo_head:/home/sunrise/xgo_demo/install/xgo_device:/home/sunrise/xgo_demo/install/xgoscreen:/home/sunrise/xgo_demo/install/xgolib:/home/sunrise/xgo_demo/install/xgo_display:/opt/tros/humble:/opt/ros/humble LD_LIBRARY_PATH=/home/sunrise/xgo_demo/src/install/xgolib/lib:${LD_LIBRARY_PATH} /usr/bin/cmake --build /home/sunrise/xgo_demo/src/build/xgo_face_control -- -j4 -l4
[1403.682s] Invoking command in '/home/sunrise/xgo_demo/src/build/xgo_face_control': AMENT_PREFIX_PATH=/home/sunrise/xgo_demo/src/install/xgolib:${AMENT_PREFIX_PATH} CMAKE_PREFIX_PATH=/home/sunrise/xgo_demo/src/install/xgolib:/home/sunrise/xgo_demo/install/xgo_gesture_control:/home/sunrise/xgo_demo/install/hobot_audio:/home/sunrise/xgo_demo/install/xgo_motion:/home/sunrise/xgo_demo/install/xgo_head:/home/sunrise/xgo_demo/install/xgo_device:/home/sunrise/xgo_demo/install/xgoscreen:/home/sunrise/xgo_demo/install/xgolib:/home/sunrise/xgo_demo/install/xgo_display:/opt/tros/humble:/opt/ros/humble LD_LIBRARY_PATH=/home/sunrise/xgo_demo/src/install/xgolib/lib:${LD_LIBRARY_PATH} /usr/bin/cmake --install /home/sunrise/xgo_demo/src/build/xgo_face_control
[1403.714s] -- Install configuration: ""
[1403.715s] -- Installing: /home/sunrise/xgo_demo/src/install/xgo_face_control/lib/xgo_face_control/face_node
[1403.733s] -- Set runtime path of "/home/sunrise/xgo_demo/src/install/xgo_face_control/lib/xgo_face_control/face_node" to ""
[1403.734s] -- Installing: /home/sunrise/xgo_demo/src/install/xgo_face_control/share/xgo_face_control/launch
[1403.735s] -- Installing: /home/sunrise/xgo_demo/src/install/xgo_face_control/share/xgo_face_control/launch/face.launch.py
[1403.736s] -- Installing: /home/sunrise/xgo_demo/src/install/xgo_face_control/share/xgo_face_control/launch/face_with_detection.launch.py
[1403.740s] -- Installing: /home/sunrise/xgo_demo/src/install/xgo_face_control/share/ament_index/resource_index/package_run_dependencies/xgo_face_control
[1403.742s] -- Installing: /home/sunrise/xgo_demo/src/install/xgo_face_control/share/ament_index/resource_index/parent_prefix_path/xgo_face_control
[1403.744s] -- Installing: /home/sunrise/xgo_demo/src/install/xgo_face_control/share/xgo_face_control/environment/ament_prefix_path.sh
[1403.745s] -- Installing: /home/sunrise/xgo_demo/src/install/xgo_face_control/share/xgo_face_control/environment/ament_prefix_path.dsv
[1403.747s] -- Installing: /home/sunrise/xgo_demo/src/install/xgo_face_control/share/xgo_face_control/environment/path.sh
[1403.748s] -- Installing: /home/sunrise/xgo_demo/src/install/xgo_face_control/share/xgo_face_control/environment/path.dsv
[1403.749s] -- Installing: /home/sunrise/xgo_demo/src/install/xgo_face_control/share/xgo_face_control/local_setup.bash
[1403.751s] -- Installing: /home/sunrise/xgo_demo/src/install/xgo_face_control/share/xgo_face_control/local_setup.sh
[1403.752s] -- Installing: /home/sunrise/xgo_demo/src/install/xgo_face_control/share/xgo_face_control/local_setup.zsh
[1403.753s] -- Installing: /home/sunrise/xgo_demo/src/install/xgo_face_control/share/xgo_face_control/local_setup.dsv
[1403.755s] -- Installing: /home/sunrise/xgo_demo/src/install/xgo_face_control/share/xgo_face_control/package.dsv
[1403.757s] -- Installing: /home/sunrise/xgo_demo/src/install/xgo_face_control/share/ament_index/resource_index/packages/xgo_face_control
[1403.758s] -- Installing: /home/sunrise/xgo_demo/src/install/xgo_face_control/share/xgo_face_control/cmake/xgo_face_controlConfig.cmake
[1403.760s] -- Installing: /home/sunrise/xgo_demo/src/install/xgo_face_control/share/xgo_face_control/cmake/xgo_face_controlConfig-version.cmake
[1403.761s] -- Installing: /home/sunrise/xgo_demo/src/install/xgo_face_control/share/xgo_face_control/package.xml
[1403.776s] Invoked command in '/home/sunrise/xgo_demo/src/build/xgo_face_control' returned '0': AMENT_PREFIX_PATH=/home/sunrise/xgo_demo/src/install/xgolib:${AMENT_PREFIX_PATH} CMAKE_PREFIX_PATH=/home/sunrise/xgo_demo/src/install/xgolib:/home/sunrise/xgo_demo/install/xgo_gesture_control:/home/sunrise/xgo_demo/install/hobot_audio:/home/sunrise/xgo_demo/install/xgo_motion:/home/sunrise/xgo_demo/install/xgo_head:/home/sunrise/xgo_demo/install/xgo_device:/home/sunrise/xgo_demo/install/xgoscreen:/home/sunrise/xgo_demo/install/xgolib:/home/sunrise/xgo_demo/install/xgo_display:/opt/tros/humble:/opt/ros/humble LD_LIBRARY_PATH=/home/sunrise/xgo_demo/src/install/xgolib/lib:${LD_LIBRARY_PATH} /usr/bin/cmake --install /home/sunrise/xgo_demo/src/build/xgo_face_control
