[0.071s] Invoking command in '/home/sunrise/xgo_demo/build/xgo_head': CMAKE_PREFIX_PATH=/home/sunrise/xgo_demo/install/xgoscreen:/home/sunrise/xgo_demo/install/xgolib:/home/sunrise/xgo_demo/install/xgo_voice_control:/home/sunrise/xgo_demo/install/xgo_motion:/home/sunrise/xgo_demo/install/xgo_lidar_display:/home/sunrise/xgo_demo/install/xgo_head:/home/sunrise/xgo_demo/install/xgo_device:/home/sunrise/xgo_demo/install/xgo_gesture_control:/home/sunrise/xgo_demo/install/xgo_face_control:/home/sunrise/xgo_demo/install/xgo_body_tracker:/home/sunrise/ydlidar_ros2_ws/install/ydlidar_ros2_driver:/opt/tros/humble:/opt/ros/humble /usr/bin/cmake --build /home/sunrise/xgo_demo/build/xgo_head -- -j4 -l4
[0.267s] [  5%] [34m[1mGenerating ui_mainwindow.h[0m
[0.291s] /home/sunrise/xgo_demo/src/xgo_head/ui/mainwindow.ui: Warning: The name 'layoutWidget' (QWidget) is already in use, defaulting to 'layoutWidget1'.
[0.291s] /home/sunrise/xgo_demo/src/xgo_head/ui/mainwindow.ui: Warning: The name 'layoutWidget' (QWidget) is already in use, defaulting to 'layoutWidget2'.
[0.337s] [35m[1mConsolidate compiler generated dependencies of target xgo_head[0m
[0.538s] [ 10%] [32mBuilding CXX object CMakeFiles/xgo_head.dir/src/mainwindow.cpp.o[0m
[34.969s] [ 15%] [32m[1mLinking CXX executable xgo_head[0m
[49.809s] [100%] Built target xgo_head
[49.851s] Invoked command in '/home/sunrise/xgo_demo/build/xgo_head' returned '0': CMAKE_PREFIX_PATH=/home/sunrise/xgo_demo/install/xgoscreen:/home/sunrise/xgo_demo/install/xgolib:/home/sunrise/xgo_demo/install/xgo_voice_control:/home/sunrise/xgo_demo/install/xgo_motion:/home/sunrise/xgo_demo/install/xgo_lidar_display:/home/sunrise/xgo_demo/install/xgo_head:/home/sunrise/xgo_demo/install/xgo_device:/home/sunrise/xgo_demo/install/xgo_gesture_control:/home/sunrise/xgo_demo/install/xgo_face_control:/home/sunrise/xgo_demo/install/xgo_body_tracker:/home/sunrise/ydlidar_ros2_ws/install/ydlidar_ros2_driver:/opt/tros/humble:/opt/ros/humble /usr/bin/cmake --build /home/sunrise/xgo_demo/build/xgo_head -- -j4 -l4
[49.887s] Invoking command in '/home/sunrise/xgo_demo/build/xgo_head': CMAKE_PREFIX_PATH=/home/sunrise/xgo_demo/install/xgoscreen:/home/sunrise/xgo_demo/install/xgolib:/home/sunrise/xgo_demo/install/xgo_voice_control:/home/sunrise/xgo_demo/install/xgo_motion:/home/sunrise/xgo_demo/install/xgo_lidar_display:/home/sunrise/xgo_demo/install/xgo_head:/home/sunrise/xgo_demo/install/xgo_device:/home/sunrise/xgo_demo/install/xgo_gesture_control:/home/sunrise/xgo_demo/install/xgo_face_control:/home/sunrise/xgo_demo/install/xgo_body_tracker:/home/sunrise/ydlidar_ros2_ws/install/ydlidar_ros2_driver:/opt/tros/humble:/opt/ros/humble /usr/bin/cmake --install /home/sunrise/xgo_demo/build/xgo_head
[49.913s] -- Install configuration: ""
[49.915s] -- Execute custom install script
[49.917s] -- Up-to-date symlink: /home/sunrise/xgo_demo/install/xgo_head/lib/xgo_head/xgo_head
[49.917s] -- Up-to-date symlink: /home/sunrise/xgo_demo/install/xgo_head/share/ament_index/resource_index/package_run_dependencies/xgo_head
[49.918s] -- Up-to-date symlink: /home/sunrise/xgo_demo/install/xgo_head/share/ament_index/resource_index/parent_prefix_path/xgo_head
[49.919s] -- Up-to-date symlink: /home/sunrise/xgo_demo/install/xgo_head/share/xgo_head/environment/ament_prefix_path.sh
[49.920s] -- Up-to-date symlink: /home/sunrise/xgo_demo/install/xgo_head/share/xgo_head/environment/ament_prefix_path.dsv
[49.921s] -- Up-to-date symlink: /home/sunrise/xgo_demo/install/xgo_head/share/xgo_head/environment/path.sh
[49.922s] -- Up-to-date symlink: /home/sunrise/xgo_demo/install/xgo_head/share/xgo_head/environment/path.dsv
[49.923s] -- Up-to-date symlink: /home/sunrise/xgo_demo/install/xgo_head/share/xgo_head/local_setup.bash
[49.924s] -- Up-to-date symlink: /home/sunrise/xgo_demo/install/xgo_head/share/xgo_head/local_setup.sh
[49.925s] -- Up-to-date symlink: /home/sunrise/xgo_demo/install/xgo_head/share/xgo_head/local_setup.zsh
[49.926s] -- Up-to-date symlink: /home/sunrise/xgo_demo/install/xgo_head/share/xgo_head/local_setup.dsv
[49.927s] -- Symlinking: /home/sunrise/xgo_demo/install/xgo_head/share/xgo_head/package.dsv
[49.958s] -- Up-to-date symlink: /home/sunrise/xgo_demo/install/xgo_head/share/ament_index/resource_index/packages/xgo_head
[49.958s] -- Up-to-date symlink: /home/sunrise/xgo_demo/install/xgo_head/share/xgo_head/cmake/ament_cmake_export_dependencies-extras.cmake
[49.959s] -- Up-to-date symlink: /home/sunrise/xgo_demo/install/xgo_head/share/xgo_head/cmake/xgo_headConfig.cmake
[49.960s] -- Up-to-date symlink: /home/sunrise/xgo_demo/install/xgo_head/share/xgo_head/cmake/xgo_headConfig-version.cmake
[49.961s] -- Up-to-date symlink: /home/sunrise/xgo_demo/install/xgo_head/share/xgo_head/package.xml
[49.962s] -- Up-to-date: /home/sunrise/xgo_demo/install/xgo_head/share/xgo_head/launch/
[49.962s] -- Up-to-date: /home/sunrise/xgo_demo/install/xgo_head/share/xgo_head/launch//xgo_complete.launch.py
[49.970s] Invoked command in '/home/sunrise/xgo_demo/build/xgo_head' returned '0': CMAKE_PREFIX_PATH=/home/sunrise/xgo_demo/install/xgoscreen:/home/sunrise/xgo_demo/install/xgolib:/home/sunrise/xgo_demo/install/xgo_voice_control:/home/sunrise/xgo_demo/install/xgo_motion:/home/sunrise/xgo_demo/install/xgo_lidar_display:/home/sunrise/xgo_demo/install/xgo_head:/home/sunrise/xgo_demo/install/xgo_device:/home/sunrise/xgo_demo/install/xgo_gesture_control:/home/sunrise/xgo_demo/install/xgo_face_control:/home/sunrise/xgo_demo/install/xgo_body_tracker:/home/sunrise/ydlidar_ros2_ws/install/ydlidar_ros2_driver:/opt/tros/humble:/opt/ros/humble /usr/bin/cmake --install /home/sunrise/xgo_demo/build/xgo_head
