-- Found ament_cmake: 1.3.11 (/opt/ros/humble/share/ament_cmake/cmake)
-- Found rclcpp: 16.0.12 (/opt/ros/humble/share/rclcpp/cmake)
-- Found rosidl_generator_c: 3.1.6 (/opt/ros/humble/share/rosidl_generator_c/cmake)
-- Found rosidl_adapter: 3.1.6 (/opt/ros/humble/share/rosidl_adapter/cmake)
-- Found rosidl_generator_cpp: 3.1.6 (/opt/ros/humble/share/rosidl_generator_cpp/cmake)
-- Using all available rosidl_typesupport_c: rosidl_typesupport_fastrtps_c;rosidl_typesupport_introspection_c
-- Using all available rosidl_typesupport_cpp: rosidl_typesupport_fastrtps_cpp;rosidl_typesupport_introspection_cpp
-- Found rmw_implementation_cmake: 6.1.2 (/opt/ros/humble/share/rmw_implementation_cmake/cmake)
-- Found rmw_fastrtps_cpp: 6.2.7 (/opt/ros/humble/share/rmw_fastrtps_cpp/cmake)
-- Using RMW implementation 'rmw_fastrtps_cpp' as default
-- Found xgolib: 1.0.0 (/home/sunrise/xgo_demo/install/xgolib/share/xgolib/cmake)
-- Found xgoscreen: 0.0.1 (/home/sunrise/xgo_demo/src/install/xgoscreen/share/xgoscreen/cmake)
-- Configuring done
-- Generating done
-- Build files have been written to: /home/sunrise/xgo_demo/src/build/xgo_device
[35m[1mConsolidate compiler generated dependencies of target device_info_node[0m
[ 50%] [32mBuilding CXX object CMakeFiles/device_info_node.dir/src/device_info_node.cpp.o[0m
[100%] [32m[1mLinking CXX executable device_info_node[0m
[100%] Built target device_info_node
-- Install configuration: ""
-- Installing: /home/sunrise/xgo_demo/src/install/xgo_device/lib/xgo_device/device_info_node
-- Set runtime path of "/home/sunrise/xgo_demo/src/install/xgo_device/lib/xgo_device/device_info_node" to ""
-- Installing: /home/sunrise/xgo_demo/src/install/xgo_device/share/ament_index/resource_index/package_run_dependencies/xgo_device
-- Installing: /home/sunrise/xgo_demo/src/install/xgo_device/share/ament_index/resource_index/parent_prefix_path/xgo_device
-- Up-to-date: /home/sunrise/xgo_demo/src/install/xgo_device/share/xgo_device/environment/ament_prefix_path.sh
-- Installing: /home/sunrise/xgo_demo/src/install/xgo_device/share/xgo_device/environment/ament_prefix_path.dsv
-- Up-to-date: /home/sunrise/xgo_demo/src/install/xgo_device/share/xgo_device/environment/path.sh
-- Installing: /home/sunrise/xgo_demo/src/install/xgo_device/share/xgo_device/environment/path.dsv
-- Up-to-date: /home/sunrise/xgo_demo/src/install/xgo_device/share/xgo_device/local_setup.bash
-- Up-to-date: /home/sunrise/xgo_demo/src/install/xgo_device/share/xgo_device/local_setup.sh
-- Up-to-date: /home/sunrise/xgo_demo/src/install/xgo_device/share/xgo_device/local_setup.zsh
-- Installing: /home/sunrise/xgo_demo/src/install/xgo_device/share/xgo_device/local_setup.dsv
-- Installing: /home/sunrise/xgo_demo/src/install/xgo_device/share/xgo_device/package.dsv
-- Up-to-date: /home/sunrise/xgo_demo/src/install/xgo_device/share/ament_index/resource_index/packages/xgo_device
-- Up-to-date: /home/sunrise/xgo_demo/src/install/xgo_device/share/xgo_device/cmake/xgo_deviceConfig.cmake
-- Up-to-date: /home/sunrise/xgo_demo/src/install/xgo_device/share/xgo_device/cmake/xgo_deviceConfig-version.cmake
-- Installing: /home/sunrise/xgo_demo/src/install/xgo_device/share/xgo_device/package.xml
