[28.010s] Invoking command in '/home/sunrise/xgo_demo/src/build/xgo_device': AMENT_PREFIX_PATH=/home/sunrise/xgo_demo/src/install/xgoscreen:/home/sunrise/xgo_demo/src/install/xgolib:${AMENT_PREFIX_PATH} CMAKE_PREFIX_PATH=/home/sunrise/xgo_demo/src/install/xgoscreen:/home/sunrise/xgo_demo/src/install/xgolib:/home/sunrise/xgo_demo/install/xgo_gesture_control:/home/sunrise/xgo_demo/install/hobot_audio:/home/sunrise/xgo_demo/install/xgo_motion:/home/sunrise/xgo_demo/install/xgo_head:/home/sunrise/xgo_demo/install/xgo_device:/home/sunrise/xgo_demo/install/xgoscreen:/home/sunrise/xgo_demo/install/xgolib:/home/sunrise/xgo_demo/install/xgo_display:/opt/tros/humble:/opt/ros/humble LD_LIBRARY_PATH=/home/sunrise/xgo_demo/src/install/xgoscreen/lib:/home/sunrise/xgo_demo/src/install/xgolib/lib:${LD_LIBRARY_PATH} /usr/bin/cmake --build /home/sunrise/xgo_demo/src/build/xgo_device -- -j4 -l4
[28.890s] -- Found ament_cmake: 1.3.11 (/opt/ros/humble/share/ament_cmake/cmake)
[43.644s] -- Found rclcpp: 16.0.12 (/opt/ros/humble/share/rclcpp/cmake)
[45.515s] -- Found rosidl_generator_c: 3.1.6 (/opt/ros/humble/share/rosidl_generator_c/cmake)
[45.552s] -- Found rosidl_adapter: 3.1.6 (/opt/ros/humble/share/rosidl_adapter/cmake)
[45.705s] -- Found rosidl_generator_cpp: 3.1.6 (/opt/ros/humble/share/rosidl_generator_cpp/cmake)
[48.387s] -- Using all available rosidl_typesupport_c: rosidl_typesupport_fastrtps_c;rosidl_typesupport_introspection_c
[48.388s] -- Using all available rosidl_typesupport_cpp: rosidl_typesupport_fastrtps_cpp;rosidl_typesupport_introspection_cpp
[49.353s] -- Found rmw_implementation_cmake: 6.1.2 (/opt/ros/humble/share/rmw_implementation_cmake/cmake)
[49.376s] -- Found rmw_fastrtps_cpp: 6.2.7 (/opt/ros/humble/share/rmw_fastrtps_cpp/cmake)
[50.943s] -- Using RMW implementation 'rmw_fastrtps_cpp' as default
[52.176s] -- Found xgolib: 1.0.0 (/home/sunrise/xgo_demo/install/xgolib/share/xgolib/cmake)
[52.236s] -- Found xgoscreen: 0.0.1 (/home/sunrise/xgo_demo/src/install/xgoscreen/share/xgoscreen/cmake)
[72.054s] -- Configuring done
[84.551s] -- Generating done
[84.755s] -- Build files have been written to: /home/sunrise/xgo_demo/src/build/xgo_device
[104.990s] [35m[1mConsolidate compiler generated dependencies of target device_info_node[0m
[119.156s] [ 50%] [32mBuilding CXX object CMakeFiles/device_info_node.dir/src/device_info_node.cpp.o[0m
[301.948s] [100%] [32m[1mLinking CXX executable device_info_node[0m
[313.311s] [100%] Built target device_info_node
[315.150s] Invoked command in '/home/sunrise/xgo_demo/src/build/xgo_device' returned '0': AMENT_PREFIX_PATH=/home/sunrise/xgo_demo/src/install/xgoscreen:/home/sunrise/xgo_demo/src/install/xgolib:${AMENT_PREFIX_PATH} CMAKE_PREFIX_PATH=/home/sunrise/xgo_demo/src/install/xgoscreen:/home/sunrise/xgo_demo/src/install/xgolib:/home/sunrise/xgo_demo/install/xgo_gesture_control:/home/sunrise/xgo_demo/install/hobot_audio:/home/sunrise/xgo_demo/install/xgo_motion:/home/sunrise/xgo_demo/install/xgo_head:/home/sunrise/xgo_demo/install/xgo_device:/home/sunrise/xgo_demo/install/xgoscreen:/home/sunrise/xgo_demo/install/xgolib:/home/sunrise/xgo_demo/install/xgo_display:/opt/tros/humble:/opt/ros/humble LD_LIBRARY_PATH=/home/sunrise/xgo_demo/src/install/xgoscreen/lib:/home/sunrise/xgo_demo/src/install/xgolib/lib:${LD_LIBRARY_PATH} /usr/bin/cmake --build /home/sunrise/xgo_demo/src/build/xgo_device -- -j4 -l4
[315.659s] Invoking command in '/home/sunrise/xgo_demo/src/build/xgo_device': AMENT_PREFIX_PATH=/home/sunrise/xgo_demo/src/install/xgoscreen:/home/sunrise/xgo_demo/src/install/xgolib:${AMENT_PREFIX_PATH} CMAKE_PREFIX_PATH=/home/sunrise/xgo_demo/src/install/xgoscreen:/home/sunrise/xgo_demo/src/install/xgolib:/home/sunrise/xgo_demo/install/xgo_gesture_control:/home/sunrise/xgo_demo/install/hobot_audio:/home/sunrise/xgo_demo/install/xgo_motion:/home/sunrise/xgo_demo/install/xgo_head:/home/sunrise/xgo_demo/install/xgo_device:/home/sunrise/xgo_demo/install/xgoscreen:/home/sunrise/xgo_demo/install/xgolib:/home/sunrise/xgo_demo/install/xgo_display:/opt/tros/humble:/opt/ros/humble LD_LIBRARY_PATH=/home/sunrise/xgo_demo/src/install/xgoscreen/lib:/home/sunrise/xgo_demo/src/install/xgolib/lib:${LD_LIBRARY_PATH} /usr/bin/cmake --install /home/sunrise/xgo_demo/src/build/xgo_device
[315.920s] -- Install configuration: ""
[315.933s] -- Installing: /home/sunrise/xgo_demo/src/install/xgo_device/lib/xgo_device/device_info_node
[315.941s] -- Set runtime path of "/home/sunrise/xgo_demo/src/install/xgo_device/lib/xgo_device/device_info_node" to ""
[315.957s] -- Installing: /home/sunrise/xgo_demo/src/install/xgo_device/share/ament_index/resource_index/package_run_dependencies/xgo_device
[315.962s] -- Installing: /home/sunrise/xgo_demo/src/install/xgo_device/share/ament_index/resource_index/parent_prefix_path/xgo_device
[315.992s] -- Up-to-date: /home/sunrise/xgo_demo/src/install/xgo_device/share/xgo_device/environment/ament_prefix_path.sh
[315.993s] -- Installing: /home/sunrise/xgo_demo/src/install/xgo_device/share/xgo_device/environment/ament_prefix_path.dsv
[315.996s] -- Up-to-date: /home/sunrise/xgo_demo/src/install/xgo_device/share/xgo_device/environment/path.sh
[315.996s] -- Installing: /home/sunrise/xgo_demo/src/install/xgo_device/share/xgo_device/environment/path.dsv
[316.006s] -- Up-to-date: /home/sunrise/xgo_demo/src/install/xgo_device/share/xgo_device/local_setup.bash
[316.007s] -- Up-to-date: /home/sunrise/xgo_demo/src/install/xgo_device/share/xgo_device/local_setup.sh
[316.007s] -- Up-to-date: /home/sunrise/xgo_demo/src/install/xgo_device/share/xgo_device/local_setup.zsh
[316.008s] -- Installing: /home/sunrise/xgo_demo/src/install/xgo_device/share/xgo_device/local_setup.dsv
[316.009s] -- Installing: /home/sunrise/xgo_demo/src/install/xgo_device/share/xgo_device/package.dsv
[316.014s] -- Up-to-date: /home/sunrise/xgo_demo/src/install/xgo_device/share/ament_index/resource_index/packages/xgo_device
[316.017s] -- Up-to-date: /home/sunrise/xgo_demo/src/install/xgo_device/share/xgo_device/cmake/xgo_deviceConfig.cmake
[316.017s] -- Up-to-date: /home/sunrise/xgo_demo/src/install/xgo_device/share/xgo_device/cmake/xgo_deviceConfig-version.cmake
[316.019s] -- Installing: /home/sunrise/xgo_demo/src/install/xgo_device/share/xgo_device/package.xml
[316.064s] Invoked command in '/home/sunrise/xgo_demo/src/build/xgo_device' returned '0': AMENT_PREFIX_PATH=/home/sunrise/xgo_demo/src/install/xgoscreen:/home/sunrise/xgo_demo/src/install/xgolib:${AMENT_PREFIX_PATH} CMAKE_PREFIX_PATH=/home/sunrise/xgo_demo/src/install/xgoscreen:/home/sunrise/xgo_demo/src/install/xgolib:/home/sunrise/xgo_demo/install/xgo_gesture_control:/home/sunrise/xgo_demo/install/hobot_audio:/home/sunrise/xgo_demo/install/xgo_motion:/home/sunrise/xgo_demo/install/xgo_head:/home/sunrise/xgo_demo/install/xgo_device:/home/sunrise/xgo_demo/install/xgoscreen:/home/sunrise/xgo_demo/install/xgolib:/home/sunrise/xgo_demo/install/xgo_display:/opt/tros/humble:/opt/ros/humble LD_LIBRARY_PATH=/home/sunrise/xgo_demo/src/install/xgoscreen/lib:/home/sunrise/xgo_demo/src/install/xgolib/lib:${LD_LIBRARY_PATH} /usr/bin/cmake --install /home/sunrise/xgo_demo/src/build/xgo_device
