[0.085s] Invoking command in '/home/sunrise/xgo_demo/build/xgo_body_tracker': CMAKE_PREFIX_PATH=/home/sunrise/xgo_demo/install/xgolib:/home/sunrise/xgo_demo/install/xgo_voice_control:/home/sunrise/xgo_demo/install/xgo_motion:/home/sunrise/xgo_demo/install/xgo_head:/home/sunrise/xgo_demo/install/xgo_device:/home/sunrise/xgo_demo/install/xgoscreen:/home/sunrise/xgo_demo/install/xgo_gesture_control:/home/sunrise/xgo_demo/install/xgo_face_control:/home/sunrise/xgo_demo/install/xgo_body_tracker:/opt/tros/humble:/opt/ros/humble /usr/bin/cmake --build /home/sunrise/xgo_demo/build/xgo_body_tracker -- -j4 -l4
[0.555s] [ 50%] [32mBuilding CXX object CMakeFiles/body_tracker_node.dir/src/body_tracker_node.cpp.o[0m
[55.546s] [100%] [32m[1mLinking CXX executable body_tracker_node[0m
[59.722s] [100%] Built target body_tracker_node
[59.765s] Invoked command in '/home/sunrise/xgo_demo/build/xgo_body_tracker' returned '0': CMAKE_PREFIX_PATH=/home/sunrise/xgo_demo/install/xgolib:/home/sunrise/xgo_demo/install/xgo_voice_control:/home/sunrise/xgo_demo/install/xgo_motion:/home/sunrise/xgo_demo/install/xgo_head:/home/sunrise/xgo_demo/install/xgo_device:/home/sunrise/xgo_demo/install/xgoscreen:/home/sunrise/xgo_demo/install/xgo_gesture_control:/home/sunrise/xgo_demo/install/xgo_face_control:/home/sunrise/xgo_demo/install/xgo_body_tracker:/opt/tros/humble:/opt/ros/humble /usr/bin/cmake --build /home/sunrise/xgo_demo/build/xgo_body_tracker -- -j4 -l4
[59.804s] Invoking command in '/home/sunrise/xgo_demo/build/xgo_body_tracker': CMAKE_PREFIX_PATH=/home/sunrise/xgo_demo/install/xgolib:/home/sunrise/xgo_demo/install/xgo_voice_control:/home/sunrise/xgo_demo/install/xgo_motion:/home/sunrise/xgo_demo/install/xgo_head:/home/sunrise/xgo_demo/install/xgo_device:/home/sunrise/xgo_demo/install/xgoscreen:/home/sunrise/xgo_demo/install/xgo_gesture_control:/home/sunrise/xgo_demo/install/xgo_face_control:/home/sunrise/xgo_demo/install/xgo_body_tracker:/opt/tros/humble:/opt/ros/humble /usr/bin/cmake --install /home/sunrise/xgo_demo/build/xgo_body_tracker
[59.835s] -- Install configuration: ""
[59.843s] -- Installing: /home/sunrise/xgo_demo/install/xgo_body_tracker/lib/xgo_body_tracker/body_tracker_node
[59.861s] -- Set runtime path of "/home/sunrise/xgo_demo/install/xgo_body_tracker/lib/xgo_body_tracker/body_tracker_node" to ""
[59.862s] -- Up-to-date: /home/sunrise/xgo_demo/install/xgo_body_tracker/share/xgo_body_tracker/launch/
[59.863s] -- Up-to-date: /home/sunrise/xgo_demo/install/xgo_body_tracker/share/xgo_body_tracker/launch//body_tracker.launch.py
[59.865s] -- Up-to-date: /home/sunrise/xgo_demo/install/xgo_body_tracker/share/ament_index/resource_index/package_run_dependencies/xgo_body_tracker
[59.866s] -- Up-to-date: /home/sunrise/xgo_demo/install/xgo_body_tracker/share/ament_index/resource_index/parent_prefix_path/xgo_body_tracker
[59.867s] -- Up-to-date: /home/sunrise/xgo_demo/install/xgo_body_tracker/share/xgo_body_tracker/environment/ament_prefix_path.sh
[59.868s] -- Up-to-date: /home/sunrise/xgo_demo/install/xgo_body_tracker/share/xgo_body_tracker/environment/ament_prefix_path.dsv
[59.869s] -- Up-to-date: /home/sunrise/xgo_demo/install/xgo_body_tracker/share/xgo_body_tracker/environment/path.sh
[59.870s] -- Up-to-date: /home/sunrise/xgo_demo/install/xgo_body_tracker/share/xgo_body_tracker/environment/path.dsv
[59.870s] -- Up-to-date: /home/sunrise/xgo_demo/install/xgo_body_tracker/share/xgo_body_tracker/local_setup.bash
[59.871s] -- Up-to-date: /home/sunrise/xgo_demo/install/xgo_body_tracker/share/xgo_body_tracker/local_setup.sh
[59.872s] -- Up-to-date: /home/sunrise/xgo_demo/install/xgo_body_tracker/share/xgo_body_tracker/local_setup.zsh
[59.873s] -- Up-to-date: /home/sunrise/xgo_demo/install/xgo_body_tracker/share/xgo_body_tracker/local_setup.dsv
[59.874s] -- Installing: /home/sunrise/xgo_demo/install/xgo_body_tracker/share/xgo_body_tracker/package.dsv
[59.874s] -- Up-to-date: /home/sunrise/xgo_demo/install/xgo_body_tracker/share/ament_index/resource_index/packages/xgo_body_tracker
[59.874s] -- Up-to-date: /home/sunrise/xgo_demo/install/xgo_body_tracker/share/xgo_body_tracker/cmake/ament_cmake_export_dependencies-extras.cmake
[59.875s] -- Up-to-date: /home/sunrise/xgo_demo/install/xgo_body_tracker/share/xgo_body_tracker/cmake/xgo_body_trackerConfig.cmake
[59.875s] -- Up-to-date: /home/sunrise/xgo_demo/install/xgo_body_tracker/share/xgo_body_tracker/cmake/xgo_body_trackerConfig-version.cmake
[59.876s] -- Up-to-date: /home/sunrise/xgo_demo/install/xgo_body_tracker/share/xgo_body_tracker/package.xml
[59.886s] Invoked command in '/home/sunrise/xgo_demo/build/xgo_body_tracker' returned '0': CMAKE_PREFIX_PATH=/home/sunrise/xgo_demo/install/xgolib:/home/sunrise/xgo_demo/install/xgo_voice_control:/home/sunrise/xgo_demo/install/xgo_motion:/home/sunrise/xgo_demo/install/xgo_head:/home/sunrise/xgo_demo/install/xgo_device:/home/sunrise/xgo_demo/install/xgoscreen:/home/sunrise/xgo_demo/install/xgo_gesture_control:/home/sunrise/xgo_demo/install/xgo_face_control:/home/sunrise/xgo_demo/install/xgo_body_tracker:/opt/tros/humble:/opt/ros/humble /usr/bin/cmake --install /home/sunrise/xgo_demo/build/xgo_body_tracker
