[0.049s] Invoking command in '/home/sunrise/xgo_demo/build/xgo_device': CMAKE_PREFIX_PATH=/home/sunrise/xgo_demo/install/xgoscreen:/home/sunrise/xgo_demo/install/xgolib:/home/sunrise/xgo_demo/install/xgo_voice_control:/home/sunrise/xgo_demo/install/xgo_motion:/home/sunrise/xgo_demo/install/xgo_head:/home/sunrise/xgo_demo/install/xgo_device:/home/sunrise/xgo_demo/install/xgo_gesture_control:/home/sunrise/xgo_demo/install/xgo_face_control:/home/sunrise/xgo_demo/install/xgo_body_tracker:/opt/tros/humble:/opt/ros/humble /usr/bin/cmake --build /home/sunrise/xgo_demo/build/xgo_device -- -j4 -l4
[0.266s] [100%] Built target device_info_node
[0.305s] Invoked command in '/home/sunrise/xgo_demo/build/xgo_device' returned '0': CMAKE_PREFIX_PATH=/home/sunrise/xgo_demo/install/xgoscreen:/home/sunrise/xgo_demo/install/xgolib:/home/sunrise/xgo_demo/install/xgo_voice_control:/home/sunrise/xgo_demo/install/xgo_motion:/home/sunrise/xgo_demo/install/xgo_head:/home/sunrise/xgo_demo/install/xgo_device:/home/sunrise/xgo_demo/install/xgo_gesture_control:/home/sunrise/xgo_demo/install/xgo_face_control:/home/sunrise/xgo_demo/install/xgo_body_tracker:/opt/tros/humble:/opt/ros/humble /usr/bin/cmake --build /home/sunrise/xgo_demo/build/xgo_device -- -j4 -l4
[0.312s] Invoking command in '/home/sunrise/xgo_demo/build/xgo_device': CMAKE_PREFIX_PATH=/home/sunrise/xgo_demo/install/xgoscreen:/home/sunrise/xgo_demo/install/xgolib:/home/sunrise/xgo_demo/install/xgo_voice_control:/home/sunrise/xgo_demo/install/xgo_motion:/home/sunrise/xgo_demo/install/xgo_head:/home/sunrise/xgo_demo/install/xgo_device:/home/sunrise/xgo_demo/install/xgo_gesture_control:/home/sunrise/xgo_demo/install/xgo_face_control:/home/sunrise/xgo_demo/install/xgo_body_tracker:/opt/tros/humble:/opt/ros/humble /usr/bin/cmake --install /home/sunrise/xgo_demo/build/xgo_device
[0.339s] -- Install configuration: ""
[0.341s] -- Execute custom install script
[0.343s] -- Up-to-date symlink: /home/sunrise/xgo_demo/install/xgo_device/lib/xgo_device/device_info_node
[0.345s] -- Up-to-date symlink: /home/sunrise/xgo_demo/install/xgo_device/share/ament_index/resource_index/package_run_dependencies/xgo_device
[0.347s] -- Up-to-date symlink: /home/sunrise/xgo_demo/install/xgo_device/share/ament_index/resource_index/parent_prefix_path/xgo_device
[0.348s] -- Up-to-date symlink: /home/sunrise/xgo_demo/install/xgo_device/share/xgo_device/environment/ament_prefix_path.sh
[0.349s] -- Up-to-date symlink: /home/sunrise/xgo_demo/install/xgo_device/share/xgo_device/environment/ament_prefix_path.dsv
[0.351s] -- Up-to-date symlink: /home/sunrise/xgo_demo/install/xgo_device/share/xgo_device/environment/path.sh
[0.352s] -- Up-to-date symlink: /home/sunrise/xgo_demo/install/xgo_device/share/xgo_device/environment/path.dsv
[0.354s] -- Up-to-date symlink: /home/sunrise/xgo_demo/install/xgo_device/share/xgo_device/local_setup.bash
[0.355s] -- Up-to-date symlink: /home/sunrise/xgo_demo/install/xgo_device/share/xgo_device/local_setup.sh
[0.357s] -- Up-to-date symlink: /home/sunrise/xgo_demo/install/xgo_device/share/xgo_device/local_setup.zsh
[0.358s] -- Up-to-date symlink: /home/sunrise/xgo_demo/install/xgo_device/share/xgo_device/local_setup.dsv
[0.359s] -- Symlinking: /home/sunrise/xgo_demo/install/xgo_device/share/xgo_device/package.dsv
[0.390s] -- Up-to-date symlink: /home/sunrise/xgo_demo/install/xgo_device/share/ament_index/resource_index/packages/xgo_device
[0.391s] -- Up-to-date symlink: /home/sunrise/xgo_demo/install/xgo_device/share/xgo_device/cmake/xgo_deviceConfig.cmake
[0.392s] -- Up-to-date symlink: /home/sunrise/xgo_demo/install/xgo_device/share/xgo_device/cmake/xgo_deviceConfig-version.cmake
[0.393s] -- Up-to-date symlink: /home/sunrise/xgo_demo/install/xgo_device/share/xgo_device/package.xml
[0.403s] Invoked command in '/home/sunrise/xgo_demo/build/xgo_device' returned '0': CMAKE_PREFIX_PATH=/home/sunrise/xgo_demo/install/xgoscreen:/home/sunrise/xgo_demo/install/xgolib:/home/sunrise/xgo_demo/install/xgo_voice_control:/home/sunrise/xgo_demo/install/xgo_motion:/home/sunrise/xgo_demo/install/xgo_head:/home/sunrise/xgo_demo/install/xgo_device:/home/sunrise/xgo_demo/install/xgo_gesture_control:/home/sunrise/xgo_demo/install/xgo_face_control:/home/sunrise/xgo_demo/install/xgo_body_tracker:/opt/tros/humble:/opt/ros/humble /usr/bin/cmake --install /home/sunrise/xgo_demo/build/xgo_device
