[0.071s] Invoking command in '/home/sunrise/xgo_demo/build/xgo_head': CMAKE_PREFIX_PATH=/home/sunrise/xgo_demo/install/xgoscreen:/home/sunrise/xgo_demo/install/xgolib:/home/sunrise/xgo_demo/install/xgo_voice_control:/home/sunrise/xgo_demo/install/xgo_motion:/home/sunrise/xgo_demo/install/xgo_lidar_display:/home/sunrise/xgo_demo/install/xgo_head:/home/sunrise/xgo_demo/install/xgo_device:/home/sunrise/xgo_demo/install/xgo_gesture_control:/home/sunrise/xgo_demo/install/xgo_face_control:/home/sunrise/xgo_demo/install/xgo_body_tracker:/home/sunrise/ydlidar_ros2_ws/install/ydlidar_ros2_driver:/opt/tros/humble:/opt/ros/humble /usr/bin/cmake --build /home/sunrise/xgo_demo/build/xgo_head -- -j4 -l4
[0.176s] -- Found ament_cmake: 1.3.11 (/opt/ros/humble/share/ament_cmake/cmake)
[0.921s] -- Override CMake install command with custom implementation using symlinks instead of copying resources
[0.952s] -- Found std_msgs: 4.8.0 (/opt/ros/humble/share/std_msgs/cmake)
[1.055s] -- Found rosidl_generator_c: 3.1.6 (/opt/ros/humble/share/rosidl_generator_c/cmake)
[1.070s] -- Found rosidl_adapter: 3.1.6 (/opt/ros/humble/share/rosidl_adapter/cmake)
[1.102s] -- Found rosidl_generator_cpp: 3.1.6 (/opt/ros/humble/share/rosidl_generator_cpp/cmake)
[1.160s] -- Using all available rosidl_typesupport_c: rosidl_typesupport_fastrtps_c;rosidl_typesupport_introspection_c
[1.236s] -- Using all available rosidl_typesupport_cpp: rosidl_typesupport_fastrtps_cpp;rosidl_typesupport_introspection_cpp
[1.377s] -- Found rclcpp: 16.0.12 (/opt/ros/humble/share/rclcpp/cmake)
[1.528s] -- Found rmw_implementation_cmake: 6.1.2 (/opt/ros/humble/share/rmw_implementation_cmake/cmake)
[1.537s] -- Found rmw_fastrtps_cpp: 6.2.7 (/opt/ros/humble/share/rmw_fastrtps_cpp/cmake)
[2.136s] -- Using RMW implementation 'rmw_fastrtps_cpp' as default
[2.376s] -- Found sensor_msgs: 4.8.0 (/opt/ros/humble/share/sensor_msgs/cmake)
[2.567s] -- Found ai_msgs: 2.0.1 (/opt/tros/humble/share/ai_msgs/cmake)
[2.682s] -- Found hbm_img_msgs: 2.0.0 (/opt/tros/humble/share/hbm_img_msgs/cmake)
[2.755s] -- Found audio_msg: 2.0.0 (/opt/tros/humble/share/audio_msg/cmake)
[2.938s] -- Found xgolib: 1.0.0 (/home/sunrise/xgo_demo/install/xgolib/share/xgolib/cmake)
[2.949s] -- Found xgoscreen: 0.0.1 (/home/sunrise/xgo_demo/install/xgoscreen/share/xgoscreen/cmake)
[3.484s] -- Configuring done
[3.584s] -- Generating done
[3.615s] -- Build files have been written to: /home/sunrise/xgo_demo/build/xgo_head
[3.736s] [  5%] [34m[1mGenerating qrc_images.cpp[0m
[5.346s] [35m[1mConsolidate compiler generated dependencies of target xgo_head[0m
[5.568s] [ 10%] [32mBuilding CXX object CMakeFiles/xgo_head.dir/src/main.cpp.o[0m
[5.574s] [ 15%] [32mBuilding CXX object CMakeFiles/xgo_head.dir/src/mainwindow.cpp.o[0m
[5.582s] [ 25%] [32mBuilding CXX object CMakeFiles/xgo_head.dir/qrc_images.cpp.o[0m
[5.583s] [ 25%] [32mBuilding CXX object CMakeFiles/xgo_head.dir/include/moc_mainwindow.cpp.o[0m
[163.474s] [ 30%] [32m[1mLinking CXX executable xgo_head[0m
[179.165s] [100%] Built target xgo_head
[179.505s] Invoked command in '/home/sunrise/xgo_demo/build/xgo_head' returned '0': CMAKE_PREFIX_PATH=/home/sunrise/xgo_demo/install/xgoscreen:/home/sunrise/xgo_demo/install/xgolib:/home/sunrise/xgo_demo/install/xgo_voice_control:/home/sunrise/xgo_demo/install/xgo_motion:/home/sunrise/xgo_demo/install/xgo_lidar_display:/home/sunrise/xgo_demo/install/xgo_head:/home/sunrise/xgo_demo/install/xgo_device:/home/sunrise/xgo_demo/install/xgo_gesture_control:/home/sunrise/xgo_demo/install/xgo_face_control:/home/sunrise/xgo_demo/install/xgo_body_tracker:/home/sunrise/ydlidar_ros2_ws/install/ydlidar_ros2_driver:/opt/tros/humble:/opt/ros/humble /usr/bin/cmake --build /home/sunrise/xgo_demo/build/xgo_head -- -j4 -l4
[179.809s] Invoking command in '/home/sunrise/xgo_demo/build/xgo_head': CMAKE_PREFIX_PATH=/home/sunrise/xgo_demo/install/xgoscreen:/home/sunrise/xgo_demo/install/xgolib:/home/sunrise/xgo_demo/install/xgo_voice_control:/home/sunrise/xgo_demo/install/xgo_motion:/home/sunrise/xgo_demo/install/xgo_lidar_display:/home/sunrise/xgo_demo/install/xgo_head:/home/sunrise/xgo_demo/install/xgo_device:/home/sunrise/xgo_demo/install/xgo_gesture_control:/home/sunrise/xgo_demo/install/xgo_face_control:/home/sunrise/xgo_demo/install/xgo_body_tracker:/home/sunrise/ydlidar_ros2_ws/install/ydlidar_ros2_driver:/opt/tros/humble:/opt/ros/humble /usr/bin/cmake --install /home/sunrise/xgo_demo/build/xgo_head
[179.858s] -- Install configuration: ""
[179.859s] -- Execute custom install script
[179.860s] -- Up-to-date symlink: /home/sunrise/xgo_demo/install/xgo_head/lib/xgo_head/xgo_head
[179.865s] -- Up-to-date symlink: /home/sunrise/xgo_demo/install/xgo_head/share/ament_index/resource_index/package_run_dependencies/xgo_head
[179.869s] -- Up-to-date symlink: /home/sunrise/xgo_demo/install/xgo_head/share/ament_index/resource_index/parent_prefix_path/xgo_head
[179.886s] -- Up-to-date symlink: /home/sunrise/xgo_demo/install/xgo_head/share/xgo_head/environment/ament_prefix_path.sh
[179.888s] -- Up-to-date symlink: /home/sunrise/xgo_demo/install/xgo_head/share/xgo_head/environment/ament_prefix_path.dsv
[179.889s] -- Up-to-date symlink: /home/sunrise/xgo_demo/install/xgo_head/share/xgo_head/environment/path.sh
[179.891s] -- Up-to-date symlink: /home/sunrise/xgo_demo/install/xgo_head/share/xgo_head/environment/path.dsv
[179.892s] -- Up-to-date symlink: /home/sunrise/xgo_demo/install/xgo_head/share/xgo_head/local_setup.bash
[179.894s] -- Up-to-date symlink: /home/sunrise/xgo_demo/install/xgo_head/share/xgo_head/local_setup.sh
[179.895s] -- Up-to-date symlink: /home/sunrise/xgo_demo/install/xgo_head/share/xgo_head/local_setup.zsh
[179.896s] -- Up-to-date symlink: /home/sunrise/xgo_demo/install/xgo_head/share/xgo_head/local_setup.dsv
[179.897s] -- Symlinking: /home/sunrise/xgo_demo/install/xgo_head/share/xgo_head/package.dsv
[179.932s] -- Up-to-date symlink: /home/sunrise/xgo_demo/install/xgo_head/share/ament_index/resource_index/packages/xgo_head
[179.934s] -- Up-to-date symlink: /home/sunrise/xgo_demo/install/xgo_head/share/xgo_head/cmake/ament_cmake_export_dependencies-extras.cmake
[179.936s] -- Up-to-date symlink: /home/sunrise/xgo_demo/install/xgo_head/share/xgo_head/cmake/xgo_headConfig.cmake
[179.937s] -- Up-to-date symlink: /home/sunrise/xgo_demo/install/xgo_head/share/xgo_head/cmake/xgo_headConfig-version.cmake
[179.942s] -- Up-to-date symlink: /home/sunrise/xgo_demo/install/xgo_head/share/xgo_head/package.xml
[179.943s] -- Up-to-date: /home/sunrise/xgo_demo/install/xgo_head/share/xgo_head/launch/
[179.944s] -- Up-to-date: /home/sunrise/xgo_demo/install/xgo_head/share/xgo_head/launch//xgo_complete.launch.py
[179.967s] Invoked command in '/home/sunrise/xgo_demo/build/xgo_head' returned '0': CMAKE_PREFIX_PATH=/home/sunrise/xgo_demo/install/xgoscreen:/home/sunrise/xgo_demo/install/xgolib:/home/sunrise/xgo_demo/install/xgo_voice_control:/home/sunrise/xgo_demo/install/xgo_motion:/home/sunrise/xgo_demo/install/xgo_lidar_display:/home/sunrise/xgo_demo/install/xgo_head:/home/sunrise/xgo_demo/install/xgo_device:/home/sunrise/xgo_demo/install/xgo_gesture_control:/home/sunrise/xgo_demo/install/xgo_face_control:/home/sunrise/xgo_demo/install/xgo_body_tracker:/home/sunrise/ydlidar_ros2_ws/install/ydlidar_ros2_driver:/opt/tros/humble:/opt/ros/humble /usr/bin/cmake --install /home/sunrise/xgo_demo/build/xgo_head
